MPLINK 5.09, LINKER
Linker Map File - Created Mon Nov 03 00:36:55 2025

                                 Section Info
                  Section       Type    Address   Location Size(Bytes)
                ---------  ---------  ---------  ---------  ---------
                   .org_0       code   0x000000    program   0x000004
                   .cinit    romdata   0x000004    program   0x000002
                   .org_1       code   0x000008    program   0x0000ec
                    dbgP0       code   0x007dc0    program   0x000240
.config_300001_BUILD/DEFAULT/DEBUG/BASIC.O    romdata   0x300001    program   0x000001
.config_300002_BUILD/DEFAULT/DEBUG/BASIC.O    romdata   0x300002    program   0x000001
.config_300003_BUILD/DEFAULT/DEBUG/BASIC.O    romdata   0x300003    program   0x000001
.config_300005_BUILD/DEFAULT/DEBUG/BASIC.O    romdata   0x300005    program   0x000001
.config_300006_BUILD/DEFAULT/DEBUG/BASIC.O    romdata   0x300006    program   0x000001
.config_300008_BUILD/DEFAULT/DEBUG/BASIC.O    romdata   0x300008    program   0x000001
.config_300009_BUILD/DEFAULT/DEBUG/BASIC.O    romdata   0x300009    program   0x000001
.config_30000A_BUILD/DEFAULT/DEBUG/BASIC.O    romdata   0x30000a    program   0x000001
.config_30000B_BUILD/DEFAULT/DEBUG/BASIC.O    romdata   0x30000b    program   0x000001
.config_30000C_BUILD/DEFAULT/DEBUG/BASIC.O    romdata   0x30000c    program   0x000001
.config_30000D_BUILD/DEFAULT/DEBUG/BASIC.O    romdata   0x30000d    program   0x000001
                    dbgD0      udata   0x0005f4       data   0x00000c



                              Program Memory Usage 
                               Start         End      
                           ---------   ---------      
                            0x000000    0x000005      
                            0x000008    0x0000f3      
                            0x007dc0    0x007fff      
                            0x300001    0x300003      
                            0x300005    0x300006      
                            0x300008    0x30000d      
            829 out of 33048 program addresses used, program memory utilization is 2%



                              Symbols - Sorted by Name
                     Name    Address   Location    Storage File                     
                ---------  ---------  ---------  --------- ---------                
                      DEC   0x00002c    program     static C:\Users\yanpi\MPLABXProjects\Lab07.X\Basic.asm
                      INC   0x000082    program     static C:\Users\yanpi\MPLABXProjects\Lab07.X\Basic.asm
                      ISR   0x000004    program     static C:\Users\yanpi\MPLABXProjects\Lab07.X\Basic.asm
                  Initial   0x00000e    program     static C:\Users\yanpi\MPLABXProjects\Lab07.X\Basic.asm
                   _1LOOP   0x000050    program     static C:\Users\yanpi\MPLABXProjects\Lab07.X\Basic.asm
                   _1QUIT   0x00007c    program     static C:\Users\yanpi\MPLABXProjects\Lab07.X\Basic.asm
                  _2LOOP1   0x00003c    program     static C:\Users\yanpi\MPLABXProjects\Lab07.X\Basic.asm
                  _2LOOP2   0x000038    program     static C:\Users\yanpi\MPLABXProjects\Lab07.X\Basic.asm
                  _3LOOP1   0x000064    program     static C:\Users\yanpi\MPLABXProjects\Lab07.X\Basic.asm
                  _3LOOP2   0x000060    program     static C:\Users\yanpi\MPLABXProjects\Lab07.X\Basic.asm
                   _4EXIT   0x0000d2    program     static C:\Users\yanpi\MPLABXProjects\Lab07.X\Basic.asm
                   _4LOOP   0x0000a6    program     static C:\Users\yanpi\MPLABXProjects\Lab07.X\Basic.asm
                  _5LOOP1   0x000092    program     static C:\Users\yanpi\MPLABXProjects\Lab07.X\Basic.asm
                  _5LOOP2   0x00008e    program     static C:\Users\yanpi\MPLABXProjects\Lab07.X\Basic.asm
                  _6LOOP1   0x0000ba    program     static C:\Users\yanpi\MPLABXProjects\Lab07.X\Basic.asm
                  _6LOOP2   0x0000b6    program     static C:\Users\yanpi\MPLABXProjects\Lab07.X\Basic.asm
                  _7LOOP1   0x0000de    program     static C:\Users\yanpi\MPLABXProjects\Lab07.X\Basic.asm
                  _7LOOP2   0x0000da    program     static C:\Users\yanpi\MPLABXProjects\Lab07.X\Basic.asm
                     main   0x000022    program     static C:\Users\yanpi\MPLABXProjects\Lab07.X\Basic.asm



                              Symbols - Sorted by Address
                     Name    Address   Location    Storage File                     
                ---------  ---------  ---------  --------- ---------                
                      ISR   0x000004    program     static C:\Users\yanpi\MPLABXProjects\Lab07.X\Basic.asm
                  Initial   0x00000e    program     static C:\Users\yanpi\MPLABXProjects\Lab07.X\Basic.asm
                     main   0x000022    program     static C:\Users\yanpi\MPLABXProjects\Lab07.X\Basic.asm
                      DEC   0x00002c    program     static C:\Users\yanpi\MPLABXProjects\Lab07.X\Basic.asm
                  _2LOOP2   0x000038    program     static C:\Users\yanpi\MPLABXProjects\Lab07.X\Basic.asm
                  _2LOOP1   0x00003c    program     static C:\Users\yanpi\MPLABXProjects\Lab07.X\Basic.asm
                   _1LOOP   0x000050    program     static C:\Users\yanpi\MPLABXProjects\Lab07.X\Basic.asm
                  _3LOOP2   0x000060    program     static C:\Users\yanpi\MPLABXProjects\Lab07.X\Basic.asm
                  _3LOOP1   0x000064    program     static C:\Users\yanpi\MPLABXProjects\Lab07.X\Basic.asm
                   _1QUIT   0x00007c    program     static C:\Users\yanpi\MPLABXProjects\Lab07.X\Basic.asm
                      INC   0x000082    program     static C:\Users\yanpi\MPLABXProjects\Lab07.X\Basic.asm
                  _5LOOP2   0x00008e    program     static C:\Users\yanpi\MPLABXProjects\Lab07.X\Basic.asm
                  _5LOOP1   0x000092    program     static C:\Users\yanpi\MPLABXProjects\Lab07.X\Basic.asm
                   _4LOOP   0x0000a6    program     static C:\Users\yanpi\MPLABXProjects\Lab07.X\Basic.asm
                  _6LOOP2   0x0000b6    program     static C:\Users\yanpi\MPLABXProjects\Lab07.X\Basic.asm
                  _6LOOP1   0x0000ba    program     static C:\Users\yanpi\MPLABXProjects\Lab07.X\Basic.asm
                   _4EXIT   0x0000d2    program     static C:\Users\yanpi\MPLABXProjects\Lab07.X\Basic.asm
                  _7LOOP2   0x0000da    program     static C:\Users\yanpi\MPLABXProjects\Lab07.X\Basic.asm
                  _7LOOP1   0x0000de    program     static C:\Users\yanpi\MPLABXProjects\Lab07.X\Basic.asm


