MPLINK 5.09, LINKER
Linker Map File - Created Wed Oct 29 21:24:48 2025

                                 Section Info
                  Section       Type    Address   Location Size(Bytes)
                ---------  ---------  ---------  ---------  ---------
                   .org_0       code   0x000000    program   0x0004ac
                   .cinit    romdata   0x0004ac    program   0x000002
                    dbgP0       code   0x007dc0    program   0x000240
.config_300001_BUILD/DEFAULT/DEBUG/HARD.O    romdata   0x300001    program   0x000001
.config_300003_BUILD/DEFAULT/DEBUG/HARD.O    romdata   0x300003    program   0x000001
.config_300006_BUILD/DEFAULT/DEBUG/HARD.O    romdata   0x300006    program   0x000001
                    dbgD0      udata   0x0005f4       data   0x00000c



                              Program Memory Usage 
                               Start         End      
                           ---------   ---------      
                            0x000000    0x0004ad      
                            0x007dc0    0x007fff      
                            0x300001    0x300001      
                            0x300003    0x300003      
                            0x300006    0x300006      
            1777 out of 33048 program addresses used, program memory utilization is 5%



                              Symbols - Sorted by Name
                     Name    Address   Location    Storage File                     
                ---------  ---------  ---------  --------- ---------                
                    CASE0   0x00004a    program     static C:\Users\yanpi\MPLABXProjects\Lab06.X\Hard.asm
                    CASE1   0x0000a0    program     static C:\Users\yanpi\MPLABXProjects\Lab06.X\Hard.asm
                    CASE2   0x00018a    program     static C:\Users\yanpi\MPLABXProjects\Lab06.X\Hard.asm
                    CLICK   0x000040    program     static C:\Users\yanpi\MPLABXProjects\Lab06.X\Hard.asm
                  _10CONT   0x0001c4    program     static C:\Users\yanpi\MPLABXProjects\Lab06.X\Hard.asm
                 _10LOOP1   0x000196    program     static C:\Users\yanpi\MPLABXProjects\Lab06.X\Hard.asm
                 _10LOOP2   0x000192    program     static C:\Users\yanpi\MPLABXProjects\Lab06.X\Hard.asm
                 _11LOOP1   0x0001ac    program     static C:\Users\yanpi\MPLABXProjects\Lab06.X\Hard.asm
                 _11LOOP2   0x0001a8    program     static C:\Users\yanpi\MPLABXProjects\Lab06.X\Hard.asm
                  _12CONT   0x00020a    program     static C:\Users\yanpi\MPLABXProjects\Lab06.X\Hard.asm
                 _12LOOP1   0x0001dc    program     static C:\Users\yanpi\MPLABXProjects\Lab06.X\Hard.asm
                 _12LOOP2   0x0001d8    program     static C:\Users\yanpi\MPLABXProjects\Lab06.X\Hard.asm
                 _13LOOP1   0x0001f2    program     static C:\Users\yanpi\MPLABXProjects\Lab06.X\Hard.asm
                 _13LOOP2   0x0001ee    program     static C:\Users\yanpi\MPLABXProjects\Lab06.X\Hard.asm
                  _14CONT   0x000254    program     static C:\Users\yanpi\MPLABXProjects\Lab06.X\Hard.asm
                 _14LOOP1   0x000226    program     static C:\Users\yanpi\MPLABXProjects\Lab06.X\Hard.asm
                 _14LOOP2   0x000222    program     static C:\Users\yanpi\MPLABXProjects\Lab06.X\Hard.asm
                 _15LOOP1   0x00023c    program     static C:\Users\yanpi\MPLABXProjects\Lab06.X\Hard.asm
                 _15LOOP2   0x000238    program     static C:\Users\yanpi\MPLABXProjects\Lab06.X\Hard.asm
                  _16CONT   0x00029a    program     static C:\Users\yanpi\MPLABXProjects\Lab06.X\Hard.asm
                 _16LOOP1   0x00026c    program     static C:\Users\yanpi\MPLABXProjects\Lab06.X\Hard.asm
                 _16LOOP2   0x000268    program     static C:\Users\yanpi\MPLABXProjects\Lab06.X\Hard.asm
                 _17LOOP1   0x000282    program     static C:\Users\yanpi\MPLABXProjects\Lab06.X\Hard.asm
                 _17LOOP2   0x00027e    program     static C:\Users\yanpi\MPLABXProjects\Lab06.X\Hard.asm
                  _18CONT   0x0002e4    program     static C:\Users\yanpi\MPLABXProjects\Lab06.X\Hard.asm
                 _18LOOP1   0x0002b6    program     static C:\Users\yanpi\MPLABXProjects\Lab06.X\Hard.asm
                 _18LOOP2   0x0002b2    program     static C:\Users\yanpi\MPLABXProjects\Lab06.X\Hard.asm
                 _19LOOP1   0x0002cc    program     static C:\Users\yanpi\MPLABXProjects\Lab06.X\Hard.asm
                 _19LOOP2   0x0002c8    program     static C:\Users\yanpi\MPLABXProjects\Lab06.X\Hard.asm
                  _1LOOP1   0x000026    program     static C:\Users\yanpi\MPLABXProjects\Lab06.X\Hard.asm
                  _1LOOP2   0x000022    program     static C:\Users\yanpi\MPLABXProjects\Lab06.X\Hard.asm
                  _20CONT   0x00032e    program     static C:\Users\yanpi\MPLABXProjects\Lab06.X\Hard.asm
                 _20LOOP1   0x000300    program     static C:\Users\yanpi\MPLABXProjects\Lab06.X\Hard.asm
                 _20LOOP2   0x0002fc    program     static C:\Users\yanpi\MPLABXProjects\Lab06.X\Hard.asm
                 _21LOOP1   0x000316    program     static C:\Users\yanpi\MPLABXProjects\Lab06.X\Hard.asm
                 _21LOOP2   0x000312    program     static C:\Users\yanpi\MPLABXProjects\Lab06.X\Hard.asm
                  _22CONT   0x000374    program     static C:\Users\yanpi\MPLABXProjects\Lab06.X\Hard.asm
                 _22LOOP1   0x000346    program     static C:\Users\yanpi\MPLABXProjects\Lab06.X\Hard.asm
                 _22LOOP2   0x000342    program     static C:\Users\yanpi\MPLABXProjects\Lab06.X\Hard.asm
                 _23LOOP1   0x00035c    program     static C:\Users\yanpi\MPLABXProjects\Lab06.X\Hard.asm
                 _23LOOP2   0x000358    program     static C:\Users\yanpi\MPLABXProjects\Lab06.X\Hard.asm
                  _24CONT   0x0003be    program     static C:\Users\yanpi\MPLABXProjects\Lab06.X\Hard.asm
                 _24LOOP1   0x000390    program     static C:\Users\yanpi\MPLABXProjects\Lab06.X\Hard.asm
                 _24LOOP2   0x00038c    program     static C:\Users\yanpi\MPLABXProjects\Lab06.X\Hard.asm
                 _25LOOP1   0x0003a6    program     static C:\Users\yanpi\MPLABXProjects\Lab06.X\Hard.asm
                 _25LOOP2   0x0003a2    program     static C:\Users\yanpi\MPLABXProjects\Lab06.X\Hard.asm
                  _26CONT   0x000408    program     static C:\Users\yanpi\MPLABXProjects\Lab06.X\Hard.asm
                 _26LOOP1   0x0003da    program     static C:\Users\yanpi\MPLABXProjects\Lab06.X\Hard.asm
                 _26LOOP2   0x0003d6    program     static C:\Users\yanpi\MPLABXProjects\Lab06.X\Hard.asm
                 _27LOOP1   0x0003f0    program     static C:\Users\yanpi\MPLABXProjects\Lab06.X\Hard.asm
                 _27LOOP2   0x0003ec    program     static C:\Users\yanpi\MPLABXProjects\Lab06.X\Hard.asm
                  _28CONT   0x00044e    program     static C:\Users\yanpi\MPLABXProjects\Lab06.X\Hard.asm
                 _28LOOP1   0x000420    program     static C:\Users\yanpi\MPLABXProjects\Lab06.X\Hard.asm
                 _28LOOP2   0x00041c    program     static C:\Users\yanpi\MPLABXProjects\Lab06.X\Hard.asm
                 _29LOOP1   0x000436    program     static C:\Users\yanpi\MPLABXProjects\Lab06.X\Hard.asm
                 _29LOOP2   0x000432    program     static C:\Users\yanpi\MPLABXProjects\Lab06.X\Hard.asm
                   _2CONT   0x00008c    program     static C:\Users\yanpi\MPLABXProjects\Lab06.X\Hard.asm
                  _2LOOP1   0x00005e    program     static C:\Users\yanpi\MPLABXProjects\Lab06.X\Hard.asm
                  _2LOOP2   0x00005a    program     static C:\Users\yanpi\MPLABXProjects\Lab06.X\Hard.asm
                  _30CONT   0x000498    program     static C:\Users\yanpi\MPLABXProjects\Lab06.X\Hard.asm
                 _30LOOP1   0x00046a    program     static C:\Users\yanpi\MPLABXProjects\Lab06.X\Hard.asm
                 _30LOOP2   0x000466    program     static C:\Users\yanpi\MPLABXProjects\Lab06.X\Hard.asm
                 _31LOOP1   0x000480    program     static C:\Users\yanpi\MPLABXProjects\Lab06.X\Hard.asm
                 _31LOOP2   0x00047c    program     static C:\Users\yanpi\MPLABXProjects\Lab06.X\Hard.asm
                  _3LOOP1   0x000074    program     static C:\Users\yanpi\MPLABXProjects\Lab06.X\Hard.asm
                  _3LOOP2   0x000070    program     static C:\Users\yanpi\MPLABXProjects\Lab06.X\Hard.asm
                   _4CONT   0x0000e2    program     static C:\Users\yanpi\MPLABXProjects\Lab06.X\Hard.asm
                  _4LOOP1   0x0000b4    program     static C:\Users\yanpi\MPLABXProjects\Lab06.X\Hard.asm
                  _4LOOP2   0x0000b0    program     static C:\Users\yanpi\MPLABXProjects\Lab06.X\Hard.asm
                  _5LOOP1   0x0000ca    program     static C:\Users\yanpi\MPLABXProjects\Lab06.X\Hard.asm
                  _5LOOP2   0x0000c6    program     static C:\Users\yanpi\MPLABXProjects\Lab06.X\Hard.asm
                   _6CONT   0x00012c    program     static C:\Users\yanpi\MPLABXProjects\Lab06.X\Hard.asm
                  _6LOOP1   0x0000fe    program     static C:\Users\yanpi\MPLABXProjects\Lab06.X\Hard.asm
                  _6LOOP2   0x0000fa    program     static C:\Users\yanpi\MPLABXProjects\Lab06.X\Hard.asm
                  _7LOOP1   0x000114    program     static C:\Users\yanpi\MPLABXProjects\Lab06.X\Hard.asm
                  _7LOOP2   0x000110    program     static C:\Users\yanpi\MPLABXProjects\Lab06.X\Hard.asm
                   _8CONT   0x000176    program     static C:\Users\yanpi\MPLABXProjects\Lab06.X\Hard.asm
                  _8LOOP1   0x000148    program     static C:\Users\yanpi\MPLABXProjects\Lab06.X\Hard.asm
                  _8LOOP2   0x000144    program     static C:\Users\yanpi\MPLABXProjects\Lab06.X\Hard.asm
                  _9LOOP1   0x00015e    program     static C:\Users\yanpi\MPLABXProjects\Lab06.X\Hard.asm
                  _9LOOP2   0x00015a    program     static C:\Users\yanpi\MPLABXProjects\Lab06.X\Hard.asm
            check_process   0x00001a    program     static C:\Users\yanpi\MPLABXProjects\Lab06.X\Hard.asm
                      int   0x000000    program     static C:\Users\yanpi\MPLABXProjects\Lab06.X\Hard.asm
                    start   0x000000    program     static C:\Users\yanpi\MPLABXProjects\Lab06.X\Hard.asm
             wait_release   0x00003c    program     static C:\Users\yanpi\MPLABXProjects\Lab06.X\Hard.asm



                              Symbols - Sorted by Address
                     Name    Address   Location    Storage File                     
                ---------  ---------  ---------  --------- ---------                
                    start   0x000000    program     static C:\Users\yanpi\MPLABXProjects\Lab06.X\Hard.asm
                      int   0x000000    program     static C:\Users\yanpi\MPLABXProjects\Lab06.X\Hard.asm
            check_process   0x00001a    program     static C:\Users\yanpi\MPLABXProjects\Lab06.X\Hard.asm
                  _1LOOP2   0x000022    program     static C:\Users\yanpi\MPLABXProjects\Lab06.X\Hard.asm
                  _1LOOP1   0x000026    program     static C:\Users\yanpi\MPLABXProjects\Lab06.X\Hard.asm
             wait_release   0x00003c    program     static C:\Users\yanpi\MPLABXProjects\Lab06.X\Hard.asm
                    CLICK   0x000040    program     static C:\Users\yanpi\MPLABXProjects\Lab06.X\Hard.asm
                    CASE0   0x00004a    program     static C:\Users\yanpi\MPLABXProjects\Lab06.X\Hard.asm
                  _2LOOP2   0x00005a    program     static C:\Users\yanpi\MPLABXProjects\Lab06.X\Hard.asm
                  _2LOOP1   0x00005e    program     static C:\Users\yanpi\MPLABXProjects\Lab06.X\Hard.asm
                  _3LOOP2   0x000070    program     static C:\Users\yanpi\MPLABXProjects\Lab06.X\Hard.asm
                  _3LOOP1   0x000074    program     static C:\Users\yanpi\MPLABXProjects\Lab06.X\Hard.asm
                   _2CONT   0x00008c    program     static C:\Users\yanpi\MPLABXProjects\Lab06.X\Hard.asm
                    CASE1   0x0000a0    program     static C:\Users\yanpi\MPLABXProjects\Lab06.X\Hard.asm
                  _4LOOP2   0x0000b0    program     static C:\Users\yanpi\MPLABXProjects\Lab06.X\Hard.asm
                  _4LOOP1   0x0000b4    program     static C:\Users\yanpi\MPLABXProjects\Lab06.X\Hard.asm
                  _5LOOP2   0x0000c6    program     static C:\Users\yanpi\MPLABXProjects\Lab06.X\Hard.asm
                  _5LOOP1   0x0000ca    program     static C:\Users\yanpi\MPLABXProjects\Lab06.X\Hard.asm
                   _4CONT   0x0000e2    program     static C:\Users\yanpi\MPLABXProjects\Lab06.X\Hard.asm
                  _6LOOP2   0x0000fa    program     static C:\Users\yanpi\MPLABXProjects\Lab06.X\Hard.asm
                  _6LOOP1   0x0000fe    program     static C:\Users\yanpi\MPLABXProjects\Lab06.X\Hard.asm
                  _7LOOP2   0x000110    program     static C:\Users\yanpi\MPLABXProjects\Lab06.X\Hard.asm
                  _7LOOP1   0x000114    program     static C:\Users\yanpi\MPLABXProjects\Lab06.X\Hard.asm
                   _6CONT   0x00012c    program     static C:\Users\yanpi\MPLABXProjects\Lab06.X\Hard.asm
                  _8LOOP2   0x000144    program     static C:\Users\yanpi\MPLABXProjects\Lab06.X\Hard.asm
                  _8LOOP1   0x000148    program     static C:\Users\yanpi\MPLABXProjects\Lab06.X\Hard.asm
                  _9LOOP2   0x00015a    program     static C:\Users\yanpi\MPLABXProjects\Lab06.X\Hard.asm
                  _9LOOP1   0x00015e    program     static C:\Users\yanpi\MPLABXProjects\Lab06.X\Hard.asm
                   _8CONT   0x000176    program     static C:\Users\yanpi\MPLABXProjects\Lab06.X\Hard.asm
                    CASE2   0x00018a    program     static C:\Users\yanpi\MPLABXProjects\Lab06.X\Hard.asm
                 _10LOOP2   0x000192    program     static C:\Users\yanpi\MPLABXProjects\Lab06.X\Hard.asm
                 _10LOOP1   0x000196    program     static C:\Users\yanpi\MPLABXProjects\Lab06.X\Hard.asm
                 _11LOOP2   0x0001a8    program     static C:\Users\yanpi\MPLABXProjects\Lab06.X\Hard.asm
                 _11LOOP1   0x0001ac    program     static C:\Users\yanpi\MPLABXProjects\Lab06.X\Hard.asm
                  _10CONT   0x0001c4    program     static C:\Users\yanpi\MPLABXProjects\Lab06.X\Hard.asm
                 _12LOOP2   0x0001d8    program     static C:\Users\yanpi\MPLABXProjects\Lab06.X\Hard.asm
                 _12LOOP1   0x0001dc    program     static C:\Users\yanpi\MPLABXProjects\Lab06.X\Hard.asm
                 _13LOOP2   0x0001ee    program     static C:\Users\yanpi\MPLABXProjects\Lab06.X\Hard.asm
                 _13LOOP1   0x0001f2    program     static C:\Users\yanpi\MPLABXProjects\Lab06.X\Hard.asm
                  _12CONT   0x00020a    program     static C:\Users\yanpi\MPLABXProjects\Lab06.X\Hard.asm
                 _14LOOP2   0x000222    program     static C:\Users\yanpi\MPLABXProjects\Lab06.X\Hard.asm
                 _14LOOP1   0x000226    program     static C:\Users\yanpi\MPLABXProjects\Lab06.X\Hard.asm
                 _15LOOP2   0x000238    program     static C:\Users\yanpi\MPLABXProjects\Lab06.X\Hard.asm
                 _15LOOP1   0x00023c    program     static C:\Users\yanpi\MPLABXProjects\Lab06.X\Hard.asm
                  _14CONT   0x000254    program     static C:\Users\yanpi\MPLABXProjects\Lab06.X\Hard.asm
                 _16LOOP2   0x000268    program     static C:\Users\yanpi\MPLABXProjects\Lab06.X\Hard.asm
                 _16LOOP1   0x00026c    program     static C:\Users\yanpi\MPLABXProjects\Lab06.X\Hard.asm
                 _17LOOP2   0x00027e    program     static C:\Users\yanpi\MPLABXProjects\Lab06.X\Hard.asm
                 _17LOOP1   0x000282    program     static C:\Users\yanpi\MPLABXProjects\Lab06.X\Hard.asm
                  _16CONT   0x00029a    program     static C:\Users\yanpi\MPLABXProjects\Lab06.X\Hard.asm
                 _18LOOP2   0x0002b2    program     static C:\Users\yanpi\MPLABXProjects\Lab06.X\Hard.asm
                 _18LOOP1   0x0002b6    program     static C:\Users\yanpi\MPLABXProjects\Lab06.X\Hard.asm
                 _19LOOP2   0x0002c8    program     static C:\Users\yanpi\MPLABXProjects\Lab06.X\Hard.asm
                 _19LOOP1   0x0002cc    program     static C:\Users\yanpi\MPLABXProjects\Lab06.X\Hard.asm
                  _18CONT   0x0002e4    program     static C:\Users\yanpi\MPLABXProjects\Lab06.X\Hard.asm
                 _20LOOP2   0x0002fc    program     static C:\Users\yanpi\MPLABXProjects\Lab06.X\Hard.asm
                 _20LOOP1   0x000300    program     static C:\Users\yanpi\MPLABXProjects\Lab06.X\Hard.asm
                 _21LOOP2   0x000312    program     static C:\Users\yanpi\MPLABXProjects\Lab06.X\Hard.asm
                 _21LOOP1   0x000316    program     static C:\Users\yanpi\MPLABXProjects\Lab06.X\Hard.asm
                  _20CONT   0x00032e    program     static C:\Users\yanpi\MPLABXProjects\Lab06.X\Hard.asm
                 _22LOOP2   0x000342    program     static C:\Users\yanpi\MPLABXProjects\Lab06.X\Hard.asm
                 _22LOOP1   0x000346    program     static C:\Users\yanpi\MPLABXProjects\Lab06.X\Hard.asm
                 _23LOOP2   0x000358    program     static C:\Users\yanpi\MPLABXProjects\Lab06.X\Hard.asm
                 _23LOOP1   0x00035c    program     static C:\Users\yanpi\MPLABXProjects\Lab06.X\Hard.asm
                  _22CONT   0x000374    program     static C:\Users\yanpi\MPLABXProjects\Lab06.X\Hard.asm
                 _24LOOP2   0x00038c    program     static C:\Users\yanpi\MPLABXProjects\Lab06.X\Hard.asm
                 _24LOOP1   0x000390    program     static C:\Users\yanpi\MPLABXProjects\Lab06.X\Hard.asm
                 _25LOOP2   0x0003a2    program     static C:\Users\yanpi\MPLABXProjects\Lab06.X\Hard.asm
                 _25LOOP1   0x0003a6    program     static C:\Users\yanpi\MPLABXProjects\Lab06.X\Hard.asm
                  _24CONT   0x0003be    program     static C:\Users\yanpi\MPLABXProjects\Lab06.X\Hard.asm
                 _26LOOP2   0x0003d6    program     static C:\Users\yanpi\MPLABXProjects\Lab06.X\Hard.asm
                 _26LOOP1   0x0003da    program     static C:\Users\yanpi\MPLABXProjects\Lab06.X\Hard.asm
                 _27LOOP2   0x0003ec    program     static C:\Users\yanpi\MPLABXProjects\Lab06.X\Hard.asm
                 _27LOOP1   0x0003f0    program     static C:\Users\yanpi\MPLABXProjects\Lab06.X\Hard.asm
                  _26CONT   0x000408    program     static C:\Users\yanpi\MPLABXProjects\Lab06.X\Hard.asm
                 _28LOOP2   0x00041c    program     static C:\Users\yanpi\MPLABXProjects\Lab06.X\Hard.asm
                 _28LOOP1   0x000420    program     static C:\Users\yanpi\MPLABXProjects\Lab06.X\Hard.asm
                 _29LOOP2   0x000432    program     static C:\Users\yanpi\MPLABXProjects\Lab06.X\Hard.asm
                 _29LOOP1   0x000436    program     static C:\Users\yanpi\MPLABXProjects\Lab06.X\Hard.asm
                  _28CONT   0x00044e    program     static C:\Users\yanpi\MPLABXProjects\Lab06.X\Hard.asm
                 _30LOOP2   0x000466    program     static C:\Users\yanpi\MPLABXProjects\Lab06.X\Hard.asm
                 _30LOOP1   0x00046a    program     static C:\Users\yanpi\MPLABXProjects\Lab06.X\Hard.asm
                 _31LOOP2   0x00047c    program     static C:\Users\yanpi\MPLABXProjects\Lab06.X\Hard.asm
                 _31LOOP1   0x000480    program     static C:\Users\yanpi\MPLABXProjects\Lab06.X\Hard.asm
                  _30CONT   0x000498    program     static C:\Users\yanpi\MPLABXProjects\Lab06.X\Hard.asm


