Warning[207] C:\USERS\YANPI\MPLABXPROJECTS\LAB07.X\BASIC.ASM 58 : Found label after column 1. (L1)
Warning[207] C:\USERS\YANPI\MPLABXPROJECTS\LAB07.X\BASIC.ASM 59 : Found label after column 1. (L2)
Warning[207] C:\USERS\YANPI\MPLABXPROJECTS\LAB07.X\BASIC.ASM 60 : Found label after column 1. (STATE)
Warning[207] C:\USERS\YANPI\MPLABXPROJECTS\LAB07.X\BASIC.ASM 61 : Found label after column 1. (COUNTER)
Warning[205] C:\USERS\YANPI\MPLABXPROJECTS\LAB07.X\BASIC.ASM 83 : Found directive in column 1. (endm)
Warning[205] C:\USERS\YANPI\MPLABXPROJECTS\LAB07.X\BASIC.ASM 106 : Found directive in column 1. (endm)
Warning[205] C:\USERS\YANPI\MPLABXPROJECTS\LAB07.X\BASIC.ASM 128 : Found directive in column 1. (endm)
Warning[203] C:\USERS\YANPI\MPLABXPROJECTS\LAB07.X\BASIC.ASM 130 : Found opcode in column 1. (goto)
Warning[207] C:\USERS\YANPI\MPLABXPROJECTS\LAB07.X\BASIC.ASM 69 : Found label after column 1. (LOOP2)
Warning[202] C:\USERS\YANPI\MPLABXPROJECTS\LAB07.X\BASIC.ASM 70 : Argument out of range.  Least significant bits used.
Warning[207] C:\USERS\YANPI\MPLABXPROJECTS\LAB07.X\BASIC.ASM 72 : Found label after column 1. (LOOP1)
Warning[207] C:\USERS\YANPI\MPLABXPROJECTS\LAB07.X\BASIC.ASM 116 : Found label after column 1. (LOOP)
Warning[207] C:\USERS\YANPI\MPLABXPROJECTS\LAB07.X\BASIC.ASM 69 : Found label after column 1. (LOOP2)
Warning[202] C:\USERS\YANPI\MPLABXPROJECTS\LAB07.X\BASIC.ASM 70 : Argument out of range.  Least significant bits used.
Warning[207] C:\USERS\YANPI\MPLABXPROJECTS\LAB07.X\BASIC.ASM 72 : Found label after column 1. (LOOP1)
Warning[207] C:\USERS\YANPI\MPLABXPROJECTS\LAB07.X\BASIC.ASM 125 : Found label after column 1. (QUIT)
Warning[207] C:\USERS\YANPI\MPLABXPROJECTS\LAB07.X\BASIC.ASM 69 : Found label after column 1. (LOOP2)
Warning[202] C:\USERS\YANPI\MPLABXPROJECTS\LAB07.X\BASIC.ASM 70 : Argument out of range.  Least significant bits used.
Warning[207] C:\USERS\YANPI\MPLABXPROJECTS\LAB07.X\BASIC.ASM 72 : Found label after column 1. (LOOP1)
Warning[207] C:\USERS\YANPI\MPLABXPROJECTS\LAB07.X\BASIC.ASM 93 : Found label after column 1. (LOOP)
Warning[207] C:\USERS\YANPI\MPLABXPROJECTS\LAB07.X\BASIC.ASM 69 : Found label after column 1. (LOOP2)
Warning[202] C:\USERS\YANPI\MPLABXPROJECTS\LAB07.X\BASIC.ASM 70 : Argument out of range.  Least significant bits used.
Warning[207] C:\USERS\YANPI\MPLABXPROJECTS\LAB07.X\BASIC.ASM 72 : Found label after column 1. (LOOP1)
Warning[207] C:\USERS\YANPI\MPLABXPROJECTS\LAB07.X\BASIC.ASM 102 : Found label after column 1. (EXIT)
Warning[207] C:\USERS\YANPI\MPLABXPROJECTS\LAB07.X\BASIC.ASM 69 : Found label after column 1. (LOOP2)
Warning[202] C:\USERS\YANPI\MPLABXPROJECTS\LAB07.X\BASIC.ASM 70 : Argument out of range.  Least significant bits used.
Warning[207] C:\USERS\YANPI\MPLABXPROJECTS\LAB07.X\BASIC.ASM 72 : Found label after column 1. (LOOP1)
Warning[205] C:\USERS\YANPI\MPLABXPROJECTS\LAB07.X\BASIC.ASM 160 : Found directive in column 1. (end)
