Warning[205] C:\USERS\YANPI\MPLABXPROJECTS\LAB06.X\HARD.ASM 1 : Found directive in column 1. (LIST)
Warning[207] C:\USERS\YANPI\MPLABXPROJECTS\LAB06.X\HARD.ASM 8 : Found label after column 1. (L1)
Warning[207] C:\USERS\YANPI\MPLABXPROJECTS\LAB06.X\HARD.ASM 9 : Found label after column 1. (L2)
Warning[207] C:\USERS\YANPI\MPLABXPROJECTS\LAB06.X\HARD.ASM 10 : Found label after column 1. (L3)
Warning[207] C:\USERS\YANPI\MPLABXPROJECTS\LAB06.X\HARD.ASM 11 : Found label after column 1. (L4)
Warning[207] C:\USERS\YANPI\MPLABXPROJECTS\LAB06.X\HARD.ASM 19 : Found label after column 1. (DELAY_CUSTOM)
Warning[207] C:\USERS\YANPI\MPLABXPROJECTS\LAB06.X\HARD.ASM 47 : Found label after column 1. (delay)
Warning[207] C:\USERS\YANPI\MPLABXPROJECTS\LAB06.X\HARD.ASM 28 : Found label after column 1. (LOOP2)
Warning[207] C:\USERS\YANPI\MPLABXPROJECTS\LAB06.X\HARD.ASM 33 : Found label after column 1. (LOOP1)
Warning[207] C:\USERS\YANPI\MPLABXPROJECTS\LAB06.X\HARD.ASM 55 : Found label after column 1. (LOOP2)
Warning[207] C:\USERS\YANPI\MPLABXPROJECTS\LAB06.X\HARD.ASM 59 : Found label after column 1. (LOOP1)
Warning[207] C:\USERS\YANPI\MPLABXPROJECTS\LAB06.X\HARD.ASM 28 : Found label after column 1. (LOOP2)
Warning[207] C:\USERS\YANPI\MPLABXPROJECTS\LAB06.X\HARD.ASM 33 : Found label after column 1. (LOOP1)
Warning[207] C:\USERS\YANPI\MPLABXPROJECTS\LAB06.X\HARD.ASM 71 : Found label after column 1. (CONT)
Warning[207] C:\USERS\YANPI\MPLABXPROJECTS\LAB06.X\HARD.ASM 55 : Found label after column 1. (LOOP2)
Warning[207] C:\USERS\YANPI\MPLABXPROJECTS\LAB06.X\HARD.ASM 59 : Found label after column 1. (LOOP1)
Warning[207] C:\USERS\YANPI\MPLABXPROJECTS\LAB06.X\HARD.ASM 28 : Found label after column 1. (LOOP2)
Warning[207] C:\USERS\YANPI\MPLABXPROJECTS\LAB06.X\HARD.ASM 33 : Found label after column 1. (LOOP1)
Warning[207] C:\USERS\YANPI\MPLABXPROJECTS\LAB06.X\HARD.ASM 71 : Found label after column 1. (CONT)
Warning[207] C:\USERS\YANPI\MPLABXPROJECTS\LAB06.X\HARD.ASM 55 : Found label after column 1. (LOOP2)
Warning[207] C:\USERS\YANPI\MPLABXPROJECTS\LAB06.X\HARD.ASM 59 : Found label after column 1. (LOOP1)
Warning[207] C:\USERS\YANPI\MPLABXPROJECTS\LAB06.X\HARD.ASM 28 : Found label after column 1. (LOOP2)
Warning[207] C:\USERS\YANPI\MPLABXPROJECTS\LAB06.X\HARD.ASM 33 : Found label after column 1. (LOOP1)
Warning[207] C:\USERS\YANPI\MPLABXPROJECTS\LAB06.X\HARD.ASM 71 : Found label after column 1. (CONT)
Warning[207] C:\USERS\YANPI\MPLABXPROJECTS\LAB06.X\HARD.ASM 55 : Found label after column 1. (LOOP2)
Warning[207] C:\USERS\YANPI\MPLABXPROJECTS\LAB06.X\HARD.ASM 59 : Found label after column 1. (LOOP1)
Warning[207] C:\USERS\YANPI\MPLABXPROJECTS\LAB06.X\HARD.ASM 28 : Found label after column 1. (LOOP2)
Warning[207] C:\USERS\YANPI\MPLABXPROJECTS\LAB06.X\HARD.ASM 33 : Found label after column 1. (LOOP1)
Warning[207] C:\USERS\YANPI\MPLABXPROJECTS\LAB06.X\HARD.ASM 71 : Found label after column 1. (CONT)
Warning[207] C:\USERS\YANPI\MPLABXPROJECTS\LAB06.X\HARD.ASM 55 : Found label after column 1. (LOOP2)
Warning[207] C:\USERS\YANPI\MPLABXPROJECTS\LAB06.X\HARD.ASM 59 : Found label after column 1. (LOOP1)
Warning[207] C:\USERS\YANPI\MPLABXPROJECTS\LAB06.X\HARD.ASM 28 : Found label after column 1. (LOOP2)
Warning[207] C:\USERS\YANPI\MPLABXPROJECTS\LAB06.X\HARD.ASM 33 : Found label after column 1. (LOOP1)
Warning[207] C:\USERS\YANPI\MPLABXPROJECTS\LAB06.X\HARD.ASM 71 : Found label after column 1. (CONT)
Warning[207] C:\USERS\YANPI\MPLABXPROJECTS\LAB06.X\HARD.ASM 55 : Found label after column 1. (LOOP2)
Warning[207] C:\USERS\YANPI\MPLABXPROJECTS\LAB06.X\HARD.ASM 59 : Found label after column 1. (LOOP1)
Warning[207] C:\USERS\YANPI\MPLABXPROJECTS\LAB06.X\HARD.ASM 28 : Found label after column 1. (LOOP2)
Warning[207] C:\USERS\YANPI\MPLABXPROJECTS\LAB06.X\HARD.ASM 33 : Found label after column 1. (LOOP1)
Warning[207] C:\USERS\YANPI\MPLABXPROJECTS\LAB06.X\HARD.ASM 71 : Found label after column 1. (CONT)
Warning[207] C:\USERS\YANPI\MPLABXPROJECTS\LAB06.X\HARD.ASM 55 : Found label after column 1. (LOOP2)
Warning[207] C:\USERS\YANPI\MPLABXPROJECTS\LAB06.X\HARD.ASM 59 : Found label after column 1. (LOOP1)
Warning[207] C:\USERS\YANPI\MPLABXPROJECTS\LAB06.X\HARD.ASM 28 : Found label after column 1. (LOOP2)
Warning[207] C:\USERS\YANPI\MPLABXPROJECTS\LAB06.X\HARD.ASM 33 : Found label after column 1. (LOOP1)
Warning[207] C:\USERS\YANPI\MPLABXPROJECTS\LAB06.X\HARD.ASM 71 : Found label after column 1. (CONT)
Warning[207] C:\USERS\YANPI\MPLABXPROJECTS\LAB06.X\HARD.ASM 55 : Found label after column 1. (LOOP2)
Warning[207] C:\USERS\YANPI\MPLABXPROJECTS\LAB06.X\HARD.ASM 59 : Found label after column 1. (LOOP1)
Warning[207] C:\USERS\YANPI\MPLABXPROJECTS\LAB06.X\HARD.ASM 28 : Found label after column 1. (LOOP2)
Warning[207] C:\USERS\YANPI\MPLABXPROJECTS\LAB06.X\HARD.ASM 33 : Found label after column 1. (LOOP1)
Warning[207] C:\USERS\YANPI\MPLABXPROJECTS\LAB06.X\HARD.ASM 71 : Found label after column 1. (CONT)
Warning[207] C:\USERS\YANPI\MPLABXPROJECTS\LAB06.X\HARD.ASM 55 : Found label after column 1. (LOOP2)
Warning[207] C:\USERS\YANPI\MPLABXPROJECTS\LAB06.X\HARD.ASM 59 : Found label after column 1. (LOOP1)
Warning[207] C:\USERS\YANPI\MPLABXPROJECTS\LAB06.X\HARD.ASM 28 : Found label after column 1. (LOOP2)
Warning[207] C:\USERS\YANPI\MPLABXPROJECTS\LAB06.X\HARD.ASM 33 : Found label after column 1. (LOOP1)
Warning[207] C:\USERS\YANPI\MPLABXPROJECTS\LAB06.X\HARD.ASM 71 : Found label after column 1. (CONT)
Warning[207] C:\USERS\YANPI\MPLABXPROJECTS\LAB06.X\HARD.ASM 55 : Found label after column 1. (LOOP2)
Warning[207] C:\USERS\YANPI\MPLABXPROJECTS\LAB06.X\HARD.ASM 59 : Found label after column 1. (LOOP1)
Warning[207] C:\USERS\YANPI\MPLABXPROJECTS\LAB06.X\HARD.ASM 28 : Found label after column 1. (LOOP2)
Warning[207] C:\USERS\YANPI\MPLABXPROJECTS\LAB06.X\HARD.ASM 33 : Found label after column 1. (LOOP1)
Warning[207] C:\USERS\YANPI\MPLABXPROJECTS\LAB06.X\HARD.ASM 71 : Found label after column 1. (CONT)
Warning[207] C:\USERS\YANPI\MPLABXPROJECTS\LAB06.X\HARD.ASM 55 : Found label after column 1. (LOOP2)
Warning[207] C:\USERS\YANPI\MPLABXPROJECTS\LAB06.X\HARD.ASM 59 : Found label after column 1. (LOOP1)
Warning[207] C:\USERS\YANPI\MPLABXPROJECTS\LAB06.X\HARD.ASM 28 : Found label after column 1. (LOOP2)
Warning[207] C:\USERS\YANPI\MPLABXPROJECTS\LAB06.X\HARD.ASM 33 : Found label after column 1. (LOOP1)
Warning[207] C:\USERS\YANPI\MPLABXPROJECTS\LAB06.X\HARD.ASM 71 : Found label after column 1. (CONT)
Warning[207] C:\USERS\YANPI\MPLABXPROJECTS\LAB06.X\HARD.ASM 55 : Found label after column 1. (LOOP2)
Warning[207] C:\USERS\YANPI\MPLABXPROJECTS\LAB06.X\HARD.ASM 59 : Found label after column 1. (LOOP1)
Warning[207] C:\USERS\YANPI\MPLABXPROJECTS\LAB06.X\HARD.ASM 28 : Found label after column 1. (LOOP2)
Warning[207] C:\USERS\YANPI\MPLABXPROJECTS\LAB06.X\HARD.ASM 33 : Found label after column 1. (LOOP1)
Warning[207] C:\USERS\YANPI\MPLABXPROJECTS\LAB06.X\HARD.ASM 71 : Found label after column 1. (CONT)
Warning[207] C:\USERS\YANPI\MPLABXPROJECTS\LAB06.X\HARD.ASM 55 : Found label after column 1. (LOOP2)
Warning[207] C:\USERS\YANPI\MPLABXPROJECTS\LAB06.X\HARD.ASM 59 : Found label after column 1. (LOOP1)
Warning[207] C:\USERS\YANPI\MPLABXPROJECTS\LAB06.X\HARD.ASM 28 : Found label after column 1. (LOOP2)
Warning[207] C:\USERS\YANPI\MPLABXPROJECTS\LAB06.X\HARD.ASM 33 : Found label after column 1. (LOOP1)
Warning[207] C:\USERS\YANPI\MPLABXPROJECTS\LAB06.X\HARD.ASM 71 : Found label after column 1. (CONT)
Warning[207] C:\USERS\YANPI\MPLABXPROJECTS\LAB06.X\HARD.ASM 55 : Found label after column 1. (LOOP2)
Warning[207] C:\USERS\YANPI\MPLABXPROJECTS\LAB06.X\HARD.ASM 59 : Found label after column 1. (LOOP1)
Warning[207] C:\USERS\YANPI\MPLABXPROJECTS\LAB06.X\HARD.ASM 28 : Found label after column 1. (LOOP2)
Warning[207] C:\USERS\YANPI\MPLABXPROJECTS\LAB06.X\HARD.ASM 33 : Found label after column 1. (LOOP1)
Warning[207] C:\USERS\YANPI\MPLABXPROJECTS\LAB06.X\HARD.ASM 71 : Found label after column 1. (CONT)
Warning[207] C:\USERS\YANPI\MPLABXPROJECTS\LAB06.X\HARD.ASM 55 : Found label after column 1. (LOOP2)
Warning[207] C:\USERS\YANPI\MPLABXPROJECTS\LAB06.X\HARD.ASM 59 : Found label after column 1. (LOOP1)
Warning[207] C:\USERS\YANPI\MPLABXPROJECTS\LAB06.X\HARD.ASM 28 : Found label after column 1. (LOOP2)
Warning[207] C:\USERS\YANPI\MPLABXPROJECTS\LAB06.X\HARD.ASM 33 : Found label after column 1. (LOOP1)
Warning[207] C:\USERS\YANPI\MPLABXPROJECTS\LAB06.X\HARD.ASM 71 : Found label after column 1. (CONT)
Warning[205] C:\USERS\YANPI\MPLABXPROJECTS\LAB06.X\HARD.ASM 230 : Found directive in column 1. (end)
