MPASM 5.84                          HARD.ASM   10-29-2025  21:24:46         PAGE  1


LOC  OBJECT CODE     LINE SOURCE TEXT
  VALUE

Warning[205]: Found directive in column 1. (LIST)
                      00001 LIST p=18f4520
                      00002 #include<p18f4520.inc>
                      00001         LIST
                      00002 
                      00003 ;==========================================================================
                      00004 ; Build date : Mar 17 2019
                      00005 ;  MPASM PIC18F4520 processor include
                      00006 ; 
                      00007 ;  (c) Copyright 1999-2019 Microchip Technology, All rights reserved
                      00008 ;==========================================================================
                      00009 
                      01489         LIST
                      00003 
                      00004     CONFIG OSC = INTIO67 ; Set internal oscillator to 1 MHz
                      00005     CONFIG WDT = OFF     ; Disable Watchdog Timer
                      00006     CONFIG LVP = OFF     ; Disable Low Voltage Programming
                      00007 
Warning[207]: Found label after column 1. (L1)
  00000014            00008     L1 EQU 0x14         ; Define L1 memory location
Warning[207]: Found label after column 1. (L2)
  00000015            00009     L2 EQU 0x15         ; Define L2 memory location
Warning[207]: Found label after column 1. (L3)
  00000016            00010     L3 EQU 0x16         ; Define L1 memory location
Warning[207]: Found label after column 1. (L4)
  00000017            00011     L4 EQU 0x17         ; Define L2 memory location
                      00012     org 0x00            ; Set program start address to 0x00
                      00013 
                      00014 ; instruction frequency = 1 MHz / 4 = 0.25 MHz
                      00015 ; instruction time = 1/0.25 = 4 ?s
                      00016 ; Total_cycles = 2 + (2 + 8 * num1 + 3) * num2 cycles
                      00017 ; num1 = 111, num2 = 70, Total_cycles = 62512 cycles
                      00018 ; Total_delay ~= Total_cycles * instruction time = 0.25 s
Warning[207]: Found label after column 1. (DELAY_CUSTOM)
                      00019     DELAY_CUSTOM macro num1, num2
                      00020         local LOOP1         ; Inner loop
                      00021         local LOOP2         ; Outer loop
                      00022 
                      00023         ; 2 cycles
                      00024         MOVLW num2          ; Load num2 into WREG
                      00025         MOVWF L2            ; Store WREG value into L2
                      00026 
                      00027         ; Total_cycles for LOOP2 = 2 cycles
                      00028         LOOP2:
                      00029         MOVLW num1          
                      00030         MOVWF L1  
                      00031 
                      00032         ; Total_cycles for LOOP1 = 8 cycles
                      00033         LOOP1:
                      00034         NOP                 ; busy waiting
                      00035         NOP
                      00036         NOP
                      00037         NOP
MPASM 5.84                          HARD.ASM   10-29-2025  21:24:46         PAGE  2


LOC  OBJECT CODE     LINE SOURCE TEXT
  VALUE

                      00038         NOP
                      00039         DECFSZ L1, 1        
                      00040         BRA LOOP1           ; BRA instruction spends 2 cycles
                      00041 
                      00042         ; 3 cycles
                      00043         DECFSZ L2, 1        ; Decrement L2, skip if zero
                      00044         BRA LOOP2           
                      00045     endm
                      00046     
Warning[207]: Found label after column 1. (delay)
                      00047     delay macro ; ??????? 0.5s delay
                      00048             local LOOP1
                      00049             local LOOP2
                      00050             local CONT
                      00051 
                      00052             MOVLW d'140'
                      00053             MOVWF L4
                      00054 
                      00055     LOOP2:
                      00056             MOVLW d'111'
                      00057             MOVWF L3
                      00058 
                      00059     LOOP1:
                      00060             NOP
                      00061             NOP
                      00062             NOP
                      00063             NOP
                      00064             NOP
                      00065             BTFSC PORTB, 0    
                      00066             BRA CONT
                      00067             DELAY_CUSTOM d'50', d'30'
                      00068             BTFSC PORTB, 0
                      00069             BRA CONT
                      00070             INCF 0x011
                      00071     CONT:
                      00072             DECFSZ L3, 1
                      00073             BRA LOOP1
                      00074 
                      00075             DECFSZ L4, 1
                      00076             BRA LOOP2
                      00077     endm
                      00078 
                      00079 
000000                00080 start:
000000                00081 int:
                      00082 ; let pin can receive digital signal
                      00083 ; set = input , clear = output
000000 0E0F           00084     MOVLW 0x0f          ; Set ADCON1 register for digital mode
000002 6EC1           00085     MOVWF ADCON1        ; Store WREG value into ADCON1 register
000004 6A81           00086     CLRF PORTB          ; Clear PORTB
000006 6A93           00087     CLRF TRISB
000008 8093           00088     BSF TRISB, 0        ; Set RB0 as input (TRISB = 0000 0001)
00000A 6A89           00089     CLRF LATA           ; Clear LATA
MPASM 5.84                          HARD.ASM   10-29-2025  21:24:46         PAGE  3


LOC  OBJECT CODE     LINE SOURCE TEXT
  VALUE

00000C 6A92           00090     CLRF TRISA
00000E 9092           00091     BCF TRISA, 0        ; Set RA0 as output (TRISA = 0000 0000)
000010 9292           00092     BCF TRISA, 1
000012 9492           00093     BCF TRISA, 2
000014 6A10           00094     CLRF 0x010
                      00095     
000016 0E00           00096     MOVLW   b'00000000'      ; RA0?
000018 6E89           00097     MOVWF   LATA
                      00098     
                      00099 ; state @ 0x010
                      00100 ; Button check
00001A                00101 check_process:
                      00102 ;    BCF PORTB ,0
00001A B081           00103     BTFSC PORTB, 0      ; Check if PORTB bit 0 is low (button pressed)
00001C D???           00104     BRA check_process   ; If button is not pressed, branch back to check_process
                      00105     ; debounce
                      00106     DELAY_CUSTOM d'50', d'30'     
  0000                    M         local LOOP1         ; Inner loop
  0000                    M         local LOOP2         ; Outer loop
                          M 
                          M         ; 2 cycles
00001E 0E1E               M         MOVLW d'30'         ; Load num2 into WREG
000020 6E15               M         MOVWF L2            ; Store WREG value into L2
                          M 
                          M         ; Total_cycles for LOOP2 = 2 cycles
Warning[207]: Found label after column 1. (LOOP2)
000022                    M         LOOP2:
000022 0E32               M         MOVLW d'50'         
000024 6E14               M         MOVWF L1  
                          M 
                          M         ; Total_cycles for LOOP1 = 8 cycles
Warning[207]: Found label after column 1. (LOOP1)
000026                    M         LOOP1:
000026 0000               M         NOP                 ; busy waiting
000028 0000               M         NOP
00002A 0000               M         NOP
00002C 0000               M         NOP
00002E 0000               M         NOP
000030 2E14               M         DECFSZ L1, 1        
000032 D???               M         BRA LOOP1           ; BRA instruction spends 2 cycles
                          M 
                          M         ; 3 cycles
000034 2E15               M         DECFSZ L2, 1        ; Decrement L2, skip if zero
000036 D???               M         BRA LOOP2           
000038 B081           00107     BTFSC PORTB, 0       
00003A D???           00108     BRA check_process   
00003C                00109 wait_release:
00003C A081           00110     BTFSS PORTB,0
00003E D???           00111     BRA wait_release
000040                00112 CLICK:
000040 6A11           00113     CLRF 0x011
000042 2A10           00114     INCF 0x010          ; state ++
000044 0E03           00115     MOVLW 0x03 
MPASM 5.84                          HARD.ASM   10-29-2025  21:24:46         PAGE  4


LOC  OBJECT CODE     LINE SOURCE TEXT
  VALUE

000046 6010           00116     CPFSLT 0x010        ; skip if 0x010 <= 3
000048 6A10           00117     CLRF 0x010
                      00118     
00004A                00119 CASE0:
00004A 0E00           00120     MOVLW 0x00
00004C 6210           00121     CPFSEQ 0x010
00004E EF?? F???      00122     GOTO CASE1
                      00123     
000052 0E00           00124     MOVLW   b'00000000'      ; RA0
000054 6E89           00125     MOVWF   LATA
                      00126     delay
  0000                    M             local LOOP1
  0000                    M             local LOOP2
  0000                    M             local CONT
                          M 
000056 0E8C               M             MOVLW d'140'
000058 6E17               M             MOVWF L4
                          M 
Warning[207]: Found label after column 1. (LOOP2)
00005A                    M     LOOP2:
00005A 0E6F               M             MOVLW d'111'
00005C 6E16               M             MOVWF L3
                          M 
Warning[207]: Found label after column 1. (LOOP1)
00005E                    M     LOOP1:
00005E 0000               M             NOP
000060 0000               M             NOP
000062 0000               M             NOP
000064 0000               M             NOP
000066 0000               M             NOP
000068 B081               M             BTFSC PORTB, 0    
00006A D???               M             BRA CONT
                          M             DELAY_CUSTOM d'50', d'30'
  0000                    M         local LOOP1         ; Inner loop
  0000                    M         local LOOP2         ; Outer loop
                          M 
                          M         ; 2 cycles
00006C 0E1E               M         MOVLW d'30'         ; Load num2 into WREG
00006E 6E15               M         MOVWF L2            ; Store WREG value into L2
                          M 
                          M         ; Total_cycles for LOOP2 = 2 cycles
Warning[207]: Found label after column 1. (LOOP2)
000070                    M         LOOP2:
000070 0E32               M         MOVLW d'50'         
000072 6E14               M         MOVWF L1  
                          M 
                          M         ; Total_cycles for LOOP1 = 8 cycles
Warning[207]: Found label after column 1. (LOOP1)
000074                    M         LOOP1:
000074 0000               M         NOP                 ; busy waiting
000076 0000               M         NOP
000078 0000               M         NOP
00007A 0000               M         NOP
MPASM 5.84                          HARD.ASM   10-29-2025  21:24:46         PAGE  5


LOC  OBJECT CODE     LINE SOURCE TEXT
  VALUE

00007C 0000               M         NOP
00007E 2E14               M         DECFSZ L1, 1        
000080 D???               M         BRA LOOP1           ; BRA instruction spends 2 cycles
                          M 
                          M         ; 3 cycles
000082 2E15               M         DECFSZ L2, 1        ; Decrement L2, skip if zero
000084 D???               M         BRA LOOP2           
000086 B081               M             BTFSC PORTB, 0
000088 D???               M             BRA CONT
00008A 2A11               M             INCF 0x011
Warning[207]: Found label after column 1. (CONT)
00008C                    M     CONT:
00008C 2E16               M             DECFSZ L3, 1
00008E D???               M             BRA LOOP1
                          M 
000090 2E17               M             DECFSZ L4, 1
000092 D???               M             BRA LOOP2
000094 0E01           00127     MOVLW 0x001
000096 6011           00128     CPFSLT 0x011 ; 0x011 <= 1 skip 
000098 EF?? F???      00129     GOTO CLICK
                      00130     
00009C EF?? F???      00131     GOTO CASE0
                      00132     
0000A0                00133 CASE1:
0000A0 0E01           00134     MOVLW 0x01
0000A2 6210           00135     CPFSEQ 0x010
0000A4 EF?? F???      00136     GOTO CASE2
                      00137     
0000A8 0E01           00138     MOVLW   b'00000001'      ;  RA0
0000AA 6E89           00139     MOVWF   LATA
                      00140     delay
  0000                    M             local LOOP1
  0000                    M             local LOOP2
  0000                    M             local CONT
                          M 
0000AC 0E8C               M             MOVLW d'140'
0000AE 6E17               M             MOVWF L4
                          M 
Warning[207]: Found label after column 1. (LOOP2)
0000B0                    M     LOOP2:
0000B0 0E6F               M             MOVLW d'111'
0000B2 6E16               M             MOVWF L3
                          M 
Warning[207]: Found label after column 1. (LOOP1)
0000B4                    M     LOOP1:
0000B4 0000               M             NOP
0000B6 0000               M             NOP
0000B8 0000               M             NOP
0000BA 0000               M             NOP
0000BC 0000               M             NOP
0000BE B081               M             BTFSC PORTB, 0    
0000C0 D???               M             BRA CONT
                          M             DELAY_CUSTOM d'50', d'30'
MPASM 5.84                          HARD.ASM   10-29-2025  21:24:46         PAGE  6


LOC  OBJECT CODE     LINE SOURCE TEXT
  VALUE

  0000                    M         local LOOP1         ; Inner loop
  0000                    M         local LOOP2         ; Outer loop
                          M 
                          M         ; 2 cycles
0000C2 0E1E               M         MOVLW d'30'         ; Load num2 into WREG
0000C4 6E15               M         MOVWF L2            ; Store WREG value into L2
                          M 
                          M         ; Total_cycles for LOOP2 = 2 cycles
Warning[207]: Found label after column 1. (LOOP2)
0000C6                    M         LOOP2:
0000C6 0E32               M         MOVLW d'50'         
0000C8 6E14               M         MOVWF L1  
                          M 
                          M         ; Total_cycles for LOOP1 = 8 cycles
Warning[207]: Found label after column 1. (LOOP1)
0000CA                    M         LOOP1:
0000CA 0000               M         NOP                 ; busy waiting
0000CC 0000               M         NOP
0000CE 0000               M         NOP
0000D0 0000               M         NOP
0000D2 0000               M         NOP
0000D4 2E14               M         DECFSZ L1, 1        
0000D6 D???               M         BRA LOOP1           ; BRA instruction spends 2 cycles
                          M 
                          M         ; 3 cycles
0000D8 2E15               M         DECFSZ L2, 1        ; Decrement L2, skip if zero
0000DA D???               M         BRA LOOP2           
0000DC B081               M             BTFSC PORTB, 0
0000DE D???               M             BRA CONT
0000E0 2A11               M             INCF 0x011
Warning[207]: Found label after column 1. (CONT)
0000E2                    M     CONT:
0000E2 2E16               M             DECFSZ L3, 1
0000E4 D???               M             BRA LOOP1
                          M 
0000E6 2E17               M             DECFSZ L4, 1
0000E8 D???               M             BRA LOOP2
0000EA 0E01           00141     MOVLW 0x001
0000EC 6011           00142     CPFSLT 0x011 ; 0x011 <= 1 skip 
0000EE EF?? F???      00143     GOTO CLICK
                      00144 
0000F2 0E02           00145     MOVLW   b'00000010'      ;  RA1
0000F4 6E89           00146     MOVWF   LATA
                      00147     delay
  0000                    M             local LOOP1
  0000                    M             local LOOP2
  0000                    M             local CONT
                          M 
0000F6 0E8C               M             MOVLW d'140'
0000F8 6E17               M             MOVWF L4
                          M 
Warning[207]: Found label after column 1. (LOOP2)
0000FA                    M     LOOP2:
MPASM 5.84                          HARD.ASM   10-29-2025  21:24:46         PAGE  7


LOC  OBJECT CODE     LINE SOURCE TEXT
  VALUE

0000FA 0E6F               M             MOVLW d'111'
0000FC 6E16               M             MOVWF L3
                          M 
Warning[207]: Found label after column 1. (LOOP1)
0000FE                    M     LOOP1:
0000FE 0000               M             NOP
000100 0000               M             NOP
000102 0000               M             NOP
000104 0000               M             NOP
000106 0000               M             NOP
000108 B081               M             BTFSC PORTB, 0    
00010A D???               M             BRA CONT
                          M             DELAY_CUSTOM d'50', d'30'
  0000                    M         local LOOP1         ; Inner loop
  0000                    M         local LOOP2         ; Outer loop
                          M 
                          M         ; 2 cycles
00010C 0E1E               M         MOVLW d'30'         ; Load num2 into WREG
00010E 6E15               M         MOVWF L2            ; Store WREG value into L2
                          M 
                          M         ; Total_cycles for LOOP2 = 2 cycles
Warning[207]: Found label after column 1. (LOOP2)
000110                    M         LOOP2:
000110 0E32               M         MOVLW d'50'         
000112 6E14               M         MOVWF L1  
                          M 
                          M         ; Total_cycles for LOOP1 = 8 cycles
Warning[207]: Found label after column 1. (LOOP1)
000114                    M         LOOP1:
000114 0000               M         NOP                 ; busy waiting
000116 0000               M         NOP
000118 0000               M         NOP
00011A 0000               M         NOP
00011C 0000               M         NOP
00011E 2E14               M         DECFSZ L1, 1        
000120 D???               M         BRA LOOP1           ; BRA instruction spends 2 cycles
                          M 
                          M         ; 3 cycles
000122 2E15               M         DECFSZ L2, 1        ; Decrement L2, skip if zero
000124 D???               M         BRA LOOP2           
000126 B081               M             BTFSC PORTB, 0
000128 D???               M             BRA CONT
00012A 2A11               M             INCF 0x011
Warning[207]: Found label after column 1. (CONT)
00012C                    M     CONT:
00012C 2E16               M             DECFSZ L3, 1
00012E D???               M             BRA LOOP1
                          M 
000130 2E17               M             DECFSZ L4, 1
000132 D???               M             BRA LOOP2
000134 0E01           00148     MOVLW 0x001
000136 6011           00149     CPFSLT 0x011 ; 0x011 <= 1 skip 
000138 EF?? F???      00150     GOTO CLICK
MPASM 5.84                          HARD.ASM   10-29-2025  21:24:46         PAGE  8


LOC  OBJECT CODE     LINE SOURCE TEXT
  VALUE

                      00151     
00013C 0E04           00152     MOVLW   b'00000100'      ;  RA2
00013E 6E89           00153     MOVWF   LATA
                      00154     delay
  0000                    M             local LOOP1
  0000                    M             local LOOP2
  0000                    M             local CONT
                          M 
000140 0E8C               M             MOVLW d'140'
000142 6E17               M             MOVWF L4
                          M 
Warning[207]: Found label after column 1. (LOOP2)
000144                    M     LOOP2:
000144 0E6F               M             MOVLW d'111'
000146 6E16               M             MOVWF L3
                          M 
Warning[207]: Found label after column 1. (LOOP1)
000148                    M     LOOP1:
000148 0000               M             NOP
00014A 0000               M             NOP
00014C 0000               M             NOP
00014E 0000               M             NOP
000150 0000               M             NOP
000152 B081               M             BTFSC PORTB, 0    
000154 D???               M             BRA CONT
                          M             DELAY_CUSTOM d'50', d'30'
  0000                    M         local LOOP1         ; Inner loop
  0000                    M         local LOOP2         ; Outer loop
                          M 
                          M         ; 2 cycles
000156 0E1E               M         MOVLW d'30'         ; Load num2 into WREG
000158 6E15               M         MOVWF L2            ; Store WREG value into L2
                          M 
                          M         ; Total_cycles for LOOP2 = 2 cycles
Warning[207]: Found label after column 1. (LOOP2)
00015A                    M         LOOP2:
00015A 0E32               M         MOVLW d'50'         
00015C 6E14               M         MOVWF L1  
                          M 
                          M         ; Total_cycles for LOOP1 = 8 cycles
Warning[207]: Found label after column 1. (LOOP1)
00015E                    M         LOOP1:
00015E 0000               M         NOP                 ; busy waiting
000160 0000               M         NOP
000162 0000               M         NOP
000164 0000               M         NOP
000166 0000               M         NOP
000168 2E14               M         DECFSZ L1, 1        
00016A D???               M         BRA LOOP1           ; BRA instruction spends 2 cycles
                          M 
                          M         ; 3 cycles
00016C 2E15               M         DECFSZ L2, 1        ; Decrement L2, skip if zero
00016E D???               M         BRA LOOP2           
MPASM 5.84                          HARD.ASM   10-29-2025  21:24:46         PAGE  9


LOC  OBJECT CODE     LINE SOURCE TEXT
  VALUE

000170 B081               M             BTFSC PORTB, 0
000172 D???               M             BRA CONT
000174 2A11               M             INCF 0x011
Warning[207]: Found label after column 1. (CONT)
000176                    M     CONT:
000176 2E16               M             DECFSZ L3, 1
000178 D???               M             BRA LOOP1
                          M 
00017A 2E17               M             DECFSZ L4, 1
00017C D???               M             BRA LOOP2
00017E 0E01           00155     MOVLW 0x001
000180 6011           00156     CPFSLT 0x011 ; 0x011 <= 1 skip 
000182 EF?? F???      00157     GOTO CLICK
                      00158     
000186 EF?? F???      00159     GOTO CASE1
                      00160 
00018A                00161 CASE2:
00018A 0E01           00162     MOVLW   b'00000001'      ;  RA0
00018C 6E89           00163     MOVWF   LATA
                      00164     delay
  0000                    M             local LOOP1
  0000                    M             local LOOP2
  0000                    M             local CONT
                          M 
00018E 0E8C               M             MOVLW d'140'
000190 6E17               M             MOVWF L4
                          M 
Warning[207]: Found label after column 1. (LOOP2)
000192                    M     LOOP2:
000192 0E6F               M             MOVLW d'111'
000194 6E16               M             MOVWF L3
                          M 
Warning[207]: Found label after column 1. (LOOP1)
000196                    M     LOOP1:
000196 0000               M             NOP
000198 0000               M             NOP
00019A 0000               M             NOP
00019C 0000               M             NOP
00019E 0000               M             NOP
0001A0 B081               M             BTFSC PORTB, 0    
0001A2 D???               M             BRA CONT
                          M             DELAY_CUSTOM d'50', d'30'
  0000                    M         local LOOP1         ; Inner loop
  0000                    M         local LOOP2         ; Outer loop
                          M 
                          M         ; 2 cycles
0001A4 0E1E               M         MOVLW d'30'         ; Load num2 into WREG
0001A6 6E15               M         MOVWF L2            ; Store WREG value into L2
                          M 
                          M         ; Total_cycles for LOOP2 = 2 cycles
Warning[207]: Found label after column 1. (LOOP2)
0001A8                    M         LOOP2:
0001A8 0E32               M         MOVLW d'50'         
MPASM 5.84                          HARD.ASM   10-29-2025  21:24:46         PAGE 10


LOC  OBJECT CODE     LINE SOURCE TEXT
  VALUE

0001AA 6E14               M         MOVWF L1  
                          M 
                          M         ; Total_cycles for LOOP1 = 8 cycles
Warning[207]: Found label after column 1. (LOOP1)
0001AC                    M         LOOP1:
0001AC 0000               M         NOP                 ; busy waiting
0001AE 0000               M         NOP
0001B0 0000               M         NOP
0001B2 0000               M         NOP
0001B4 0000               M         NOP
0001B6 2E14               M         DECFSZ L1, 1        
0001B8 D???               M         BRA LOOP1           ; BRA instruction spends 2 cycles
                          M 
                          M         ; 3 cycles
0001BA 2E15               M         DECFSZ L2, 1        ; Decrement L2, skip if zero
0001BC D???               M         BRA LOOP2           
0001BE B081               M             BTFSC PORTB, 0
0001C0 D???               M             BRA CONT
0001C2 2A11               M             INCF 0x011
Warning[207]: Found label after column 1. (CONT)
0001C4                    M     CONT:
0001C4 2E16               M             DECFSZ L3, 1
0001C6 D???               M             BRA LOOP1
                          M 
0001C8 2E17               M             DECFSZ L4, 1
0001CA D???               M             BRA LOOP2
0001CC 0E01           00165     MOVLW 0x001
0001CE 6011           00166     CPFSLT 0x011 ; 0x011 <= 1 skip 
0001D0 EF?? F???      00167     GOTO CLICK
                      00168     delay
  0000                    M             local LOOP1
  0000                    M             local LOOP2
  0000                    M             local CONT
                          M 
0001D4 0E8C               M             MOVLW d'140'
0001D6 6E17               M             MOVWF L4
                          M 
Warning[207]: Found label after column 1. (LOOP2)
0001D8                    M     LOOP2:
0001D8 0E6F               M             MOVLW d'111'
0001DA 6E16               M             MOVWF L3
                          M 
Warning[207]: Found label after column 1. (LOOP1)
0001DC                    M     LOOP1:
0001DC 0000               M             NOP
0001DE 0000               M             NOP
0001E0 0000               M             NOP
0001E2 0000               M             NOP
0001E4 0000               M             NOP
0001E6 B081               M             BTFSC PORTB, 0    
0001E8 D???               M             BRA CONT
                          M             DELAY_CUSTOM d'50', d'30'
  0000                    M         local LOOP1         ; Inner loop
MPASM 5.84                          HARD.ASM   10-29-2025  21:24:46         PAGE 11


LOC  OBJECT CODE     LINE SOURCE TEXT
  VALUE

  0000                    M         local LOOP2         ; Outer loop
                          M 
                          M         ; 2 cycles
0001EA 0E1E               M         MOVLW d'30'         ; Load num2 into WREG
0001EC 6E15               M         MOVWF L2            ; Store WREG value into L2
                          M 
                          M         ; Total_cycles for LOOP2 = 2 cycles
Warning[207]: Found label after column 1. (LOOP2)
0001EE                    M         LOOP2:
0001EE 0E32               M         MOVLW d'50'         
0001F0 6E14               M         MOVWF L1  
                          M 
                          M         ; Total_cycles for LOOP1 = 8 cycles
Warning[207]: Found label after column 1. (LOOP1)
0001F2                    M         LOOP1:
0001F2 0000               M         NOP                 ; busy waiting
0001F4 0000               M         NOP
0001F6 0000               M         NOP
0001F8 0000               M         NOP
0001FA 0000               M         NOP
0001FC 2E14               M         DECFSZ L1, 1        
0001FE D???               M         BRA LOOP1           ; BRA instruction spends 2 cycles
                          M 
                          M         ; 3 cycles
000200 2E15               M         DECFSZ L2, 1        ; Decrement L2, skip if zero
000202 D???               M         BRA LOOP2           
000204 B081               M             BTFSC PORTB, 0
000206 D???               M             BRA CONT
000208 2A11               M             INCF 0x011
Warning[207]: Found label after column 1. (CONT)
00020A                    M     CONT:
00020A 2E16               M             DECFSZ L3, 1
00020C D???               M             BRA LOOP1
                          M 
00020E 2E17               M             DECFSZ L4, 1
000210 D???               M             BRA LOOP2
000212 0E01           00169     MOVLW 0x001
000214 6011           00170     CPFSLT 0x011 ; 0x011 <= 1 skip 
000216 EF?? F???      00171     GOTO CLICK
                      00172     
00021A 0E03           00173     MOVLW b'00000011'
00021C 6E89           00174     MOVWF LATA
                      00175     delay
  0000                    M             local LOOP1
  0000                    M             local LOOP2
  0000                    M             local CONT
                          M 
00021E 0E8C               M             MOVLW d'140'
000220 6E17               M             MOVWF L4
                          M 
Warning[207]: Found label after column 1. (LOOP2)
000222                    M     LOOP2:
000222 0E6F               M             MOVLW d'111'
MPASM 5.84                          HARD.ASM   10-29-2025  21:24:46         PAGE 12


LOC  OBJECT CODE     LINE SOURCE TEXT
  VALUE

000224 6E16               M             MOVWF L3
                          M 
Warning[207]: Found label after column 1. (LOOP1)
000226                    M     LOOP1:
000226 0000               M             NOP
000228 0000               M             NOP
00022A 0000               M             NOP
00022C 0000               M             NOP
00022E 0000               M             NOP
000230 B081               M             BTFSC PORTB, 0    
000232 D???               M             BRA CONT
                          M             DELAY_CUSTOM d'50', d'30'
  0000                    M         local LOOP1         ; Inner loop
  0000                    M         local LOOP2         ; Outer loop
                          M 
                          M         ; 2 cycles
000234 0E1E               M         MOVLW d'30'         ; Load num2 into WREG
000236 6E15               M         MOVWF L2            ; Store WREG value into L2
                          M 
                          M         ; Total_cycles for LOOP2 = 2 cycles
Warning[207]: Found label after column 1. (LOOP2)
000238                    M         LOOP2:
000238 0E32               M         MOVLW d'50'         
00023A 6E14               M         MOVWF L1  
                          M 
                          M         ; Total_cycles for LOOP1 = 8 cycles
Warning[207]: Found label after column 1. (LOOP1)
00023C                    M         LOOP1:
00023C 0000               M         NOP                 ; busy waiting
00023E 0000               M         NOP
000240 0000               M         NOP
000242 0000               M         NOP
000244 0000               M         NOP
000246 2E14               M         DECFSZ L1, 1        
000248 D???               M         BRA LOOP1           ; BRA instruction spends 2 cycles
                          M 
                          M         ; 3 cycles
00024A 2E15               M         DECFSZ L2, 1        ; Decrement L2, skip if zero
00024C D???               M         BRA LOOP2           
00024E B081               M             BTFSC PORTB, 0
000250 D???               M             BRA CONT
000252 2A11               M             INCF 0x011
Warning[207]: Found label after column 1. (CONT)
000254                    M     CONT:
000254 2E16               M             DECFSZ L3, 1
000256 D???               M             BRA LOOP1
                          M 
000258 2E17               M             DECFSZ L4, 1
00025A D???               M             BRA LOOP2
00025C 0E01           00176     MOVLW 0x001
00025E 6011           00177     CPFSLT 0x011 ; 0x011 <= 1 skip 
000260 EF?? F???      00178     GOTO CLICK
                      00179     delay
MPASM 5.84                          HARD.ASM   10-29-2025  21:24:46         PAGE 13


LOC  OBJECT CODE     LINE SOURCE TEXT
  VALUE

  0000                    M             local LOOP1
  0000                    M             local LOOP2
  0000                    M             local CONT
                          M 
000264 0E8C               M             MOVLW d'140'
000266 6E17               M             MOVWF L4
                          M 
Warning[207]: Found label after column 1. (LOOP2)
000268                    M     LOOP2:
000268 0E6F               M             MOVLW d'111'
00026A 6E16               M             MOVWF L3
                          M 
Warning[207]: Found label after column 1. (LOOP1)
00026C                    M     LOOP1:
00026C 0000               M             NOP
00026E 0000               M             NOP
000270 0000               M             NOP
000272 0000               M             NOP
000274 0000               M             NOP
000276 B081               M             BTFSC PORTB, 0    
000278 D???               M             BRA CONT
                          M             DELAY_CUSTOM d'50', d'30'
  0000                    M         local LOOP1         ; Inner loop
  0000                    M         local LOOP2         ; Outer loop
                          M 
                          M         ; 2 cycles
00027A 0E1E               M         MOVLW d'30'         ; Load num2 into WREG
00027C 6E15               M         MOVWF L2            ; Store WREG value into L2
                          M 
                          M         ; Total_cycles for LOOP2 = 2 cycles
Warning[207]: Found label after column 1. (LOOP2)
00027E                    M         LOOP2:
00027E 0E32               M         MOVLW d'50'         
000280 6E14               M         MOVWF L1  
                          M 
                          M         ; Total_cycles for LOOP1 = 8 cycles
Warning[207]: Found label after column 1. (LOOP1)
000282                    M         LOOP1:
000282 0000               M         NOP                 ; busy waiting
000284 0000               M         NOP
000286 0000               M         NOP
000288 0000               M         NOP
00028A 0000               M         NOP
00028C 2E14               M         DECFSZ L1, 1        
00028E D???               M         BRA LOOP1           ; BRA instruction spends 2 cycles
                          M 
                          M         ; 3 cycles
000290 2E15               M         DECFSZ L2, 1        ; Decrement L2, skip if zero
000292 D???               M         BRA LOOP2           
000294 B081               M             BTFSC PORTB, 0
000296 D???               M             BRA CONT
000298 2A11               M             INCF 0x011
Warning[207]: Found label after column 1. (CONT)
MPASM 5.84                          HARD.ASM   10-29-2025  21:24:46         PAGE 14


LOC  OBJECT CODE     LINE SOURCE TEXT
  VALUE

00029A                    M     CONT:
00029A 2E16               M             DECFSZ L3, 1
00029C D???               M             BRA LOOP1
                          M 
00029E 2E17               M             DECFSZ L4, 1
0002A0 D???               M             BRA LOOP2
0002A2 0E01           00180     MOVLW 0x001
0002A4 6011           00181     CPFSLT 0x011 ; 0x011 <= 1 skip 
0002A6 EF?? F???      00182     GOTO CLICK
                      00183     
                      00184     ; 2-3
0002AA 0E04           00185     MOVLW b'00000100'
0002AC 6E89           00186     MOVWF LATA
                      00187     delay
  0000                    M             local LOOP1
  0000                    M             local LOOP2
  0000                    M             local CONT
                          M 
0002AE 0E8C               M             MOVLW d'140'
0002B0 6E17               M             MOVWF L4
                          M 
Warning[207]: Found label after column 1. (LOOP2)
0002B2                    M     LOOP2:
0002B2 0E6F               M             MOVLW d'111'
0002B4 6E16               M             MOVWF L3
                          M 
Warning[207]: Found label after column 1. (LOOP1)
0002B6                    M     LOOP1:
0002B6 0000               M             NOP
0002B8 0000               M             NOP
0002BA 0000               M             NOP
0002BC 0000               M             NOP
0002BE 0000               M             NOP
0002C0 B081               M             BTFSC PORTB, 0    
0002C2 D???               M             BRA CONT
                          M             DELAY_CUSTOM d'50', d'30'
  0000                    M         local LOOP1         ; Inner loop
  0000                    M         local LOOP2         ; Outer loop
                          M 
                          M         ; 2 cycles
0002C4 0E1E               M         MOVLW d'30'         ; Load num2 into WREG
0002C6 6E15               M         MOVWF L2            ; Store WREG value into L2
                          M 
                          M         ; Total_cycles for LOOP2 = 2 cycles
Warning[207]: Found label after column 1. (LOOP2)
0002C8                    M         LOOP2:
0002C8 0E32               M         MOVLW d'50'         
0002CA 6E14               M         MOVWF L1  
                          M 
                          M         ; Total_cycles for LOOP1 = 8 cycles
Warning[207]: Found label after column 1. (LOOP1)
0002CC                    M         LOOP1:
0002CC 0000               M         NOP                 ; busy waiting
MPASM 5.84                          HARD.ASM   10-29-2025  21:24:46         PAGE 15


LOC  OBJECT CODE     LINE SOURCE TEXT
  VALUE

0002CE 0000               M         NOP
0002D0 0000               M         NOP
0002D2 0000               M         NOP
0002D4 0000               M         NOP
0002D6 2E14               M         DECFSZ L1, 1        
0002D8 D???               M         BRA LOOP1           ; BRA instruction spends 2 cycles
                          M 
                          M         ; 3 cycles
0002DA 2E15               M         DECFSZ L2, 1        ; Decrement L2, skip if zero
0002DC D???               M         BRA LOOP2           
0002DE B081               M             BTFSC PORTB, 0
0002E0 D???               M             BRA CONT
0002E2 2A11               M             INCF 0x011
Warning[207]: Found label after column 1. (CONT)
0002E4                    M     CONT:
0002E4 2E16               M             DECFSZ L3, 1
0002E6 D???               M             BRA LOOP1
                          M 
0002E8 2E17               M             DECFSZ L4, 1
0002EA D???               M             BRA LOOP2
0002EC 0E01           00188     MOVLW 0x001
0002EE 6011           00189     CPFSLT 0x011 ; 0x011 <= 1 skip 
0002F0 EF?? F???      00190     GOTO CLICK
                      00191     
0002F4 0E00           00192     MOVLW b'00000000'
0002F6 6E89           00193     MOVWF LATA
                      00194     delay
  0000                    M             local LOOP1
  0000                    M             local LOOP2
  0000                    M             local CONT
                          M 
0002F8 0E8C               M             MOVLW d'140'
0002FA 6E17               M             MOVWF L4
                          M 
Warning[207]: Found label after column 1. (LOOP2)
0002FC                    M     LOOP2:
0002FC 0E6F               M             MOVLW d'111'
0002FE 6E16               M             MOVWF L3
                          M 
Warning[207]: Found label after column 1. (LOOP1)
000300                    M     LOOP1:
000300 0000               M             NOP
000302 0000               M             NOP
000304 0000               M             NOP
000306 0000               M             NOP
000308 0000               M             NOP
00030A B081               M             BTFSC PORTB, 0    
00030C D???               M             BRA CONT
                          M             DELAY_CUSTOM d'50', d'30'
  0000                    M         local LOOP1         ; Inner loop
  0000                    M         local LOOP2         ; Outer loop
                          M 
                          M         ; 2 cycles
MPASM 5.84                          HARD.ASM   10-29-2025  21:24:46         PAGE 16


LOC  OBJECT CODE     LINE SOURCE TEXT
  VALUE

00030E 0E1E               M         MOVLW d'30'         ; Load num2 into WREG
000310 6E15               M         MOVWF L2            ; Store WREG value into L2
                          M 
                          M         ; Total_cycles for LOOP2 = 2 cycles
Warning[207]: Found label after column 1. (LOOP2)
000312                    M         LOOP2:
000312 0E32               M         MOVLW d'50'         
000314 6E14               M         MOVWF L1  
                          M 
                          M         ; Total_cycles for LOOP1 = 8 cycles
Warning[207]: Found label after column 1. (LOOP1)
000316                    M         LOOP1:
000316 0000               M         NOP                 ; busy waiting
000318 0000               M         NOP
00031A 0000               M         NOP
00031C 0000               M         NOP
00031E 0000               M         NOP
000320 2E14               M         DECFSZ L1, 1        
000322 D???               M         BRA LOOP1           ; BRA instruction spends 2 cycles
                          M 
                          M         ; 3 cycles
000324 2E15               M         DECFSZ L2, 1        ; Decrement L2, skip if zero
000326 D???               M         BRA LOOP2           
000328 B081               M             BTFSC PORTB, 0
00032A D???               M             BRA CONT
00032C 2A11               M             INCF 0x011
Warning[207]: Found label after column 1. (CONT)
00032E                    M     CONT:
00032E 2E16               M             DECFSZ L3, 1
000330 D???               M             BRA LOOP1
                          M 
000332 2E17               M             DECFSZ L4, 1
000334 D???               M             BRA LOOP2
000336 0E01           00195     MOVLW 0x001
000338 6011           00196     CPFSLT 0x011 ; 0x011 <= 1 skip 
00033A EF?? F???      00197     GOTO CLICK
                      00198     delay
  0000                    M             local LOOP1
  0000                    M             local LOOP2
  0000                    M             local CONT
                          M 
00033E 0E8C               M             MOVLW d'140'
000340 6E17               M             MOVWF L4
                          M 
Warning[207]: Found label after column 1. (LOOP2)
000342                    M     LOOP2:
000342 0E6F               M             MOVLW d'111'
000344 6E16               M             MOVWF L3
                          M 
Warning[207]: Found label after column 1. (LOOP1)
000346                    M     LOOP1:
000346 0000               M             NOP
000348 0000               M             NOP
MPASM 5.84                          HARD.ASM   10-29-2025  21:24:46         PAGE 17


LOC  OBJECT CODE     LINE SOURCE TEXT
  VALUE

00034A 0000               M             NOP
00034C 0000               M             NOP
00034E 0000               M             NOP
000350 B081               M             BTFSC PORTB, 0    
000352 D???               M             BRA CONT
                          M             DELAY_CUSTOM d'50', d'30'
  0000                    M         local LOOP1         ; Inner loop
  0000                    M         local LOOP2         ; Outer loop
                          M 
                          M         ; 2 cycles
000354 0E1E               M         MOVLW d'30'         ; Load num2 into WREG
000356 6E15               M         MOVWF L2            ; Store WREG value into L2
                          M 
                          M         ; Total_cycles for LOOP2 = 2 cycles
Warning[207]: Found label after column 1. (LOOP2)
000358                    M         LOOP2:
000358 0E32               M         MOVLW d'50'         
00035A 6E14               M         MOVWF L1  
                          M 
                          M         ; Total_cycles for LOOP1 = 8 cycles
Warning[207]: Found label after column 1. (LOOP1)
00035C                    M         LOOP1:
00035C 0000               M         NOP                 ; busy waiting
00035E 0000               M         NOP
000360 0000               M         NOP
000362 0000               M         NOP
000364 0000               M         NOP
000366 2E14               M         DECFSZ L1, 1        
000368 D???               M         BRA LOOP1           ; BRA instruction spends 2 cycles
                          M 
                          M         ; 3 cycles
00036A 2E15               M         DECFSZ L2, 1        ; Decrement L2, skip if zero
00036C D???               M         BRA LOOP2           
00036E B081               M             BTFSC PORTB, 0
000370 D???               M             BRA CONT
000372 2A11               M             INCF 0x011
Warning[207]: Found label after column 1. (CONT)
000374                    M     CONT:
000374 2E16               M             DECFSZ L3, 1
000376 D???               M             BRA LOOP1
                          M 
000378 2E17               M             DECFSZ L4, 1
00037A D???               M             BRA LOOP2
00037C 0E01           00199     MOVLW 0x001
00037E 6011           00200     CPFSLT 0x011 ; 0x011 <= 1 skip 
000380 EF?? F???      00201     GOTO CLICK
                      00202     
000384 0E04           00203     MOVLW b'00000100'
000386 6E89           00204     MOVWF LATA
                      00205     delay
  0000                    M             local LOOP1
  0000                    M             local LOOP2
  0000                    M             local CONT
MPASM 5.84                          HARD.ASM   10-29-2025  21:24:46         PAGE 18


LOC  OBJECT CODE     LINE SOURCE TEXT
  VALUE

                          M 
000388 0E8C               M             MOVLW d'140'
00038A 6E17               M             MOVWF L4
                          M 
Warning[207]: Found label after column 1. (LOOP2)
00038C                    M     LOOP2:
00038C 0E6F               M             MOVLW d'111'
00038E 6E16               M             MOVWF L3
                          M 
Warning[207]: Found label after column 1. (LOOP1)
000390                    M     LOOP1:
000390 0000               M             NOP
000392 0000               M             NOP
000394 0000               M             NOP
000396 0000               M             NOP
000398 0000               M             NOP
00039A B081               M             BTFSC PORTB, 0    
00039C D???               M             BRA CONT
                          M             DELAY_CUSTOM d'50', d'30'
  0000                    M         local LOOP1         ; Inner loop
  0000                    M         local LOOP2         ; Outer loop
                          M 
                          M         ; 2 cycles
00039E 0E1E               M         MOVLW d'30'         ; Load num2 into WREG
0003A0 6E15               M         MOVWF L2            ; Store WREG value into L2
                          M 
                          M         ; Total_cycles for LOOP2 = 2 cycles
Warning[207]: Found label after column 1. (LOOP2)
0003A2                    M         LOOP2:
0003A2 0E32               M         MOVLW d'50'         
0003A4 6E14               M         MOVWF L1  
                          M 
                          M         ; Total_cycles for LOOP1 = 8 cycles
Warning[207]: Found label after column 1. (LOOP1)
0003A6                    M         LOOP1:
0003A6 0000               M         NOP                 ; busy waiting
0003A8 0000               M         NOP
0003AA 0000               M         NOP
0003AC 0000               M         NOP
0003AE 0000               M         NOP
0003B0 2E14               M         DECFSZ L1, 1        
0003B2 D???               M         BRA LOOP1           ; BRA instruction spends 2 cycles
                          M 
                          M         ; 3 cycles
0003B4 2E15               M         DECFSZ L2, 1        ; Decrement L2, skip if zero
0003B6 D???               M         BRA LOOP2           
0003B8 B081               M             BTFSC PORTB, 0
0003BA D???               M             BRA CONT
0003BC 2A11               M             INCF 0x011
Warning[207]: Found label after column 1. (CONT)
0003BE                    M     CONT:
0003BE 2E16               M             DECFSZ L3, 1
0003C0 D???               M             BRA LOOP1
MPASM 5.84                          HARD.ASM   10-29-2025  21:24:46         PAGE 19


LOC  OBJECT CODE     LINE SOURCE TEXT
  VALUE

                          M 
0003C2 2E17               M             DECFSZ L4, 1
0003C4 D???               M             BRA LOOP2
0003C6 0E01           00206     MOVLW 0x001
0003C8 6011           00207     CPFSLT 0x011 ; 0x011 <= 1 skip 
0003CA EF?? F???      00208     GOTO CLICK
                      00209     
0003CE 0E00           00210     MOVLW b'00000000'
0003D0 6E89           00211     MOVWF LATA
                      00212     delay
  0000                    M             local LOOP1
  0000                    M             local LOOP2
  0000                    M             local CONT
                          M 
0003D2 0E8C               M             MOVLW d'140'
0003D4 6E17               M             MOVWF L4
                          M 
Warning[207]: Found label after column 1. (LOOP2)
0003D6                    M     LOOP2:
0003D6 0E6F               M             MOVLW d'111'
0003D8 6E16               M             MOVWF L3
                          M 
Warning[207]: Found label after column 1. (LOOP1)
0003DA                    M     LOOP1:
0003DA 0000               M             NOP
0003DC 0000               M             NOP
0003DE 0000               M             NOP
0003E0 0000               M             NOP
0003E2 0000               M             NOP
0003E4 B081               M             BTFSC PORTB, 0    
0003E6 D???               M             BRA CONT
                          M             DELAY_CUSTOM d'50', d'30'
  0000                    M         local LOOP1         ; Inner loop
  0000                    M         local LOOP2         ; Outer loop
                          M 
                          M         ; 2 cycles
0003E8 0E1E               M         MOVLW d'30'         ; Load num2 into WREG
0003EA 6E15               M         MOVWF L2            ; Store WREG value into L2
                          M 
                          M         ; Total_cycles for LOOP2 = 2 cycles
Warning[207]: Found label after column 1. (LOOP2)
0003EC                    M         LOOP2:
0003EC 0E32               M         MOVLW d'50'         
0003EE 6E14               M         MOVWF L1  
                          M 
                          M         ; Total_cycles for LOOP1 = 8 cycles
Warning[207]: Found label after column 1. (LOOP1)
0003F0                    M         LOOP1:
0003F0 0000               M         NOP                 ; busy waiting
0003F2 0000               M         NOP
0003F4 0000               M         NOP
0003F6 0000               M         NOP
0003F8 0000               M         NOP
MPASM 5.84                          HARD.ASM   10-29-2025  21:24:46         PAGE 20


LOC  OBJECT CODE     LINE SOURCE TEXT
  VALUE

0003FA 2E14               M         DECFSZ L1, 1        
0003FC D???               M         BRA LOOP1           ; BRA instruction spends 2 cycles
                          M 
                          M         ; 3 cycles
0003FE 2E15               M         DECFSZ L2, 1        ; Decrement L2, skip if zero
000400 D???               M         BRA LOOP2           
000402 B081               M             BTFSC PORTB, 0
000404 D???               M             BRA CONT
000406 2A11               M             INCF 0x011
Warning[207]: Found label after column 1. (CONT)
000408                    M     CONT:
000408 2E16               M             DECFSZ L3, 1
00040A D???               M             BRA LOOP1
                          M 
00040C 2E17               M             DECFSZ L4, 1
00040E D???               M             BRA LOOP2
000410 0E01           00213     MOVLW 0x001
000412 6011           00214     CPFSLT 0x011 ; 0x011 <= 1 skip 
000414 EF?? F???      00215     GOTO CLICK
                      00216     delay
  0000                    M             local LOOP1
  0000                    M             local LOOP2
  0000                    M             local CONT
                          M 
000418 0E8C               M             MOVLW d'140'
00041A 6E17               M             MOVWF L4
                          M 
Warning[207]: Found label after column 1. (LOOP2)
00041C                    M     LOOP2:
00041C 0E6F               M             MOVLW d'111'
00041E 6E16               M             MOVWF L3
                          M 
Warning[207]: Found label after column 1. (LOOP1)
000420                    M     LOOP1:
000420 0000               M             NOP
000422 0000               M             NOP
000424 0000               M             NOP
000426 0000               M             NOP
000428 0000               M             NOP
00042A B081               M             BTFSC PORTB, 0    
00042C D???               M             BRA CONT
                          M             DELAY_CUSTOM d'50', d'30'
  0000                    M         local LOOP1         ; Inner loop
  0000                    M         local LOOP2         ; Outer loop
                          M 
                          M         ; 2 cycles
00042E 0E1E               M         MOVLW d'30'         ; Load num2 into WREG
000430 6E15               M         MOVWF L2            ; Store WREG value into L2
                          M 
                          M         ; Total_cycles for LOOP2 = 2 cycles
Warning[207]: Found label after column 1. (LOOP2)
000432                    M         LOOP2:
000432 0E32               M         MOVLW d'50'         
MPASM 5.84                          HARD.ASM   10-29-2025  21:24:46         PAGE 21


LOC  OBJECT CODE     LINE SOURCE TEXT
  VALUE

000434 6E14               M         MOVWF L1  
                          M 
                          M         ; Total_cycles for LOOP1 = 8 cycles
Warning[207]: Found label after column 1. (LOOP1)
000436                    M         LOOP1:
000436 0000               M         NOP                 ; busy waiting
000438 0000               M         NOP
00043A 0000               M         NOP
00043C 0000               M         NOP
00043E 0000               M         NOP
000440 2E14               M         DECFSZ L1, 1        
000442 D???               M         BRA LOOP1           ; BRA instruction spends 2 cycles
                          M 
                          M         ; 3 cycles
000444 2E15               M         DECFSZ L2, 1        ; Decrement L2, skip if zero
000446 D???               M         BRA LOOP2           
000448 B081               M             BTFSC PORTB, 0
00044A D???               M             BRA CONT
00044C 2A11               M             INCF 0x011
Warning[207]: Found label after column 1. (CONT)
00044E                    M     CONT:
00044E 2E16               M             DECFSZ L3, 1
000450 D???               M             BRA LOOP1
                          M 
000452 2E17               M             DECFSZ L4, 1
000454 D???               M             BRA LOOP2
000456 0E01           00217     MOVLW 0x001
000458 6011           00218     CPFSLT 0x011 ; 0x011 <= 1 skip 
00045A EF?? F???      00219     GOTO CLICK
                      00220     
00045E 0E04           00221     MOVLW b'00000100'
000460 6E89           00222     MOVWF LATA
                      00223     delay
  0000                    M             local LOOP1
  0000                    M             local LOOP2
  0000                    M             local CONT
                          M 
000462 0E8C               M             MOVLW d'140'
000464 6E17               M             MOVWF L4
                          M 
Warning[207]: Found label after column 1. (LOOP2)
000466                    M     LOOP2:
000466 0E6F               M             MOVLW d'111'
000468 6E16               M             MOVWF L3
                          M 
Warning[207]: Found label after column 1. (LOOP1)
00046A                    M     LOOP1:
00046A 0000               M             NOP
00046C 0000               M             NOP
00046E 0000               M             NOP
000470 0000               M             NOP
000472 0000               M             NOP
000474 B081               M             BTFSC PORTB, 0    
MPASM 5.84                          HARD.ASM   10-29-2025  21:24:46         PAGE 22


LOC  OBJECT CODE     LINE SOURCE TEXT
  VALUE

000476 D???               M             BRA CONT
                          M             DELAY_CUSTOM d'50', d'30'
  0000                    M         local LOOP1         ; Inner loop
  0000                    M         local LOOP2         ; Outer loop
                          M 
                          M         ; 2 cycles
000478 0E1E               M         MOVLW d'30'         ; Load num2 into WREG
00047A 6E15               M         MOVWF L2            ; Store WREG value into L2
                          M 
                          M         ; Total_cycles for LOOP2 = 2 cycles
Warning[207]: Found label after column 1. (LOOP2)
00047C                    M         LOOP2:
00047C 0E32               M         MOVLW d'50'         
00047E 6E14               M         MOVWF L1  
                          M 
                          M         ; Total_cycles for LOOP1 = 8 cycles
Warning[207]: Found label after column 1. (LOOP1)
000480                    M         LOOP1:
000480 0000               M         NOP                 ; busy waiting
000482 0000               M         NOP
000484 0000               M         NOP
000486 0000               M         NOP
000488 0000               M         NOP
00048A 2E14               M         DECFSZ L1, 1        
00048C D???               M         BRA LOOP1           ; BRA instruction spends 2 cycles
                          M 
                          M         ; 3 cycles
00048E 2E15               M         DECFSZ L2, 1        ; Decrement L2, skip if zero
000490 D???               M         BRA LOOP2           
000492 B081               M             BTFSC PORTB, 0
000494 D???               M             BRA CONT
000496 2A11               M             INCF 0x011
Warning[207]: Found label after column 1. (CONT)
000498                    M     CONT:
000498 2E16               M             DECFSZ L3, 1
00049A D???               M             BRA LOOP1
                          M 
00049C 2E17               M             DECFSZ L4, 1
00049E D???               M             BRA LOOP2
0004A0 0E01           00224     MOVLW 0x001
0004A2 6011           00225     CPFSLT 0x011 ; 0x011 <= 1 skip 
0004A4 EF?? F???      00226     GOTO CLICK
                      00227     
0004A8 EF?? F???      00228     GOTO CASE2
                      00229 
Warning[205]: Found directive in column 1. (end)
                      00230 end
MPASM 5.84                          HARD.ASM   10-29-2025  21:24:46         PAGE 23


SYMBOL TABLE
  LABEL                             VALUE 

A                                 00000000
ABDEN                             00000000
ABDOVF                            00000007
ACCESS                            00000000
ACKDT                             00000005
ACKEN                             00000004
ACKSTAT                           00000006
ACQT0                             00000003
ACQT1                             00000004
ACQT2                             00000005
ADCON0                            00000FC2
ADCON1                            00000FC1
ADCON2                            00000FC0
ADCS0                             00000000
ADCS1                             00000001
ADCS2                             00000002
ADDEN                             00000003
ADEN                              00000003
ADFM                              00000007
ADIE                              00000006
ADIF                              00000006
ADIP                              00000006
ADMSK1                            00000001
ADMSK2                            00000002
ADMSK3                            00000003
ADMSK4                            00000004
ADMSK5                            00000005
ADON                              00000000
ADRES                             00000FC3
ADRESH                            00000FC4
ADRESL                            00000FC3
AN0                               00000000
AN1                               00000001
AN10                              00000001
AN11                              00000004
AN12                              00000000
AN2                               00000002
AN3                               00000003
AN4                               00000005
AN5                               00000000
AN6                               00000001
AN7                               00000002
AN8                               00000002
AN9                               00000003
BANKED                            00000001
BAUDCON                           00000FB8
BAUDCTL                           00000FB8
BCLIE                             00000003
BCLIF                             00000003
BCLIP                             00000003
BF                                00000000
BGST                              00000005
BOR                               00000000
MPASM 5.84                          HARD.ASM   10-29-2025  21:24:46         PAGE 24


SYMBOL TABLE
  LABEL                             VALUE 

BRG16                             00000003
BRGH                              00000002
BSR                               00000FE0
C                                 00000000
C1INV                             00000004
C1OUT_CMCON                       00000006
C1OUT_PORTA                       00000004
C2INV                             00000005
C2OUT_CMCON                       00000007
C2OUT_PORTA                       00000005
CASE0                             0000004A
CASE1                             000000A0
CASE2                             0000018A
CCP1                              00000002
CCP1CON                           00000FBD
CCP1IE                            00000002
CCP1IF                            00000002
CCP1IP                            00000002
CCP1M0                            00000000
CCP1M1                            00000001
CCP1M2                            00000002
CCP1M3                            00000003
CCP1X                             00000005
CCP1Y                             00000004
CCP2CON                           00000FBA
CCP2IE                            00000000
CCP2IF                            00000000
CCP2IP                            00000000
CCP2M0                            00000000
CCP2M1                            00000001
CCP2M2                            00000002
CCP2M3                            00000003
CCP2X                             00000005
CCP2Y                             00000004
CCP2_PORTB                        00000003
CCP2_PORTC                        00000001
CCPR1                             00000FBE
CCPR1H                            00000FBF
CCPR1L                            00000FBE
CCPR2                             00000FBB
CCPR2H                            00000FBC
CCPR2L                            00000FBB
CFGS                              00000006
CHS0                              00000002
CHS1                              00000003
CHS2                              00000004
CHS3                              00000005
CIS                               00000003
CK                                00000006
CKE                               00000006
CKP                               00000004
CLICK                             00000040
CLKI                              00000007
MPASM 5.84                          HARD.ASM   10-29-2025  21:24:46         PAGE 25


SYMBOL TABLE
  LABEL                             VALUE 

CLKO                              00000006
CM0                               00000000
CM1                               00000001
CM2                               00000002
CMCON                             00000FB4
CMIE                              00000006
CMIF                              00000006
CMIP                              00000006
CREN                              00000004
CS                                00000002
CSRC                              00000007
CVR0                              00000000
CVR1                              00000001
CVR2                              00000002
CVR3                              00000003
CVRCON                            00000FB5
CVREF                             00000002
CVREN                             00000007
CVROE                             00000006
CVRR                              00000005
CVRSS                             00000004
D                                 00000005
DC                                00000001
DC1B0                             00000004
DC1B1                             00000005
DC2B0                             00000004
DC2B1                             00000005
DDRA                              TRISA
DDRB                              TRISB
DDRC                              TRISC
DDRD                              TRISD
DDRE                              TRISE
DELAY_CUSTOM                      
DONE                              00000001
D_A                               00000005
D_NOT_A                           00000005
ECCP1AS                           00000FB6
ECCP1DEL                          00000FB7
ECCPAS                            00000FB6
ECCPAS0                           00000004
ECCPAS1                           00000005
ECCPAS2                           00000006
ECCPASE                           00000007
EEADR                             00000FA9
EECON1                            00000FA6
EECON2                            00000FA7
EEDATA                            00000FA8
EEIE                              00000004
EEIF                              00000004
EEIP                              00000004
EEPGD                             00000007
FAST                              00000001
FERR                              00000002
MPASM 5.84                          HARD.ASM   10-29-2025  21:24:46         PAGE 26


SYMBOL TABLE
  LABEL                             VALUE 

FLT0                              00000000
FLTS                              00000002
FREE                              00000004
FSR0                              00000000
FSR0H                             00000FEA
FSR0L                             00000FE9
FSR1                              00000001
FSR1H                             00000FE2
FSR1L                             00000FE1
FSR2                              00000002
FSR2H                             00000FDA
FSR2L                             00000FD9
GCEN                              00000007
GIE                               00000007
GIEH                              00000007
GIEL                              00000006
GIE_GIEH                          00000007
GO                                00000001
GO_DONE                           00000001
GO_NOT_DONE                       00000001
HLVDCON                           00000FD2
HLVDEN                            00000004
HLVDIE                            00000002
HLVDIF                            00000002
HLVDIN                            00000005
HLVDIP                            00000002
HLVDL0                            00000000
HLVDL1                            00000001
HLVDL2                            00000002
HLVDL3                            00000003
IBF                               00000007
IBOV                              00000005
IDLEN                             00000007
INDF0                             00000FEF
INDF1                             00000FE7
INDF2                             00000FDF
INT0                              00000000
INT0E                             00000004
INT0F                             00000001
INT0IE                            00000004
INT0IF                            00000001
INT1                              00000001
INT1E                             00000003
INT1F                             00000000
INT1IE                            00000003
INT1IF                            00000000
INT1IP                            00000006
INT1P                             00000006
INT2                              00000002
INT2E                             00000004
INT2F                             00000001
INT2IE                            00000004
INT2IF                            00000001
MPASM 5.84                          HARD.ASM   10-29-2025  21:24:46         PAGE 27


SYMBOL TABLE
  LABEL                             VALUE 

INT2IP                            00000007
INT2P                             00000007
INTCON                            00000FF2
INTCON2                           00000FF1
INTCON3                           00000FF0
INTEDG0                           00000006
INTEDG1                           00000005
INTEDG2                           00000004
INTSRC                            00000007
IOFS                              00000002
IPEN                              00000007
IPR1                              00000F9F
IPR2                              00000FA2
IRCF0                             00000004
IRCF1                             00000005
IRCF2                             00000006
IRVST                             00000005
IVRST                             00000005
KBI0                              00000004
KBI1                              00000005
KBI2                              00000006
KBI3                              00000007
L1                                00000014
L2                                00000015
L3                                00000016
L4                                00000017
LATA                              00000F89
LATA0                             00000000
LATA1                             00000001
LATA2                             00000002
LATA3                             00000003
LATA4                             00000004
LATA5                             00000005
LATA6                             00000006
LATA7                             00000007
LATB                              00000F8A
LATB0                             00000000
LATB1                             00000001
LATB2                             00000002
LATB3                             00000003
LATB4                             00000004
LATB5                             00000005
LATB6                             00000006
LATB7                             00000007
LATC                              00000F8B
LATC0                             00000000
LATC1                             00000001
LATC2                             00000002
LATC3                             00000003
LATC4                             00000004
LATC5                             00000005
LATC6                             00000006
LATC7                             00000007
MPASM 5.84                          HARD.ASM   10-29-2025  21:24:46         PAGE 28


SYMBOL TABLE
  LABEL                             VALUE 

LATD                              00000F8C
LATD0                             00000000
LATD1                             00000001
LATD2                             00000002
LATD3                             00000003
LATD4                             00000004
LATD5                             00000005
LATD6                             00000006
LATD7                             00000007
LATE                              00000F8D
LATE0                             00000000
LATE1                             00000001
LATE2                             00000002
LVDCON                            00000FD2
LVDEN                             00000004
LVDIE                             00000002
LVDIF                             00000002
LVDIN                             00000005
LVDIP                             00000002
LVDL0                             00000000
LVDL1                             00000001
LVDL2                             00000002
LVDL3                             00000003
LVV0                              00000000
LVV1                              00000001
LVV2                              00000002
LVV3                              00000003
MCLR                              00000003
N                                 00000004
NOT_A                             00000005
NOT_ADDRESS                       00000005
NOT_BOR                           00000000
NOT_CS                            00000002
NOT_DONE                          00000001
NOT_MCLR                          00000003
NOT_PD                            00000002
NOT_POR                           00000001
NOT_RBPU                          00000007
NOT_RD                            00000000
NOT_RI                            00000004
NOT_SS                            00000005
NOT_T1SYNC                        00000002
NOT_T3SYNC                        00000002
NOT_TO                            00000003
NOT_W                             00000002
NOT_WR                            00000001
NOT_WRITE                         00000002
OBF                               00000006
OERR                              00000001
OSC1                              00000007
OSC2                              00000006
OSCCON                            00000FD3
OSCFIE                            00000007
MPASM 5.84                          HARD.ASM   10-29-2025  21:24:46         PAGE 29


SYMBOL TABLE
  LABEL                             VALUE 

OSCFIF                            00000007
OSCFIP                            00000007
OSCTUNE                           00000F9B
OSTS                              00000003
OV                                00000003
P                                 00000004
P1A                               00000002
P1B                               00000005
P1C                               00000006
P1D                               00000007
P1M0                              00000006
P1M1                              00000007
PC                                00000FF9
PCFG0                             00000000
PCFG1                             00000001
PCFG2                             00000002
PCFG3                             00000003
PCL                               00000FF9
PCLATH                            00000FFA
PCLATU                            00000FFB
PD                                00000002
PDC0                              00000000
PDC1                              00000001
PDC2                              00000002
PDC3                              00000003
PDC4                              00000004
PDC5                              00000005
PDC6                              00000006
PEIE                              00000006
PEIE_GIEL                         00000006
PEN                               00000002
PGC                               00000006
PGD                               00000007
PGM                               00000005
PIE1                              00000F9D
PIE2                              00000FA0
PIR1                              00000F9E
PIR2                              00000FA1
PLLEN                             00000006
PLUSW0                            00000FEB
PLUSW1                            00000FE3
PLUSW2                            00000FDB
POR                               00000001
PORTA                             00000F80
PORTB                             00000F81
PORTC                             00000F82
PORTD                             00000F83
PORTE                             00000F84
POSTDEC0                          00000FED
POSTDEC1                          00000FE5
POSTDEC2                          00000FDD
POSTINC0                          00000FEE
POSTINC1                          00000FE6
MPASM 5.84                          HARD.ASM   10-29-2025  21:24:46         PAGE 30


SYMBOL TABLE
  LABEL                             VALUE 

POSTINC2                          00000FDE
PR2                               00000FCB
PREINC0                           00000FEC
PREINC1                           00000FE4
PREINC2                           00000FDC
PROD                              00000FF3
PRODH                             00000FF4
PRODL                             00000FF3
PRSEN                             00000007
PSA                               00000003
PSP0                              00000000
PSP1                              00000001
PSP2                              00000002
PSP3                              00000003
PSP4                              00000004
PSP5                              00000005
PSP6                              00000006
PSP7                              00000007
PSPIE                             00000007
PSPIF                             00000007
PSPIP                             00000007
PSPMODE                           00000004
PSSAC0                            00000002
PSSAC1                            00000003
PSSBD0                            00000000
PSSBD1                            00000001
PWM1CON                           00000FB7
R                                 00000002
RA0                               00000000
RA1                               00000001
RA2                               00000002
RA3                               00000003
RA4                               00000004
RA5                               00000005
RA6                               00000006
RA7                               00000007
RB0                               00000000
RB1                               00000001
RB2                               00000002
RB3                               00000003
RB4                               00000004
RB5                               00000005
RB6                               00000006
RB7                               00000007
RBIE                              00000003
RBIF                              00000000
RBIP                              00000000
RBPU                              00000007
RC0                               00000000
RC1                               00000001
RC2                               00000002
RC3                               00000003
RC4                               00000004
MPASM 5.84                          HARD.ASM   10-29-2025  21:24:46         PAGE 31


SYMBOL TABLE
  LABEL                             VALUE 

RC5                               00000005
RC6                               00000006
RC7                               00000007
RCEN                              00000003
RCIDL                             00000006
RCIE                              00000005
RCIF                              00000005
RCIP                              00000005
RCMT                              00000006
RCON                              00000FD0
RCREG                             00000FAE
RCSTA                             00000FAB
RD                                00000000
RD0                               00000000
RD1                               00000001
RD16                              00000007
RD2                               00000002
RD3                               00000003
RD4                               00000004
RD5                               00000005
RD6                               00000006
RD7                               00000007
RE0                               00000000
RE1                               00000001
RE2                               00000002
RE3                               00000003
RI                                00000004
RSEN                              00000001
RX                                00000007
RX9                               00000006
RX9D                              00000000
RXDTP                             00000005
R_NOT_W                           00000002
R_W                               00000002
S                                 00000003
SBOREN                            00000006
SCK                               00000003
SCKP                              00000004
SCL                               00000003
SCS0                              00000000
SCS1                              00000001
SDA                               00000004
SDI                               00000004
SDO                               00000005
SEN                               00000000
SENDB                             00000003
SMP                               00000007
SP0                               00000000
SP1                               00000001
SP2                               00000002
SP3                               00000003
SP4                               00000004
SPBRG                             00000FAF
MPASM 5.84                          HARD.ASM   10-29-2025  21:24:46         PAGE 32


SYMBOL TABLE
  LABEL                             VALUE 

SPBRGH                            00000FB0
SPEN                              00000007
SREN                              00000005
SS                                00000005
SSPADD                            00000FC8
SSPBUF                            00000FC9
SSPCON1                           00000FC6
SSPCON2                           00000FC5
SSPEN                             00000005
SSPIE                             00000003
SSPIF                             00000003
SSPIP                             00000003
SSPM0                             00000000
SSPM1                             00000001
SSPM2                             00000002
SSPM3                             00000003
SSPOV                             00000006
SSPSTAT                           00000FC7
STATUS                            00000FD8
STKFUL                            00000007
STKOVF                            00000007
STKPTR                            00000FFC
STKUNF                            00000006
SWDTE                             00000000
SWDTEN                            00000000
SYNC                              00000004
T016BIT                           00000006
T08BIT                            00000006
T0CKI                             00000004
T0CON                             00000FD5
T0CS                              00000005
T0IE                              00000005
T0IF                              00000002
T0PS0                             00000000
T0PS1                             00000001
T0PS2                             00000002
T0PS3                             00000003
T0SE                              00000004
T13CKI                            00000000
T1CKI                             00000000
T1CKPS0                           00000004
T1CKPS1                           00000005
T1CON                             00000FCD
T1OSCEN                           00000003
T1OSI                             00000001
T1OSO                             00000000
T1RUN                             00000006
T1SYNC                            00000002
T2CKPS0                           00000000
T2CKPS1                           00000001
T2CON                             00000FCA
T2OUTPS0                          00000003
T2OUTPS1                          00000004
MPASM 5.84                          HARD.ASM   10-29-2025  21:24:46         PAGE 33


SYMBOL TABLE
  LABEL                             VALUE 

T2OUTPS2                          00000005
T2OUTPS3                          00000006
T3CCP1                            00000003
T3CCP2                            00000006
T3CKPS0                           00000004
T3CKPS1                           00000005
T3CON                             00000FB1
T3SYNC                            00000002
TABLAT                            00000FF5
TBLPTR                            00000FF6
TBLPTRH                           00000FF7
TBLPTRL                           00000FF6
TBLPTRU                           00000FF8
TMR0                              00000FD6
TMR0H                             00000FD7
TMR0IE                            00000005
TMR0IF                            00000002
TMR0IP                            00000002
TMR0L                             00000FD6
TMR0ON                            00000007
TMR1                              00000FCE
TMR1CS                            00000001
TMR1H                             00000FCF
TMR1IE                            00000000
TMR1IF                            00000000
TMR1IP                            00000000
TMR1L                             00000FCE
TMR1ON                            00000000
TMR2                              00000FCC
TMR2IE                            00000001
TMR2IF                            00000001
TMR2IP                            00000001
TMR2ON                            00000002
TMR3                              00000FB2
TMR3CS                            00000001
TMR3H                             00000FB3
TMR3IE                            00000001
TMR3IF                            00000001
TMR3IP                            00000001
TMR3L                             00000FB2
TMR3ON                            00000000
TO                                00000003
TOS                               00000FFD
TOSH                              00000FFE
TOSL                              00000FFD
TOSU                              00000FFF
TOUTPS0                           00000003
TOUTPS1                           00000004
TOUTPS2                           00000005
TOUTPS3                           00000006
TRISA                             00000F92
TRISA0                            00000000
TRISA1                            00000001
MPASM 5.84                          HARD.ASM   10-29-2025  21:24:46         PAGE 34


SYMBOL TABLE
  LABEL                             VALUE 

TRISA2                            00000002
TRISA3                            00000003
TRISA4                            00000004
TRISA5                            00000005
TRISA6                            00000006
TRISA7                            00000007
TRISB                             00000F93
TRISB0                            00000000
TRISB1                            00000001
TRISB2                            00000002
TRISB3                            00000003
TRISB4                            00000004
TRISB5                            00000005
TRISB6                            00000006
TRISB7                            00000007
TRISC                             00000F94
TRISC0                            00000000
TRISC1                            00000001
TRISC2                            00000002
TRISC3                            00000003
TRISC4                            00000004
TRISC5                            00000005
TRISC6                            00000006
TRISC7                            00000007
TRISD                             00000F95
TRISD0                            00000000
TRISD1                            00000001
TRISD2                            00000002
TRISD3                            00000003
TRISD4                            00000004
TRISD5                            00000005
TRISD6                            00000006
TRISD7                            00000007
TRISE                             00000F96
TRISE0                            00000000
TRISE1                            00000001
TRISE2                            00000002
TRMT                              00000001
TUN0                              00000000
TUN1                              00000001
TUN2                              00000002
TUN3                              00000003
TUN4                              00000004
TX                                00000006
TX9                               00000006
TX9D                              00000000
TXCKP                             00000004
TXEN                              00000005
TXIE                              00000004
TXIF                              00000004
TXIP                              00000004
TXREG                             00000FAD
TXSTA                             00000FAC
MPASM 5.84                          HARD.ASM   10-29-2025  21:24:46         PAGE 35


SYMBOL TABLE
  LABEL                             VALUE 

UA                                00000001
VCFG0                             00000004
VCFG1                             00000005
VDIRMAG                           00000007
VPP                               00000003
VREFN                             00000002
VREFP                             00000003
W                                 00000000
WCOL                              00000007
WDTCON                            00000FD1
WR                                00000001
WREG                              00000FE8
WREN                              00000002
WRERR                             00000003
WUE                               00000001
Z                                 00000002
_BOREN_NOSLP_2L                   000000FD
_BOREN_OFF_2L                     000000F9
_BOREN_ON_2L                      000000FB
_BOREN_SBORDIS_2L                 000000FF
_BORV_0_2L                        000000E7
_BORV_1_2L                        000000EF
_BORV_2_2L                        000000F7
_BORV_3_2L                        000000FF
_CCP2MX_PORTBE_3H                 000000FE
_CCP2MX_PORTC_3H                  000000FF
_CONFIG1H                         00300001
_CONFIG2H                         00300003
_CONFIG2L                         00300002
_CONFIG3H                         00300005
_CONFIG4L                         00300006
_CONFIG5H                         00300009
_CONFIG5L                         00300008
_CONFIG6H                         0030000B
_CONFIG6L                         0030000A
_CONFIG7H                         0030000D
_CONFIG7L                         0030000C
_CP0_OFF_5L                       000000FF
_CP0_ON_5L                        000000FE
_CP1_OFF_5L                       000000FF
_CP1_ON_5L                        000000FD
_CP2_OFF_5L                       000000FF
_CP2_ON_5L                        000000FB
_CP3_OFF_5L                       000000FF
_CP3_ON_5L                        000000F7
_CPB_OFF_5H                       000000FF
_CPB_ON_5H                        000000BF
_CPD_OFF_5H                       000000FF
_CPD_ON_5H                        0000007F
_DEBUG_OFF_4L                     000000FF
_DEBUG_ON_4L                      0000007F
_DEVID1                           003FFFFE
_DEVID2                           003FFFFF
MPASM 5.84                          HARD.ASM   10-29-2025  21:24:46         PAGE 36


SYMBOL TABLE
  LABEL                             VALUE 

_EBTR0_OFF_7L                     000000FF
_EBTR0_ON_7L                      000000FE
_EBTR1_OFF_7L                     000000FF
_EBTR1_ON_7L                      000000FD
_EBTR2_OFF_7L                     000000FF
_EBTR2_ON_7L                      000000FB
_EBTR3_OFF_7L                     000000FF
_EBTR3_ON_7L                      000000F7
_EBTRB_OFF_7H                     000000FF
_EBTRB_ON_7H                      000000BF
_FCMEN_OFF_1H                     000000BF
_FCMEN_ON_1H                      000000FF
_IDLOC0                           00200000
_IDLOC1                           00200001
_IDLOC2                           00200002
_IDLOC3                           00200003
_IDLOC4                           00200004
_IDLOC5                           00200005
_IDLOC6                           00200006
_IDLOC7                           00200007
_IESO_OFF_1H                      0000007F
_IESO_ON_1H                       000000FF
_LPT1OSC_OFF_3H                   000000FB
_LPT1OSC_ON_3H                    000000FF
_LVP_OFF_4L                       000000FB
_LVP_ON_4L                        000000FF
_MCLRE_OFF_3H                     0000007F
_MCLRE_ON_3H                      000000FF
_OSC_ECIO6_1H                     000000F5
_OSC_EC_1H                        000000F4
_OSC_HSPLL_1H                     000000F6
_OSC_HS_1H                        000000F2
_OSC_INTIO67_1H                   000000F8
_OSC_INTIO7_1H                    000000F9
_OSC_LP_1H                        000000F0
_OSC_RCIO6_1H                     000000F7
_OSC_RC_1H                        000000F3
_OSC_XT_1H                        000000F1
_PBADEN_OFF_3H                    000000FD
_PBADEN_ON_3H                     000000FF
_PWRT_OFF_2L                      000000FF
_PWRT_ON_2L                       000000FE
_STVREN_OFF_4L                    000000FE
_STVREN_ON_4L                     000000FF
_WDTPS_1024_2H                    000000F5
_WDTPS_128_2H                     000000EF
_WDTPS_16384_2H                   000000FD
_WDTPS_16_2H                      000000E9
_WDTPS_1_2H                       000000E1
_WDTPS_2048_2H                    000000F7
_WDTPS_256_2H                     000000F1
_WDTPS_2_2H                       000000E3
_WDTPS_32768_2H                   000000FF
MPASM 5.84                          HARD.ASM   10-29-2025  21:24:46         PAGE 37


SYMBOL TABLE
  LABEL                             VALUE 

_WDTPS_32_2H                      000000EB
_WDTPS_4096_2H                    000000F9
_WDTPS_4_2H                       000000E5
_WDTPS_512_2H                     000000F3
_WDTPS_64_2H                      000000ED
_WDTPS_8192_2H                    000000FB
_WDTPS_8_2H                       000000E7
_WDT_OFF_2H                       000000FE
_WDT_ON_2H                        000000FF
_WRT0_OFF_6L                      000000FF
_WRT0_ON_6L                       000000FE
_WRT1_OFF_6L                      000000FF
_WRT1_ON_6L                       000000FD
_WRT2_OFF_6L                      000000FF
_WRT2_ON_6L                       000000FB
_WRT3_OFF_6L                      000000FF
_WRT3_ON_6L                       000000F7
_WRTB_OFF_6H                      000000FF
_WRTB_ON_6H                       000000BF
_WRTC_OFF_6H                      000000FF
_WRTC_ON_6H                       000000DF
_WRTD_OFF_6H                      000000FF
_WRTD_ON_6H                       0000007F
_XINST_OFF_4L                     000000BF
_XINST_ON_4L                      000000FF
__18F4520                         00000001
__DEBUG                           
check_process                     0000001A
delay                             
int                               00000000
start                             00000000
wait_release                      0000003C

Errors   :     0
Warnings :    85 reported,     0 suppressed
Messages :     0 reported,     0 suppressed

