

Microchip MPLAB XC8 Assembler V3.00 build 20241204225717 
                                                                                               Mon Nov 17 12:04:19 2025

Microchip MPLAB XC8 C Compiler v3.00 (Free license) build 20241204225717 Og1 
     1                           	processor	18F4520
     2                           	fnconf	rparam,??,?,0
     3                           	pagewidth 120
     4                           	opt	flic
     5                           	psect	nvCOMRAM,global,class=COMRAM,space=1,delta=1,lowdata,noexec
     6                           	psect	cinit,global,reloc=2,class=CODE,space=0,delta=1
     7                           	psect	cstackCOMRAM,global,class=COMRAM,space=1,delta=1,lowdata,noexec
     8                           	psect	text0,global,reloc=2,class=CODE,space=0,delta=1
     9                           	psect	intcode,global,reloc=2,class=CODE,space=0,delta=1
    10                           	psect	intcode_body,global,reloc=2,class=CODE,space=0,delta=1
    11                           	psect	text2,global,reloc=2,class=CODE,space=0,delta=1
    12                           	psect	smallconst,global,reloc=2,class=SMALLCONST,space=0,delta=1,noexec
    13                           	psect	intsave_regs,global,class=BIGRAM,space=1,delta=1,noexec
    14                           	psect	rparam,global,class=COMRAM,space=1,delta=1,noexec
    15                           	psect	temp,global,ovrld,common,class=COMRAM,space=1,delta=1,lowdata
    16                           	psect	idloc,global,abs,ovrld,class=IDLOC,space=5,delta=1,noexec
    17                           	psect	config,global,abs,ovrld,class=CONFIG,space=4,delta=1,noexec
    18   000000                     
    19                           ; Generated 05/12/2024 GMT
    20                           ; 
    21                           ; Copyright © 2024, Microchip Technology Inc. and its subsidiaries ("Microchip")
    22                           ; All rights reserved.
    23                           ; 
    24                           ; This software is developed by Microchip Technology Inc. and its subsidiaries ("Microch
      +                          ip").
    25                           ; 
    26                           ; Redistribution and use in source and binary forms, with or without modification, are
    27                           ; permitted provided that the following conditions are met:
    28                           ; 
    29                           ;     1. Redistributions of source code must retain the above copyright notice, this lis
      +                          t of
    30                           ;        conditions and the following disclaimer.
    31                           ; 
    32                           ;     2. Redistributions in binary form must reproduce the above copyright notice, this 
      +                          list
    33                           ;        of conditions and the following disclaimer in the documentation and/or other
    34                           ;        materials provided with the distribution. Publication is not required when
    35                           ;        this file is used in an embedded application.
    36                           ; 
    37                           ;     3. Microchip's name may not be used to endorse or promote products derived from th
      +                          is
    38                           ;        software without specific prior written permission.
    39                           ; 
    40                           ; THIS SOFTWARE IS PROVIDED BY MICROCHIP "AS IS" AND ANY EXPRESS OR IMPLIED WARRANTIES,
    41                           ; INCLUDING, BUT NOT LIMITED TO, THE IMPLIED WARRANTIES OF MERCHANTABILITY AND FITNESS F
      +                          OR
    42                           ; PURPOSE ARE DISCLAIMED.  IN NO EVENT SHALL MICROCHIP BE LIABLE FOR ANY DIRECT, INDIREC
      +                          T,
    43                           ; INCIDENTAL, SPECIAL, EXEMPLARY, OR CONSEQUENTIAL DAMAGES (INCLUDING BUT NOT LIMITED TO
    44                           ; PROCUREMENT OF SUBSTITUTE GOODS OR SERVICES; LOSS OF USE, DATA OR PROFITS; OR BUSINESS
    45                           ; INTERRUPTION) HOWSOEVER CAUSED AND ON ANY THEORY OF LIABILITY, WHETHER IN CONTRACT, ST
      +                          RICT
    46                           ; LIABILITY, OR TORT (INCLUDING NEGLIGENCE OR OTHERWISE) ARISING IN ANY WAY OUT OF THE U
      +                          SE OF
    47                           ; THIS SOFTWARE, EVEN IF ADVISED OF THE POSSIBILITY OF SUCH DAMAGE.
    48                           ; 
    49                           ; 
    50                           ; Code-generator required, PIC18F4520 Definitions
    51                           ; 
    52                           ; SFR Addresses
    53   000FE0                     bsr             equ	4064
    54   000FE9                     fsr0            equ	4073
    55   000FEA                     fsr0h           equ	4074
    56   000FE9                     fsr0l           equ	4073
    57   000FE1                     fsr1            equ	4065
    58   000FE2                     fsr1h           equ	4066
    59   000FE1                     fsr1l           equ	4065
    60   000FD9                     fsr2            equ	4057
    61   000FDA                     fsr2h           equ	4058
    62   000FD9                     fsr2l           equ	4057
    63   000FEF                     indf0           equ	4079
    64   000FE7                     indf1           equ	4071
    65   000FDF                     indf2           equ	4063
    66   000FF2                     intcon          equ	4082
    67   000000                     nvmcon          equ	0
    68   000FF9                     pcl             equ	4089
    69   000FFA                     pclath          equ	4090
    70   000FFB                     pclatu          equ	4091
    71   000FEB                     plusw0          equ	4075
    72   000FE3                     plusw1          equ	4067
    73   000FDB                     plusw2          equ	4059
    74   000FED                     postdec0        equ	4077
    75   000FE5                     postdec1        equ	4069
    76   000FDD                     postdec2        equ	4061
    77   000FEE                     postinc0        equ	4078
    78   000FE6                     postinc1        equ	4070
    79   000FDE                     postinc2        equ	4062
    80   000FEC                     preinc0         equ	4076
    81   000FE4                     preinc1         equ	4068
    82   000FDC                     preinc2         equ	4060
    83   000FF3                     prod            equ	4083
    84   000FF4                     prodh           equ	4084
    85   000FF3                     prodl           equ	4083
    86   000FD8                     status          equ	4056
    87   000FF5                     tablat          equ	4085
    88   000FF6                     tblptr          equ	4086
    89   000FF7                     tblptrh         equ	4087
    90   000FF6                     tblptrl         equ	4086
    91   000FF8                     tblptru         equ	4088
    92   000FFD                     tosl            equ	4093
    93   000FE8                     wreg            equ	4072
    94   000F80                     PORTA           equ	3968	;# 
    95   000F81                     PORTB           equ	3969	;# 
    96   000F82                     PORTC           equ	3970	;# 
    97   000F83                     PORTD           equ	3971	;# 
    98   000F84                     PORTE           equ	3972	;# 
    99   000F89                     LATA            equ	3977	;# 
   100   000F8A                     LATB            equ	3978	;# 
   101   000F8B                     LATC            equ	3979	;# 
   102   000F8C                     LATD            equ	3980	;# 
   103   000F8D                     LATE            equ	3981	;# 
   104   000F92                     TRISA           equ	3986	;# 
   105   000F92                     DDRA            equ	3986	;# 
   106   000F93                     TRISB           equ	3987	;# 
   107   000F93                     DDRB            equ	3987	;# 
   108   000F94                     TRISC           equ	3988	;# 
   109   000F94                     DDRC            equ	3988	;# 
   110   000F95                     TRISD           equ	3989	;# 
   111   000F95                     DDRD            equ	3989	;# 
   112   000F96                     TRISE           equ	3990	;# 
   113   000F96                     DDRE            equ	3990	;# 
   114   000F9B                     OSCTUNE         equ	3995	;# 
   115   000F9D                     PIE1            equ	3997	;# 
   116   000F9E                     PIR1            equ	3998	;# 
   117   000F9F                     IPR1            equ	3999	;# 
   118   000FA0                     PIE2            equ	4000	;# 
   119   000FA1                     PIR2            equ	4001	;# 
   120   000FA2                     IPR2            equ	4002	;# 
   121   000FA6                     EECON1          equ	4006	;# 
   122   000FA7                     EECON2          equ	4007	;# 
   123   000FA8                     EEDATA          equ	4008	;# 
   124   000FA9                     EEADR           equ	4009	;# 
   125   000FAB                     RCSTA           equ	4011	;# 
   126   000FAB                     RCSTA1          equ	4011	;# 
   127   000FAC                     TXSTA           equ	4012	;# 
   128   000FAC                     TXSTA1          equ	4012	;# 
   129   000FAD                     TXREG           equ	4013	;# 
   130   000FAD                     TXREG1          equ	4013	;# 
   131   000FAE                     RCREG           equ	4014	;# 
   132   000FAE                     RCREG1          equ	4014	;# 
   133   000FAF                     SPBRG           equ	4015	;# 
   134   000FAF                     SPBRG1          equ	4015	;# 
   135   000FB0                     SPBRGH          equ	4016	;# 
   136   000FB1                     T3CON           equ	4017	;# 
   137   000FB2                     TMR3            equ	4018	;# 
   138   000FB2                     TMR3L           equ	4018	;# 
   139   000FB3                     TMR3H           equ	4019	;# 
   140   000FB4                     CMCON           equ	4020	;# 
   141   000FB5                     CVRCON          equ	4021	;# 
   142   000FB6                     ECCP1AS         equ	4022	;# 
   143   000FB6                     ECCPAS          equ	4022	;# 
   144   000FB7                     PWM1CON         equ	4023	;# 
   145   000FB7                     ECCP1DEL        equ	4023	;# 
   146   000FB8                     BAUDCON         equ	4024	;# 
   147   000FB8                     BAUDCTL         equ	4024	;# 
   148   000FBA                     CCP2CON         equ	4026	;# 
   149   000FBB                     CCPR2           equ	4027	;# 
   150   000FBB                     CCPR2L          equ	4027	;# 
   151   000FBC                     CCPR2H          equ	4028	;# 
   152   000FBD                     CCP1CON         equ	4029	;# 
   153   000FBE                     CCPR1           equ	4030	;# 
   154   000FBE                     CCPR1L          equ	4030	;# 
   155   000FBF                     CCPR1H          equ	4031	;# 
   156   000FC0                     ADCON2          equ	4032	;# 
   157   000FC1                     ADCON1          equ	4033	;# 
   158   000FC2                     ADCON0          equ	4034	;# 
   159   000FC3                     ADRES           equ	4035	;# 
   160   000FC3                     ADRESL          equ	4035	;# 
   161   000FC4                     ADRESH          equ	4036	;# 
   162   000FC5                     SSPCON2         equ	4037	;# 
   163   000FC6                     SSPCON1         equ	4038	;# 
   164   000FC7                     SSPSTAT         equ	4039	;# 
   165   000FC8                     SSPADD          equ	4040	;# 
   166   000FC9                     SSPBUF          equ	4041	;# 
   167   000FCA                     T2CON           equ	4042	;# 
   168   000FCB                     PR2             equ	4043	;# 
   169   000FCB                     MEMCON          equ	4043	;# 
   170   000FCC                     TMR2            equ	4044	;# 
   171   000FCD                     T1CON           equ	4045	;# 
   172   000FCE                     TMR1            equ	4046	;# 
   173   000FCE                     TMR1L           equ	4046	;# 
   174   000FCF                     TMR1H           equ	4047	;# 
   175   000FD0                     RCON            equ	4048	;# 
   176   000FD1                     WDTCON          equ	4049	;# 
   177   000FD2                     HLVDCON         equ	4050	;# 
   178   000FD2                     LVDCON          equ	4050	;# 
   179   000FD3                     OSCCON          equ	4051	;# 
   180   000FD5                     T0CON           equ	4053	;# 
   181   000FD6                     TMR0            equ	4054	;# 
   182   000FD6                     TMR0L           equ	4054	;# 
   183   000FD7                     TMR0H           equ	4055	;# 
   184   000FD8                     STATUS          equ	4056	;# 
   185   000FD9                     FSR2            equ	4057	;# 
   186   000FD9                     FSR2L           equ	4057	;# 
   187   000FDA                     FSR2H           equ	4058	;# 
   188   000FDB                     PLUSW2          equ	4059	;# 
   189   000FDC                     PREINC2         equ	4060	;# 
   190   000FDD                     POSTDEC2        equ	4061	;# 
   191   000FDE                     POSTINC2        equ	4062	;# 
   192   000FDF                     INDF2           equ	4063	;# 
   193   000FE0                     BSR             equ	4064	;# 
   194   000FE1                     FSR1            equ	4065	;# 
   195   000FE1                     FSR1L           equ	4065	;# 
   196   000FE2                     FSR1H           equ	4066	;# 
   197   000FE3                     PLUSW1          equ	4067	;# 
   198   000FE4                     PREINC1         equ	4068	;# 
   199   000FE5                     POSTDEC1        equ	4069	;# 
   200   000FE6                     POSTINC1        equ	4070	;# 
   201   000FE7                     INDF1           equ	4071	;# 
   202   000FE8                     WREG            equ	4072	;# 
   203   000FE9                     FSR0            equ	4073	;# 
   204   000FE9                     FSR0L           equ	4073	;# 
   205   000FEA                     FSR0H           equ	4074	;# 
   206   000FEB                     PLUSW0          equ	4075	;# 
   207   000FEC                     PREINC0         equ	4076	;# 
   208   000FED                     POSTDEC0        equ	4077	;# 
   209   000FEE                     POSTINC0        equ	4078	;# 
   210   000FEF                     INDF0           equ	4079	;# 
   211   000FF0                     INTCON3         equ	4080	;# 
   212   000FF1                     INTCON2         equ	4081	;# 
   213   000FF2                     INTCON          equ	4082	;# 
   214   000FF3                     PROD            equ	4083	;# 
   215   000FF3                     PRODL           equ	4083	;# 
   216   000FF4                     PRODH           equ	4084	;# 
   217   000FF5                     TABLAT          equ	4085	;# 
   218   000FF6                     TBLPTR          equ	4086	;# 
   219   000FF6                     TBLPTRL         equ	4086	;# 
   220   000FF7                     TBLPTRH         equ	4087	;# 
   221   000FF8                     TBLPTRU         equ	4088	;# 
   222   000FF9                     PCLAT           equ	4089	;# 
   223   000FF9                     PC              equ	4089	;# 
   224   000FF9                     PCL             equ	4089	;# 
   225   000FFA                     PCLATH          equ	4090	;# 
   226   000FFB                     PCLATU          equ	4091	;# 
   227   000FFC                     STKPTR          equ	4092	;# 
   228   000FFD                     TOS             equ	4093	;# 
   229   000FFD                     TOSL            equ	4093	;# 
   230   000FFE                     TOSH            equ	4094	;# 
   231   000FFF                     TOSU            equ	4095	;# 
   232                           
   233                           	psect	nvCOMRAM
   234   00000F                     __pnvCOMRAM:
   235                           	callstack 0
   236   00000F                     _last_adc_value:
   237                           	callstack 0
   238   00000F                     	ds	1
   239   000F94                     _TRISCbits      set	3988
   240   000F9D                     _PIE1bits       set	3997
   241   000FC0                     _ADCON2bits     set	4032
   242   000FC1                     _ADCON1bits     set	4033
   243   000FCB                     _PR2            set	4043
   244   000FCA                     _T2CONbits      set	4042
   245   000FD3                     _OSCCONbits     set	4051
   246   000FC2                     _ADCON0bits     set	4034
   247   000F9E                     _PIR1bits       set	3998
   248   000FC4                     _ADRESH         set	4036
   249   000FBD                     _CCP1CONbits    set	4029
   250   000FBE                     _CCPR1L         set	4030
   251   000FF2                     _INTCONbits     set	4082
   252                           
   253                           ; #config settings
   254                           
   255                           	psect	cinit
   256   000738                     __pcinit:
   257                           	callstack 0
   258   000738                     start_initialization:
   259                           	callstack 0
   260   000738                     __initialization:
   261                           	callstack 0
   262   000738                     end_of_initialization:
   263                           	callstack 0
   264   000738                     __end_of__initialization:
   265                           	callstack 0
   266   000738  9010               	bcf	int$flags,0,c	;clear compiler interrupt flag (level 1)
   267   00073A  9210               	bcf	int$flags,1,c	;clear compiler interrupt flag (level 2)
   268   00073C  0100               	movlb	0
   269   00073E  EF4D  F003         	goto	_main	;jump to C main() function
   270                           
   271                           	psect	cstackCOMRAM
   272   000001                     __pcstackCOMRAM:
   273                           	callstack 0
   274   000001                     ??_setDuty:
   275                           
   276                           ; 1 bytes @ 0x0
   277   000001                     	ds	2
   278   000003                     setDuty@adc_value:
   279                           	callstack 0
   280                           
   281                           ; 1 bytes @ 0x2
   282   000003                     	ds	1
   283   000004                     setDuty@inv:
   284                           	callstack 0
   285                           
   286                           ; 1 bytes @ 0x3
   287   000004                     	ds	1
   288   000005                     setDuty@duty10:
   289                           	callstack 0
   290                           
   291                           ; 2 bytes @ 0x4
   292   000005                     	ds	2
   293   000007                     ??_H_ISR:
   294                           
   295                           ; 1 bytes @ 0x6
   296   000007                     	ds	7
   297   00000E                     H_ISR@current_adc:
   298                           	callstack 0
   299                           
   300                           ; 1 bytes @ 0xD
   301   00000E                     	ds	1
   302   00000F                     
   303                           ; 1 bytes @ 0xE
   304 ;;
   305 ;;Main: autosize = 0, tempsize = 0, incstack = 0, save=0
   306 ;;
   307 ;; *************** function _main *****************
   308 ;; Defined at:
   309 ;;		line 42 in file "Hard.c"
   310 ;; Parameters:    Size  Location     Type
   311 ;;		None
   312 ;; Auto vars:     Size  Location     Type
   313 ;;		None
   314 ;; Return value:  Size  Location     Type
   315 ;;                  1    wreg      void 
   316 ;; Registers used:
   317 ;;		wreg, status,2
   318 ;; Tracked objects:
   319 ;;		On entry : 0/0
   320 ;;		On exit  : 0/0
   321 ;;		Unchanged: 0/0
   322 ;; Data sizes:     COMRAM   BANK0   BANK1   BANK2   BANK3   BANK4   BANK5
   323 ;;      Params:         0       0       0       0       0       0       0
   324 ;;      Locals:         0       0       0       0       0       0       0
   325 ;;      Temps:          0       0       0       0       0       0       0
   326 ;;      Totals:         0       0       0       0       0       0       0
   327 ;;Total ram usage:        0 bytes
   328 ;; Hardware stack levels required when called: 2
   329 ;; This function calls:
   330 ;;		Nothing
   331 ;; This function is called by:
   332 ;;		Startup code after reset
   333 ;; This function uses a non-reentrant model
   334 ;;
   335                           
   336                           	psect	text0
   337   00069A                     __ptext0:
   338                           	callstack 0
   339   00069A                     _main:
   340                           	callstack 29
   341   00069A  50D3               	movf	211,w,c	;volatile
   342   00069C  0B8F               	andlw	-113
   343   00069E  0940               	iorlw	64
   344   0006A0  6ED3               	movwf	211,c	;volatile
   345   0006A2  84CA               	bsf	202,2,c	;volatile
   346   0006A4  50CA               	movf	202,w,c	;volatile
   347   0006A6  0BFC               	andlw	-4
   348   0006A8  0901               	iorlw	1
   349   0006AA  6ECA               	movwf	202,c	;volatile
   350   0006AC  50BD               	movf	189,w,c	;volatile
   351   0006AE  0BF0               	andlw	-16
   352   0006B0  090C               	iorlw	12
   353   0006B2  6EBD               	movwf	189,c	;volatile
   354   0006B4  9494               	bcf	148,2,c	;volatile
   355                           
   356                           ;Hard.c: 61:     PR2 = 0x9B;
   357   0006B6  0E9B               	movlw	155
   358   0006B8  6ECB               	movwf	203,c	;volatile
   359   0006BA                     
   360                           ;Hard.c: 63:     ADCON1bits.VCFG0 = 0;
   361   0006BA  98C1               	bcf	193,4,c	;volatile
   362   0006BC                     
   363                           ;Hard.c: 64:     ADCON1bits.VCFG1 = 0;
   364   0006BC  9AC1               	bcf	193,5,c	;volatile
   365                           
   366                           ;Hard.c: 65:     ADCON1bits.PCFG = 0b1110;
   367   0006BE  50C1               	movf	193,w,c	;volatile
   368   0006C0  0BF0               	andlw	-16
   369   0006C2  090E               	iorlw	14
   370   0006C4  6EC1               	movwf	193,c	;volatile
   371                           
   372                           ;Hard.c: 67:     ADCON0bits.CHS = 0b0000;
   373   0006C6  0EC3               	movlw	-61
   374   0006C8  16C2               	andwf	194,f,c	;volatile
   375                           
   376                           ;Hard.c: 68:     ADCON2bits.ADCS = 0b000;
   377   0006CA  0EF8               	movlw	-8
   378   0006CC  16C0               	andwf	192,f,c	;volatile
   379                           
   380                           ;Hard.c: 69:     ADCON2bits.ACQT = 0b001;
   381   0006CE  50C0               	movf	192,w,c	;volatile
   382   0006D0  0BC7               	andlw	-57
   383   0006D2  0908               	iorlw	8
   384   0006D4  6EC0               	movwf	192,c	;volatile
   385   0006D6                     
   386                           ;Hard.c: 70:     ADCON2bits.ADFM = 0;
   387   0006D6  9EC0               	bcf	192,7,c	;volatile
   388   0006D8                     
   389                           ;Hard.c: 72:     ADCON0bits.ADON = 1;
   390   0006D8  80C2               	bsf	194,0,c	;volatile
   391   0006DA                     
   392                           ;Hard.c: 77:     PIE1bits.ADIE = 1;
   393   0006DA  8C9D               	bsf	157,6,c	;volatile
   394   0006DC                     
   395                           ;Hard.c: 78:     PIR1bits.ADIF = 0;
   396   0006DC  9C9E               	bcf	158,6,c	;volatile
   397   0006DE                     
   398                           ;Hard.c: 79:     INTCONbits.PEIE = 1;
   399   0006DE  8CF2               	bsf	242,6,c	;volatile
   400   0006E0                     
   401                           ;Hard.c: 80:     INTCONbits.GIE = 1;
   402   0006E0  8EF2               	bsf	242,7,c	;volatile
   403   0006E2                     
   404                           ;Hard.c: 85:     ADCON0bits.GO = 1;
   405   0006E2  82C2               	bsf	194,1,c	;volatile
   406   0006E4                     
   407                           ;Hard.c: 87:     CCPR1L = 0x00;
   408   0006E4  6ABE               	clrf	190,c	;volatile
   409                           
   410                           ;Hard.c: 88:     CCP1CONbits.DC1B = 0;
   411   0006E6  0ECF               	movlw	-49
   412   0006E8  16BD               	andwf	189,f,c	;volatile
   413   0006EA                     
   414                           ;Hard.c: 90:     last_adc_value = ADRESH;
   415   0006EA  CFC4 F00F          	movff	4036,_last_adc_value	;volatile
   416   0006EE                     l44:
   417   0006EE  EF77  F003         	goto	l44
   418   0006F2  EF07  F000         	goto	start
   419   0006F6                     __end_of_main:
   420                           	callstack 0
   421                           
   422 ;; *************** function _H_ISR *****************
   423 ;; Defined at:
   424 ;;		line 24 in file "Hard.c"
   425 ;; Parameters:    Size  Location     Type
   426 ;;		None
   427 ;; Auto vars:     Size  Location     Type
   428 ;;  current_adc     1   13[COMRAM] unsigned char 
   429 ;; Return value:  Size  Location     Type
   430 ;;                  1    wreg      void 
   431 ;; Registers used:
   432 ;;		wreg, status,2, status,0, prodl, prodh, cstack
   433 ;; Tracked objects:
   434 ;;		On entry : 0/0
   435 ;;		On exit  : 0/0
   436 ;;		Unchanged: 0/0
   437 ;; Data sizes:     COMRAM   BANK0   BANK1   BANK2   BANK3   BANK4   BANK5
   438 ;;      Params:         0       0       0       0       0       0       0
   439 ;;      Locals:         1       0       0       0       0       0       0
   440 ;;      Temps:          7       0       0       0       0       0       0
   441 ;;      Totals:         8       0       0       0       0       0       0
   442 ;;Total ram usage:        8 bytes
   443 ;; Hardware stack levels used: 1
   444 ;; Hardware stack levels required when called: 1
   445 ;; This function calls:
   446 ;;		_setDuty
   447 ;; This function is called by:
   448 ;;		Interrupt level 2
   449 ;; This function uses a non-reentrant model
   450 ;;
   451                           
   452                           	psect	intcode
   453   000008                     __pintcode:
   454                           	callstack 0
   455   000008                     _H_ISR:
   456                           	callstack 29
   457                           
   458                           ;incstack = 0
   459   000008  8210               	bsf	int$flags,1,c	;set compiler interrupt flag (level 2)
   460   00000A  ED01  F003         	call	int_func,f	;refresh shadow registers
   461                           
   462                           	psect	intcode_body
   463   000602                     __pintcode_body:
   464                           	callstack 29
   465   000602                     int_func:
   466                           	callstack 29
   467   000602  0006               	pop		; remove dummy address from shadow register refresh
   468   000604  CFF3 F00C          	movff	prodl,??_H_ISR+5
   469   000608  CFF4 F00D          	movff	prodh,??_H_ISR+6
   470   00060C                     
   471                           ;Hard.c: 26:     PIR1bits.ADIF = 0;
   472   00060C  CFC4 F00E          	movff	4036,H_ISR@current_adc	;volatile
   473   000610                     
   474                           ;Hard.c: 28: }
   475   000610  500E               	movf	H_ISR@current_adc^0,w,c
   476   000612  6E07               	movwf	??_H_ISR^0,c
   477   000614  6A08               	clrf	(??_H_ISR+1)^0,c
   478   000616  500F               	movf	_last_adc_value^0,w,c
   479   000618  6E09               	movwf	(??_H_ISR+2)^0,c
   480   00061A  6A0A               	clrf	(??_H_ISR+3)^0,c
   481   00061C  0E05               	movlw	5
   482   00061E  2609               	addwf	(??_H_ISR+2)^0,f,c
   483   000620  0E00               	movlw	0
   484   000622  220A               	addwfc	(??_H_ISR+3)^0,f,c
   485   000624  5007               	movf	??_H_ISR^0,w,c
   486   000626  5C09               	subwf	(??_H_ISR+2)^0,w,c
   487   000628  500A               	movf	(??_H_ISR+3)^0,w,c
   488   00062A  0A80               	xorlw	128
   489   00062C  6E0B               	movwf	(??_H_ISR+4)^0,c
   490   00062E  5008               	movf	(??_H_ISR+1)^0,w,c
   491   000630  0A80               	xorlw	128
   492   000632  580B               	subwfb	(??_H_ISR+4)^0,w,c
   493   000634  B0D8               	btfsc	status,0,c
   494   000636  EF1F  F003         	goto	i2u1_41
   495   00063A  EF21  F003         	goto	i2u1_40
   496   00063E                     i2u1_41:
   497   00063E  EF28  F003         	goto	i2l739
   498   000642                     i2u1_40:
   499   000642                     
   500                           ;Hard.c: 30: void main(void)
   501   000642  500E               	movf	H_ISR@current_adc^0,w,c
   502   000644  EC7B  F003         	call	_setDuty
   503   000648                     i2l737:
   504                           
   505                           ;Hard.c: 31: {
   506   000648  C00E  F00F         	movff	H_ISR@current_adc,_last_adc_value
   507                           
   508                           ;Hard.c: 32:     OSCCONbits.IRCF = 0b100;
   509   00064C  EF45  F003         	goto	i2l745
   510   000650                     i2l739:
   511   000650  0EFB               	movlw	251
   512   000652  240F               	addwf	_last_adc_value^0,w,c
   513   000654  6E07               	movwf	??_H_ISR^0,c
   514   000656  6A08               	clrf	(??_H_ISR+1)^0,c
   515   000658  0EFF               	movlw	255
   516   00065A  2208               	addwfc	(??_H_ISR+1)^0,f,c
   517   00065C  500E               	movf	H_ISR@current_adc^0,w,c
   518   00065E  6E09               	movwf	(??_H_ISR+2)^0,c
   519   000660  6A0A               	clrf	(??_H_ISR+3)^0,c
   520   000662  5007               	movf	??_H_ISR^0,w,c
   521   000664  5C09               	subwf	(??_H_ISR+2)^0,w,c
   522   000666  500A               	movf	(??_H_ISR+3)^0,w,c
   523   000668  0A80               	xorlw	128
   524   00066A  6E0B               	movwf	(??_H_ISR+4)^0,c
   525   00066C  5008               	movf	(??_H_ISR+1)^0,w,c
   526   00066E  0A80               	xorlw	128
   527   000670  580B               	subwfb	(??_H_ISR+4)^0,w,c
   528   000672  B0D8               	btfsc	status,0,c
   529   000674  EF3E  F003         	goto	i2u2_41
   530   000678  EF40  F003         	goto	i2u2_40
   531   00067C                     i2u2_41:
   532   00067C  EF45  F003         	goto	i2l745
   533   000680                     i2u2_40:
   534   000680                     
   535                           ;Hard.c: 34: 
   536   000680  500E               	movf	H_ISR@current_adc^0,w,c
   537   000682  EC7B  F003         	call	_setDuty
   538   000686  EF24  F003         	goto	i2l737
   539   00068A                     i2l745:
   540                           
   541                           ;Hard.c: 38: 
   542   00068A  9C9E               	bcf	158,6,c	;volatile
   543   00068C                     
   544                           ;Hard.c: 39:     CCP1CONbits.CCP1M = 0b1100;
   545   00068C  82C2               	bsf	194,1,c	;volatile
   546   00068E  C00D  FFF4         	movff	??_H_ISR+6,prodh
   547   000692  C00C  FFF3         	movff	??_H_ISR+5,prodl
   548   000696  9210               	bcf	int$flags,1,c	;clear compiler interrupt flag (level 2)
   549   000698  0011               	retfie		f
   550   00069A                     __end_of_H_ISR:
   551                           	callstack 0
   552                           
   553 ;; *************** function _setDuty *****************
   554 ;; Defined at:
   555 ;;		line 14 in file "Hard.c"
   556 ;; Parameters:    Size  Location     Type
   557 ;;  adc_value       1    wreg     unsigned char 
   558 ;; Auto vars:     Size  Location     Type
   559 ;;  adc_value       1    2[COMRAM] unsigned char 
   560 ;;  duty10          2    4[COMRAM] unsigned int 
   561 ;;  inv             1    3[COMRAM] unsigned char 
   562 ;; Return value:  Size  Location     Type
   563 ;;                  1    wreg      void 
   564 ;; Registers used:
   565 ;;		wreg, status,2, status,0, prodl, prodh
   566 ;; Tracked objects:
   567 ;;		On entry : 0/0
   568 ;;		On exit  : 0/0
   569 ;;		Unchanged: 0/0
   570 ;; Data sizes:     COMRAM   BANK0   BANK1   BANK2   BANK3   BANK4   BANK5
   571 ;;      Params:         0       0       0       0       0       0       0
   572 ;;      Locals:         4       0       0       0       0       0       0
   573 ;;      Temps:          2       0       0       0       0       0       0
   574 ;;      Totals:         6       0       0       0       0       0       0
   575 ;;Total ram usage:        6 bytes
   576 ;; Hardware stack levels used: 1
   577 ;; This function calls:
   578 ;;		Nothing
   579 ;; This function is called by:
   580 ;;		_H_ISR
   581 ;; This function uses a non-reentrant model
   582 ;;
   583                           
   584                           	psect	text2
   585   0006F6                     __ptext2:
   586                           	callstack 0
   587   0006F6                     _setDuty:
   588                           	callstack 29
   589                           
   590                           ;incstack = 0
   591                           ;setDuty@adc_value stored from wreg
   592   0006F6  6E03               	movwf	setDuty@adc_value^0,c
   593   0006F8                     
   594                           ;Hard.c: 14:     unsigned char current_adc = ADRESH;;Hard.c: 15: ;Hard.c: 16:     if ( c
      +                          urrent_adc > last_adc_value + 5 ) {
   595   0006F8  5003               	movf	setDuty@adc_value^0,w,c
   596   0006FA  0AFF               	xorlw	255
   597   0006FC  6E04               	movwf	setDuty@inv^0,c
   598   0006FE                     
   599                           ;Hard.c: 18:         setDuty(current_adc);
   600   0006FE  5004               	movf	setDuty@inv^0,w,c
   601   000700  0D04               	mullw	4
   602   000702  CFF3 F005          	movff	prodl,setDuty@duty10
   603   000706  CFF4 F006          	movff	prodh,setDuty@duty10+1
   604   00070A                     
   605                           ;Hard.c: 20:     } else if (current_adc < last_adc_value - 5){
   606   00070A  C005  F001         	movff	setDuty@duty10,??_setDuty
   607   00070E  C006  F002         	movff	setDuty@duty10+1,??_setDuty+1
   608   000712  90D8               	bcf	status,0,c
   609   000714  3202               	rrcf	(??_setDuty+1)^0,f,c
   610   000716  3201               	rrcf	??_setDuty^0,f,c
   611   000718  90D8               	bcf	status,0,c
   612   00071A  3202               	rrcf	(??_setDuty+1)^0,f,c
   613   00071C  3201               	rrcf	??_setDuty^0,f,c
   614   00071E  5001               	movf	??_setDuty^0,w,c
   615   000720  6EBE               	movwf	190,c	;volatile
   616   000722                     
   617                           ;Hard.c: 21: 
   618   000722  C005  F001         	movff	setDuty@duty10,??_setDuty
   619   000726  0E03               	movlw	3
   620   000728  1601               	andwf	??_setDuty^0,f,c
   621   00072A  3A01               	swapf	??_setDuty^0,f,c
   622   00072C  50BD               	movf	189,w,c	;volatile
   623   00072E  1801               	xorwf	??_setDuty^0,w,c
   624   000730  0BCF               	andlw	-49
   625   000732  1801               	xorwf	??_setDuty^0,w,c
   626   000734  6EBD               	movwf	189,c	;volatile
   627   000736  0012               	return		;funcret
   628   000738                     __end_of_setDuty:
   629                           	callstack 0
   630                           
   631                           	psect	smallconst
   632   000600                     __psmallconst:
   633                           	callstack 0
   634   000600  00                 	db	0
   635   000601  00                 	db	0	; dummy byte at the end
   636   000600                     __smallconst    set	__psmallconst
   637   000600                     __mediumconst   set	__psmallconst
   638   000000                     __activetblptr  equ	0
   639                           
   640                           	psect	rparam
   641   000001                     ___rparam_used  equ	1
   642   000000                     ___param_bank   equ	0
   643   000000                     __Lparam        equ	__Lrparam
   644   000000                     __Hparam        equ	__Hrparam
   645                           
   646                           	psect	temp
   647   000010                     btemp:
   648                           	callstack 0
   649   000010                     	ds	1
   650   000010                     int$flags       set	btemp
   651   000011                     wtemp8          set	btemp+1
   652   000011                     ttemp5          set	btemp+1
   653   000014                     ttemp6          set	btemp+4
   654   000018                     ttemp7          set	btemp+8
   655                           
   656                           	psect	idloc
   657                           
   658                           ;Config register IDLOC0 @ 0x200000
   659                           ;	unspecified, using default values
   660   200000                     	org	2097152
   661   200000  FF                 	db	255
   662                           
   663                           ;Config register IDLOC1 @ 0x200001
   664                           ;	unspecified, using default values
   665   200001                     	org	2097153
   666   200001  FF                 	db	255
   667                           
   668                           ;Config register IDLOC2 @ 0x200002
   669                           ;	unspecified, using default values
   670   200002                     	org	2097154
   671   200002  FF                 	db	255
   672                           
   673                           ;Config register IDLOC3 @ 0x200003
   674                           ;	unspecified, using default values
   675   200003                     	org	2097155
   676   200003  FF                 	db	255
   677                           
   678                           ;Config register IDLOC4 @ 0x200004
   679                           ;	unspecified, using default values
   680   200004                     	org	2097156
   681   200004  FF                 	db	255
   682                           
   683                           ;Config register IDLOC5 @ 0x200005
   684                           ;	unspecified, using default values
   685   200005                     	org	2097157
   686   200005  FF                 	db	255
   687                           
   688                           ;Config register IDLOC6 @ 0x200006
   689                           ;	unspecified, using default values
   690   200006                     	org	2097158
   691   200006  FF                 	db	255
   692                           
   693                           ;Config register IDLOC7 @ 0x200007
   694                           ;	unspecified, using default values
   695   200007                     	org	2097159
   696   200007  FF                 	db	255
   697                           
   698                           	psect	config
   699                           
   700                           ; Padding undefined space
   701   300000                     	org	3145728
   702   300000  FF                 	db	255
   703                           
   704                           ;Config register CONFIG1H @ 0x300001
   705                           ;	Oscillator Selection bits
   706                           ;	OSC = INTIO67, Internal oscillator block, port function on RA6 and RA7
   707                           ;	Fail-Safe Clock Monitor Enable bit
   708                           ;	FCMEN = 0x0, unprogrammed default
   709                           ;	Internal/External Oscillator Switchover bit
   710                           ;	IESO = 0x0, unprogrammed default
   711   300001                     	org	3145729
   712   300001  08                 	db	8
   713                           
   714                           ;Config register CONFIG2L @ 0x300002
   715                           ;	Power-up Timer Enable bit
   716                           ;	PWRT = OFF, PWRT disabled
   717                           ;	Brown-out Reset Enable bits
   718                           ;	BOREN = ON, Brown-out Reset enabled and controlled by software (SBOREN is enabled)
   719                           ;	Brown Out Reset Voltage bits
   720                           ;	BORV = 0x3, unprogrammed default
   721   300002                     	org	3145730
   722   300002  1B                 	db	27
   723                           
   724                           ;Config register CONFIG2H @ 0x300003
   725                           ;	Watchdog Timer Enable bit
   726                           ;	WDT = OFF, WDT disabled (control is placed on the SWDTEN bit)
   727                           ;	Watchdog Timer Postscale Select bits
   728                           ;	WDTPS = 0xF, unprogrammed default
   729   300003                     	org	3145731
   730   300003  1E                 	db	30
   731                           
   732                           ; Padding undefined space
   733   300004                     	org	3145732
   734   300004  FF                 	db	255
   735                           
   736                           ;Config register CONFIG3H @ 0x300005
   737                           ;	CCP2 MUX bit
   738                           ;	CCP2MX = 0x1, unprogrammed default
   739                           ;	PORTB A/D Enable bit
   740                           ;	PBADEN = OFF, PORTB<4:0> pins are configured as digital I/O on Reset
   741                           ;	Low-Power Timer1 Oscillator Enable bit
   742                           ;	LPT1OSC = 0x0, unprogrammed default
   743                           ;	MCLR Pin Enable bit
   744                           ;	MCLRE = 0x1, unprogrammed default
   745   300005                     	org	3145733
   746   300005  81                 	db	129
   747                           
   748                           ;Config register CONFIG4L @ 0x300006
   749                           ;	Stack Full/Underflow Reset Enable bit
   750                           ;	STVREN = 0x1, unprogrammed default
   751                           ;	Single-Supply ICSP Enable bit
   752                           ;	LVP = OFF, Single-Supply ICSP disabled
   753                           ;	Extended Instruction Set Enable bit
   754                           ;	XINST = 0x0, unprogrammed default
   755                           ;	Background Debugger Enable bit
   756                           ;	DEBUG = 0x1, unprogrammed default
   757   300006                     	org	3145734
   758   300006  81                 	db	129
   759                           
   760                           ; Padding undefined space
   761   300007                     	org	3145735
   762   300007  FF                 	db	255
   763                           
   764                           ;Config register CONFIG5L @ 0x300008
   765                           ;	unspecified, using default values
   766                           ;	Code Protection bit
   767                           ;	CP0 = 0x1, unprogrammed default
   768                           ;	Code Protection bit
   769                           ;	CP1 = 0x1, unprogrammed default
   770                           ;	Code Protection bit
   771                           ;	CP2 = 0x1, unprogrammed default
   772                           ;	Code Protection bit
   773                           ;	CP3 = 0x1, unprogrammed default
   774   300008                     	org	3145736
   775   300008  0F                 	db	15
   776                           
   777                           ;Config register CONFIG5H @ 0x300009
   778                           ;	Boot Block Code Protection bit
   779                           ;	CPB = 0x1, unprogrammed default
   780                           ;	Data EEPROM Code Protection bit
   781                           ;	CPD = OFF, Data EEPROM not code-protected
   782   300009                     	org	3145737
   783   300009  C0                 	db	192
   784                           
   785                           ;Config register CONFIG6L @ 0x30000A
   786                           ;	unspecified, using default values
   787                           ;	Write Protection bit
   788                           ;	WRT0 = 0x1, unprogrammed default
   789                           ;	Write Protection bit
   790                           ;	WRT1 = 0x1, unprogrammed default
   791                           ;	Write Protection bit
   792                           ;	WRT2 = 0x1, unprogrammed default
   793                           ;	Write Protection bit
   794                           ;	WRT3 = 0x1, unprogrammed default
   795   30000A                     	org	3145738
   796   30000A  0F                 	db	15
   797                           
   798                           ;Config register CONFIG6H @ 0x30000B
   799                           ;	unspecified, using default values
   800                           ;	Configuration Register Write Protection bit
   801                           ;	WRTC = 0x1, unprogrammed default
   802                           ;	Boot Block Write Protection bit
   803                           ;	WRTB = 0x1, unprogrammed default
   804                           ;	Data EEPROM Write Protection bit
   805                           ;	WRTD = 0x1, unprogrammed default
   806   30000B                     	org	3145739
   807   30000B  E0                 	db	224
   808                           
   809                           ;Config register CONFIG7L @ 0x30000C
   810                           ;	unspecified, using default values
   811                           ;	Table Read Protection bit
   812                           ;	EBTR0 = 0x1, unprogrammed default
   813                           ;	Table Read Protection bit
   814                           ;	EBTR1 = 0x1, unprogrammed default
   815                           ;	Table Read Protection bit
   816                           ;	EBTR2 = 0x1, unprogrammed default
   817                           ;	Table Read Protection bit
   818                           ;	EBTR3 = 0x1, unprogrammed default
   819   30000C                     	org	3145740
   820   30000C  0F                 	db	15
   821                           
   822                           ;Config register CONFIG7H @ 0x30000D
   823                           ;	unspecified, using default values
   824                           ;	Boot Block Table Read Protection bit
   825                           ;	EBTRB = 0x1, unprogrammed default
   826   30000D                     	org	3145741
   827   30000D  40                 	db	64
   828                           tosu	equ	0xFFF
   829                           tosh	equ	0xFFE
   830                           tosl	equ	0xFFD
   831                           stkptr	equ	0xFFC
   832                           pclatu	equ	0xFFB
   833                           pclath	equ	0xFFA
   834                           pcl	equ	0xFF9
   835                           tblptru	equ	0xFF8
   836                           tblptrh	equ	0xFF7
   837                           tblptrl	equ	0xFF6
   838                           tablat	equ	0xFF5
   839                           prodh	equ	0xFF4
   840                           prodl	equ	0xFF3
   841                           indf0	equ	0xFEF
   842                           postinc0	equ	0xFEE
   843                           postdec0	equ	0xFED
   844                           preinc0	equ	0xFEC
   845                           plusw0	equ	0xFEB
   846                           fsr0h	equ	0xFEA
   847                           fsr0l	equ	0xFE9
   848                           wreg	equ	0xFE8
   849                           indf1	equ	0xFE7
   850                           postinc1	equ	0xFE6
   851                           postdec1	equ	0xFE5
   852                           preinc1	equ	0xFE4
   853                           plusw1	equ	0xFE3
   854                           fsr1h	equ	0xFE2
   855                           fsr1l	equ	0xFE1
   856                           bsr	equ	0xFE0
   857                           indf2	equ	0xFDF
   858                           postinc2	equ	0xFDE
   859                           postdec2	equ	0xFDD
   860                           preinc2	equ	0xFDC
   861                           plusw2	equ	0xFDB
   862                           fsr2h	equ	0xFDA
   863                           fsr2l	equ	0xFD9
   864                           status	equ	0xFD8

Data Sizes:
    Strings     0
    Constant    0
    Data        0
    BSS         0
    Persistent  1
    Stack       0

Auto Spaces:
    Space          Size  Autos    Used
    COMRAM          126     14      15
    BANK0           128      0       0
    BANK1           256      0       0
    BANK2           256      0       0
    BANK3           256      0       0
    BANK4           256      0       0
    BANK5           244      0       0

Pointer List with Targets:

    None.

Critical Paths under _main in COMRAM

    None.

Critical Paths under _H_ISR in COMRAM

    _H_ISR->_setDuty

Critical Paths under _main in BANK0

    None.

Critical Paths under _H_ISR in BANK0

    None.

Critical Paths under _main in BANK1

    None.

Critical Paths under _H_ISR in BANK1

    None.

Critical Paths under _main in BANK2

    None.

Critical Paths under _H_ISR in BANK2

    None.

Critical Paths under _main in BANK3

    None.

Critical Paths under _H_ISR in BANK3

    None.

Critical Paths under _main in BANK4

    None.

Critical Paths under _H_ISR in BANK4

    None.

Critical Paths under _main in BANK5

    None.

Critical Paths under _H_ISR in BANK5

    None.

Call Graph Tables:

 ---------------------------------------------------------------------------------
 (Depth) Function   	        Calls       Base Space   Used Autos Params    Refs
 ---------------------------------------------------------------------------------
 (0) _main                                                 0     0      0       0
 ---------------------------------------------------------------------------------
 Estimated maximum stack depth 0
 ---------------------------------------------------------------------------------
 (Depth) Function   	        Calls       Base Space   Used Autos Params    Refs
 ---------------------------------------------------------------------------------
 (1) _H_ISR                                                8     8      0     150
                                              6 COMRAM     8     8      0
                            _setDuty
 ---------------------------------------------------------------------------------
 (2) _setDuty                                              6     6      0      60
                                              0 COMRAM     6     6      0
 ---------------------------------------------------------------------------------
 Estimated maximum stack depth 2
 ---------------------------------------------------------------------------------

 Call Graph Graphs:

 _main (ROOT)

 _H_ISR (ROOT)
   _setDuty

Address spaces:
Name               Size   Autos  Total    Usage
BITCOMRAM          126      0       0      0.0%
BITBANK0           128      0       0      0.0%
BITBANK1           256      0       0      0.0%
BITBANK2           256      0       0      0.0%
BITBANK3           256      0       0      0.0%
BITBANK4           256      0       0      0.0%
BITBANK5           244      0       0      0.0%
BITBIGSFR_1lh       30      0       0      0.0%
BITBIGSFR_1h        22      0       0      0.0%
BITBIGSFRl          20      0       0      0.0%
BITBIGSFR_5h        10      0       0      0.0%
BITBIGSFRh           7      0       0      0.0%
BITBIGSFR_2          6      0       0      0.0%
BITBIGSFR_3          3      0       0      0.0%
BITBIGSFR_4          3      0       0      0.0%
BITBIGSFR_5l         2      0       0      0.0%
COMRAM             126     14      15     11.9%
BANK0              128      0       0      0.0%
BANK1              256      0       0      0.0%
BANK2              256      0       0      0.0%
BANK3              256      0       0      0.0%
BANK4              256      0       0      0.0%
BANK5              244      0       0      0.0%
BIGRAM            1523      0       0      0.0%
STACK                0      0       0      0.0%
DATA                 0      0      15      0.0%


Microchip Technology PIC18 Macro Assembler V3.00 build 20241204225717 
Symbol Table                                                                                   Mon Nov 17 12:04:19 2025

                     l44 06EE                       l45 06EE                      l751 06A2  
                    l761 06D8                      l753 06B4                      l771 06E2  
                    l763 06DA                      l755 06BA                      l773 06E4  
                    l765 06DC                      l757 06BC                      l749 069A  
                    l775 06EA                      l767 06DE                      l759 06D6  
                    l769 06E0                      _PR2 0FCB                     i2l31 0736  
                   i2l39 068E                     _main 069A                     btemp 0010  
                   prodh 0FF4                     prodl 0FF3                     start 000E  
           ___param_bank 0000                    ?_main 0001                    i2l723 06F8  
                  i2l731 060C                    i2l725 06FE                    i2l741 0680  
                  i2l733 0610                    i2l727 070A                    i2l735 0642  
                  i2l729 0722                    i2l745 068A                    i2l737 0648  
                  i2l747 068C                    i2l739 0650                    _H_ISR 0008  
        __end_of_setDuty 0738                    ttemp5 0011                    ttemp6 0014  
                  ttemp7 0018                    status 0FD8                    wtemp8 0011  
        __initialization 0738             __end_of_main 06F6                   ??_main 000F  
          __activetblptr 0000                   ?_H_ISR 0001                   _ADRESH 0FC4  
                 _CCPR1L 0FBE                   i2u1_40 0642                   i2u1_41 063E  
                 i2u2_40 0680                   i2u2_41 067C         setDuty@adc_value 0003  
                 isa$std 0001                ??_setDuty 0001             __mediumconst 0600  
             __accesstop 0080  __end_of__initialization 0738            ___rparam_used 0001  
          __end_of_H_ISR 069A           __pcstackCOMRAM 0001                  ??_H_ISR 0007  
             __pnvCOMRAM 000F                  __Hparam 0000                  __Lparam 0000  
          setDuty@duty10 0005             __psmallconst 0600                  __pcinit 0738  
                __ramtop 0600                  __ptext0 069A                  __ptext2 06F6  
         _last_adc_value 000F                _T2CONbits 0FCA                  _setDuty 06F6  
         __pintcode_body 0602     end_of_initialization 0738                  int_func 0602  
              _TRISCbits 0F94              _CCP1CONbits 0FBD      start_initialization 0738  
              __pintcode 0008               setDuty@inv 0004              __smallconst 0600  
               ?_setDuty 0001                 _PIE1bits 0F9D                 _PIR1bits 0F9E  
             _ADCON0bits 0FC2               _ADCON1bits 0FC1               _ADCON2bits 0FC0  
               __Hrparam 0000                 __Lrparam 0000         H_ISR@current_adc 000E  
               isa$xinst 0000                 int$flags 0010               _INTCONbits 0FF2  
               intlevel2 0000               _OSCCONbits 0FD3  
