MPLINK 5.09, LINKER
Linker Map File - Created Tue Oct 07 14:22:58 2025

                                 Section Info
                  Section       Type    Address   Location Size(Bytes)
                ---------  ---------  ---------  ---------  ---------
                   .org_0       code   0x000000    program   0x00009a
                   .cinit    romdata   0x00009a    program   0x000002
.config_300001_BUILD/DEFAULT/DEBUG/ADVANCE.O    romdata   0x300001    program   0x000001
.config_300003_BUILD/DEFAULT/DEBUG/ADVANCE.O    romdata   0x300003    program   0x000001



                              Program Memory Usage 
                               Start         End      
                           ---------   ---------      
                            0x000000    0x00009b      
                            0x300001    0x300001      
                            0x300003    0x300003      
            158 out of 33048 program addresses used, program memory utilization is 0%



                              Symbols - Sorted by Name
                     Name    Address   Location    Storage File                     
                ---------  ---------  ---------  --------- ---------                
               CHECK_HIGH   0x00002a    program     static C:\Users\yanpi\MPLABXProjects\Lab04.X\Advance.asm
      CHECK_IF_HIGH_EQUAL   0x00005c    program     static C:\Users\yanpi\MPLABXProjects\Lab04.X\Advance.asm
       CHECK_IF_HIGH_ZERO   0x000068    program     static C:\Users\yanpi\MPLABXProjects\Lab04.X\Advance.asm
       CHECK_IF_LOW_EQUAL   0x000050    program     static C:\Users\yanpi\MPLABXProjects\Lab04.X\Advance.asm
                    CLEAN   0x000074    program     static C:\Users\yanpi\MPLABXProjects\Lab04.X\Advance.asm
                   FINISH   0x000096    program     static C:\Users\yanpi\MPLABXProjects\Lab04.X\Advance.asm
                HIGH_LESS   0x000044    program     static C:\Users\yanpi\MPLABXProjects\Lab04.X\Advance.asm
                  TWO_COM   0x000032    program     static C:\Users\yanpi\MPLABXProjects\Lab04.X\Advance.asm
                 division   0x00001e    program     static C:\Users\yanpi\MPLABXProjects\Lab04.X\Advance.asm



                              Symbols - Sorted by Address
                     Name    Address   Location    Storage File                     
                ---------  ---------  ---------  --------- ---------                
                 division   0x00001e    program     static C:\Users\yanpi\MPLABXProjects\Lab04.X\Advance.asm
               CHECK_HIGH   0x00002a    program     static C:\Users\yanpi\MPLABXProjects\Lab04.X\Advance.asm
                  TWO_COM   0x000032    program     static C:\Users\yanpi\MPLABXProjects\Lab04.X\Advance.asm
                HIGH_LESS   0x000044    program     static C:\Users\yanpi\MPLABXProjects\Lab04.X\Advance.asm
       CHECK_IF_LOW_EQUAL   0x000050    program     static C:\Users\yanpi\MPLABXProjects\Lab04.X\Advance.asm
      CHECK_IF_HIGH_EQUAL   0x00005c    program     static C:\Users\yanpi\MPLABXProjects\Lab04.X\Advance.asm
       CHECK_IF_HIGH_ZERO   0x000068    program     static C:\Users\yanpi\MPLABXProjects\Lab04.X\Advance.asm
                    CLEAN   0x000074    program     static C:\Users\yanpi\MPLABXProjects\Lab04.X\Advance.asm
                   FINISH   0x000096    program     static C:\Users\yanpi\MPLABXProjects\Lab04.X\Advance.asm


