

Microchip MPLAB XC8 Assembler V3.00 build 20241204225717 
                                                                                               Sun Nov 09 14:28:45 2025

Microchip MPLAB XC8 C Compiler v3.00 (Free license) build 20241204225717 Og1 
     1                           	processor	18F4520
     2                           	fnconf	rparam,??,?,0
     3                           	pagewidth 120
     4                           	opt	flic
     5                           	psect	cinit,global,reloc=2,class=CODE,space=0,delta=1
     6                           	psect	cstackCOMRAM,global,class=COMRAM,space=1,delta=1,lowdata,noexec
     7                           	psect	text0,global,reloc=2,class=CODE,space=0,delta=1
     8                           	psect	text1,global,reloc=2,class=CODE,space=0,delta=1
     9                           	psect	smallconst,global,reloc=2,class=SMALLCONST,space=0,delta=1,noexec
    10                           	psect	intsave_regs,global,class=BIGRAM,space=1,delta=1,noexec
    11                           	psect	rparam,global,class=COMRAM,space=1,delta=1,noexec
    12                           	psect	idloc,global,abs,ovrld,class=IDLOC,space=5,delta=1,noexec
    13                           	psect	config,global,abs,ovrld,class=CONFIG,space=4,delta=1,noexec
    14   000000                     
    15                           ; Generated 05/12/2024 GMT
    16                           ; 
    17                           ; Copyright © 2024, Microchip Technology Inc. and its subsidiaries ("Microchip")
    18                           ; All rights reserved.
    19                           ; 
    20                           ; This software is developed by Microchip Technology Inc. and its subsidiaries ("Microch
      +                          ip").
    21                           ; 
    22                           ; Redistribution and use in source and binary forms, with or without modification, are
    23                           ; permitted provided that the following conditions are met:
    24                           ; 
    25                           ;     1. Redistributions of source code must retain the above copyright notice, this lis
      +                          t of
    26                           ;        conditions and the following disclaimer.
    27                           ; 
    28                           ;     2. Redistributions in binary form must reproduce the above copyright notice, this 
      +                          list
    29                           ;        of conditions and the following disclaimer in the documentation and/or other
    30                           ;        materials provided with the distribution. Publication is not required when
    31                           ;        this file is used in an embedded application.
    32                           ; 
    33                           ;     3. Microchip's name may not be used to endorse or promote products derived from th
      +                          is
    34                           ;        software without specific prior written permission.
    35                           ; 
    36                           ; THIS SOFTWARE IS PROVIDED BY MICROCHIP "AS IS" AND ANY EXPRESS OR IMPLIED WARRANTIES,
    37                           ; INCLUDING, BUT NOT LIMITED TO, THE IMPLIED WARRANTIES OF MERCHANTABILITY AND FITNESS F
      +                          OR
    38                           ; PURPOSE ARE DISCLAIMED.  IN NO EVENT SHALL MICROCHIP BE LIABLE FOR ANY DIRECT, INDIREC
      +                          T,
    39                           ; INCIDENTAL, SPECIAL, EXEMPLARY, OR CONSEQUENTIAL DAMAGES (INCLUDING BUT NOT LIMITED TO
    40                           ; PROCUREMENT OF SUBSTITUTE GOODS OR SERVICES; LOSS OF USE, DATA OR PROFITS; OR BUSINESS
    41                           ; INTERRUPTION) HOWSOEVER CAUSED AND ON ANY THEORY OF LIABILITY, WHETHER IN CONTRACT, ST
      +                          RICT
    42                           ; LIABILITY, OR TORT (INCLUDING NEGLIGENCE OR OTHERWISE) ARISING IN ANY WAY OUT OF THE U
      +                          SE OF
    43                           ; THIS SOFTWARE, EVEN IF ADVISED OF THE POSSIBILITY OF SUCH DAMAGE.
    44                           ; 
    45                           ; 
    46                           ; Code-generator required, PIC18F4520 Definitions
    47                           ; 
    48                           ; SFR Addresses
    49   000FE0                     bsr             equ	4064
    50   000FE9                     fsr0            equ	4073
    51   000FEA                     fsr0h           equ	4074
    52   000FE9                     fsr0l           equ	4073
    53   000FE1                     fsr1            equ	4065
    54   000FE2                     fsr1h           equ	4066
    55   000FE1                     fsr1l           equ	4065
    56   000FD9                     fsr2            equ	4057
    57   000FDA                     fsr2h           equ	4058
    58   000FD9                     fsr2l           equ	4057
    59   000FEF                     indf0           equ	4079
    60   000FE7                     indf1           equ	4071
    61   000FDF                     indf2           equ	4063
    62   000FF2                     intcon          equ	4082
    63   000000                     nvmcon          equ	0
    64   000FF9                     pcl             equ	4089
    65   000FFA                     pclath          equ	4090
    66   000FFB                     pclatu          equ	4091
    67   000FEB                     plusw0          equ	4075
    68   000FE3                     plusw1          equ	4067
    69   000FDB                     plusw2          equ	4059
    70   000FED                     postdec0        equ	4077
    71   000FE5                     postdec1        equ	4069
    72   000FDD                     postdec2        equ	4061
    73   000FEE                     postinc0        equ	4078
    74   000FE6                     postinc1        equ	4070
    75   000FDE                     postinc2        equ	4062
    76   000FEC                     preinc0         equ	4076
    77   000FE4                     preinc1         equ	4068
    78   000FDC                     preinc2         equ	4060
    79   000FF3                     prod            equ	4083
    80   000FF4                     prodh           equ	4084
    81   000FF3                     prodl           equ	4083
    82   000FD8                     status          equ	4056
    83   000FF5                     tablat          equ	4085
    84   000FF6                     tblptr          equ	4086
    85   000FF7                     tblptrh         equ	4087
    86   000FF6                     tblptrl         equ	4086
    87   000FF8                     tblptru         equ	4088
    88   000FFD                     tosl            equ	4093
    89   000FE8                     wreg            equ	4072
    90   000F80                     PORTA           equ	3968	;# 
    91   000F81                     PORTB           equ	3969	;# 
    92   000F82                     PORTC           equ	3970	;# 
    93   000F83                     PORTD           equ	3971	;# 
    94   000F84                     PORTE           equ	3972	;# 
    95   000F89                     LATA            equ	3977	;# 
    96   000F8A                     LATB            equ	3978	;# 
    97   000F8B                     LATC            equ	3979	;# 
    98   000F8C                     LATD            equ	3980	;# 
    99   000F8D                     LATE            equ	3981	;# 
   100   000F92                     TRISA           equ	3986	;# 
   101   000F92                     DDRA            equ	3986	;# 
   102   000F93                     TRISB           equ	3987	;# 
   103   000F93                     DDRB            equ	3987	;# 
   104   000F94                     TRISC           equ	3988	;# 
   105   000F94                     DDRC            equ	3988	;# 
   106   000F95                     TRISD           equ	3989	;# 
   107   000F95                     DDRD            equ	3989	;# 
   108   000F96                     TRISE           equ	3990	;# 
   109   000F96                     DDRE            equ	3990	;# 
   110   000F9B                     OSCTUNE         equ	3995	;# 
   111   000F9D                     PIE1            equ	3997	;# 
   112   000F9E                     PIR1            equ	3998	;# 
   113   000F9F                     IPR1            equ	3999	;# 
   114   000FA0                     PIE2            equ	4000	;# 
   115   000FA1                     PIR2            equ	4001	;# 
   116   000FA2                     IPR2            equ	4002	;# 
   117   000FA6                     EECON1          equ	4006	;# 
   118   000FA7                     EECON2          equ	4007	;# 
   119   000FA8                     EEDATA          equ	4008	;# 
   120   000FA9                     EEADR           equ	4009	;# 
   121   000FAB                     RCSTA           equ	4011	;# 
   122   000FAB                     RCSTA1          equ	4011	;# 
   123   000FAC                     TXSTA           equ	4012	;# 
   124   000FAC                     TXSTA1          equ	4012	;# 
   125   000FAD                     TXREG           equ	4013	;# 
   126   000FAD                     TXREG1          equ	4013	;# 
   127   000FAE                     RCREG           equ	4014	;# 
   128   000FAE                     RCREG1          equ	4014	;# 
   129   000FAF                     SPBRG           equ	4015	;# 
   130   000FAF                     SPBRG1          equ	4015	;# 
   131   000FB0                     SPBRGH          equ	4016	;# 
   132   000FB1                     T3CON           equ	4017	;# 
   133   000FB2                     TMR3            equ	4018	;# 
   134   000FB2                     TMR3L           equ	4018	;# 
   135   000FB3                     TMR3H           equ	4019	;# 
   136   000FB4                     CMCON           equ	4020	;# 
   137   000FB5                     CVRCON          equ	4021	;# 
   138   000FB6                     ECCP1AS         equ	4022	;# 
   139   000FB6                     ECCPAS          equ	4022	;# 
   140   000FB7                     PWM1CON         equ	4023	;# 
   141   000FB7                     ECCP1DEL        equ	4023	;# 
   142   000FB8                     BAUDCON         equ	4024	;# 
   143   000FB8                     BAUDCTL         equ	4024	;# 
   144   000FBA                     CCP2CON         equ	4026	;# 
   145   000FBB                     CCPR2           equ	4027	;# 
   146   000FBB                     CCPR2L          equ	4027	;# 
   147   000FBC                     CCPR2H          equ	4028	;# 
   148   000FBD                     CCP1CON         equ	4029	;# 
   149   000FBE                     CCPR1           equ	4030	;# 
   150   000FBE                     CCPR1L          equ	4030	;# 
   151   000FBF                     CCPR1H          equ	4031	;# 
   152   000FC0                     ADCON2          equ	4032	;# 
   153   000FC1                     ADCON1          equ	4033	;# 
   154   000FC2                     ADCON0          equ	4034	;# 
   155   000FC3                     ADRES           equ	4035	;# 
   156   000FC3                     ADRESL          equ	4035	;# 
   157   000FC4                     ADRESH          equ	4036	;# 
   158   000FC5                     SSPCON2         equ	4037	;# 
   159   000FC6                     SSPCON1         equ	4038	;# 
   160   000FC7                     SSPSTAT         equ	4039	;# 
   161   000FC8                     SSPADD          equ	4040	;# 
   162   000FC9                     SSPBUF          equ	4041	;# 
   163   000FCA                     T2CON           equ	4042	;# 
   164   000FCB                     PR2             equ	4043	;# 
   165   000FCB                     MEMCON          equ	4043	;# 
   166   000FCC                     TMR2            equ	4044	;# 
   167   000FCD                     T1CON           equ	4045	;# 
   168   000FCE                     TMR1            equ	4046	;# 
   169   000FCE                     TMR1L           equ	4046	;# 
   170   000FCF                     TMR1H           equ	4047	;# 
   171   000FD0                     RCON            equ	4048	;# 
   172   000FD1                     WDTCON          equ	4049	;# 
   173   000FD2                     HLVDCON         equ	4050	;# 
   174   000FD2                     LVDCON          equ	4050	;# 
   175   000FD3                     OSCCON          equ	4051	;# 
   176   000FD5                     T0CON           equ	4053	;# 
   177   000FD6                     TMR0            equ	4054	;# 
   178   000FD6                     TMR0L           equ	4054	;# 
   179   000FD7                     TMR0H           equ	4055	;# 
   180   000FD8                     STATUS          equ	4056	;# 
   181   000FD9                     FSR2            equ	4057	;# 
   182   000FD9                     FSR2L           equ	4057	;# 
   183   000FDA                     FSR2H           equ	4058	;# 
   184   000FDB                     PLUSW2          equ	4059	;# 
   185   000FDC                     PREINC2         equ	4060	;# 
   186   000FDD                     POSTDEC2        equ	4061	;# 
   187   000FDE                     POSTINC2        equ	4062	;# 
   188   000FDF                     INDF2           equ	4063	;# 
   189   000FE0                     BSR             equ	4064	;# 
   190   000FE1                     FSR1            equ	4065	;# 
   191   000FE1                     FSR1L           equ	4065	;# 
   192   000FE2                     FSR1H           equ	4066	;# 
   193   000FE3                     PLUSW1          equ	4067	;# 
   194   000FE4                     PREINC1         equ	4068	;# 
   195   000FE5                     POSTDEC1        equ	4069	;# 
   196   000FE6                     POSTINC1        equ	4070	;# 
   197   000FE7                     INDF1           equ	4071	;# 
   198   000FE8                     WREG            equ	4072	;# 
   199   000FE9                     FSR0            equ	4073	;# 
   200   000FE9                     FSR0L           equ	4073	;# 
   201   000FEA                     FSR0H           equ	4074	;# 
   202   000FEB                     PLUSW0          equ	4075	;# 
   203   000FEC                     PREINC0         equ	4076	;# 
   204   000FED                     POSTDEC0        equ	4077	;# 
   205   000FEE                     POSTINC0        equ	4078	;# 
   206   000FEF                     INDF0           equ	4079	;# 
   207   000FF0                     INTCON3         equ	4080	;# 
   208   000FF1                     INTCON2         equ	4081	;# 
   209   000FF2                     INTCON          equ	4082	;# 
   210   000FF3                     PROD            equ	4083	;# 
   211   000FF3                     PRODL           equ	4083	;# 
   212   000FF4                     PRODH           equ	4084	;# 
   213   000FF5                     TABLAT          equ	4085	;# 
   214   000FF6                     TBLPTR          equ	4086	;# 
   215   000FF6                     TBLPTRL         equ	4086	;# 
   216   000FF7                     TBLPTRH         equ	4087	;# 
   217   000FF8                     TBLPTRU         equ	4088	;# 
   218   000FF9                     PCLAT           equ	4089	;# 
   219   000FF9                     PC              equ	4089	;# 
   220   000FF9                     PCL             equ	4089	;# 
   221   000FFA                     PCLATH          equ	4090	;# 
   222   000FFB                     PCLATU          equ	4091	;# 
   223   000FFC                     STKPTR          equ	4092	;# 
   224   000FFD                     TOS             equ	4093	;# 
   225   000FFD                     TOSL            equ	4093	;# 
   226   000FFE                     TOSH            equ	4094	;# 
   227   000FFF                     TOSU            equ	4095	;# 
   228   000F81                     _PORTBbits      set	3969
   229   000FCB                     _PR2            set	4043
   230   000F8B                     _LATC           set	3979
   231   000F94                     _TRISC          set	3988
   232   000FD3                     _OSCCONbits     set	4051
   233   000FCA                     _T2CONbits      set	4042
   234   000FBD                     _CCP1CONbits    set	4029
   235   000FBE                     _CCPR1L         set	4030
   236                           
   237                           ; #config settings
   238                           
   239                           	psect	cinit
   240   000712                     __pcinit:
   241                           	callstack 0
   242   000712                     start_initialization:
   243                           	callstack 0
   244   000712                     __initialization:
   245                           	callstack 0
   246   000712                     end_of_initialization:
   247                           	callstack 0
   248   000712                     __end_of__initialization:
   249                           	callstack 0
   250   000712  0100               	movlb	0
   251   000714  EF01  F003         	goto	_main	;jump to C main() function
   252                           
   253                           	psect	cstackCOMRAM
   254   000001                     __pcstackCOMRAM:
   255                           	callstack 0
   256   000001                     ??_setServoDuty:
   257                           
   258                           ; 1 bytes @ 0x0
   259   000001                     	ds	1
   260   000002                     setServoDuty@duty:
   261                           	callstack 0
   262                           
   263                           ; 1 bytes @ 0x1
   264   000002                     	ds	1
   265   000003                     ??_main:
   266                           
   267                           ; 1 bytes @ 0x2
   268   000003                     	ds	2
   269   000005                     main@state:
   270                           	callstack 0
   271                           
   272                           ; 2 bytes @ 0x4
   273   000005                     	ds	2
   274   000007                     main@last_state:
   275                           	callstack 0
   276                           
   277                           ; 1 bytes @ 0x6
   278   000007                     	ds	1
   279   000008                     main@current:
   280                           	callstack 0
   281                           
   282                           ; 1 bytes @ 0x7
   283   000008                     	ds	1
   284   000009                     main@i:
   285                           	callstack 0
   286                           
   287                           ; 2 bytes @ 0x8
   288   000009                     	ds	2
   289                           
   290 ;;
   291 ;;Main: autosize = 0, tempsize = 2, incstack = 0, save=0
   292 ;;
   293 ;; *************** function _main *****************
   294 ;; Defined at:
   295 ;;		line 25 in file "Advance.c"
   296 ;; Parameters:    Size  Location     Type
   297 ;;		None
   298 ;; Auto vars:     Size  Location     Type
   299 ;;  i               2    8[COMRAM] int 
   300 ;;  state           2    4[COMRAM] int 
   301 ;;  current         1    7[COMRAM] unsigned char 
   302 ;;  last_state      1    6[COMRAM] unsigned char 
   303 ;;  done            1    0        unsigned char 
   304 ;;  duty            1    0        unsigned char 
   305 ;; Return value:  Size  Location     Type
   306 ;;                  1    wreg      void 
   307 ;; Registers used:
   308 ;;		wreg, status,2, status,0, cstack
   309 ;; Tracked objects:
   310 ;;		On entry : 0/0
   311 ;;		On exit  : 0/0
   312 ;;		Unchanged: 0/0
   313 ;; Data sizes:     COMRAM   BANK0   BANK1   BANK2   BANK3   BANK4   BANK5
   314 ;;      Params:         0       0       0       0       0       0       0
   315 ;;      Locals:         6       0       0       0       0       0       0
   316 ;;      Temps:          2       0       0       0       0       0       0
   317 ;;      Totals:         8       0       0       0       0       0       0
   318 ;;Total ram usage:        8 bytes
   319 ;; Hardware stack levels required when called: 1
   320 ;; This function calls:
   321 ;;		_setServoDuty
   322 ;; This function is called by:
   323 ;;		Startup code after reset
   324 ;; This function uses a non-reentrant model
   325 ;;
   326                           
   327                           	psect	text0
   328   000602                     __ptext0:
   329                           	callstack 0
   330   000602                     _main:
   331                           	callstack 30
   332   000602                     
   333                           ;Advance.c: 27:     T2CONbits.TMR2ON = 0b1;
   334   000602  84CA               	bsf	202,2,c	;volatile
   335   000604                     
   336                           ;Advance.c: 28:     T2CONbits.T2CKPS = 0b01;
   337   000604  50CA               	movf	202,w,c	;volatile
   338   000606  0BFC               	andlw	-4
   339   000608  0901               	iorlw	1
   340   00060A  6ECA               	movwf	202,c	;volatile
   341                           
   342                           ;Advance.c: 31:     OSCCONbits.IRCF = 0b001;
   343   00060C  50D3               	movf	211,w,c	;volatile
   344   00060E  0B8F               	andlw	-113
   345   000610  0910               	iorlw	16
   346   000612  6ED3               	movwf	211,c	;volatile
   347                           
   348                           ;Advance.c: 34:     CCP1CONbits.CCP1M = 0b1100;
   349   000614  50BD               	movf	189,w,c	;volatile
   350   000616  0BF0               	andlw	-16
   351   000618  090C               	iorlw	12
   352   00061A  6EBD               	movwf	189,c	;volatile
   353   00061C                     
   354                           ;Advance.c: 37:     TRISC = 0;
   355   00061C  6A94               	clrf	148,c	;volatile
   356   00061E                     
   357                           ;Advance.c: 38:     LATC = 0;
   358   00061E  6A8B               	clrf	139,c	;volatile
   359                           
   360                           ;Advance.c: 47:     PR2 = 0x9B;
   361   000620  0E9B               	movlw	155
   362   000622  6ECB               	movwf	203,c	;volatile
   363                           
   364                           ;Advance.c: 56:     CCPR1L = 0x03;
   365   000624  0E03               	movlw	3
   366   000626  6EBE               	movwf	190,c	;volatile
   367                           
   368                           ;Advance.c: 57:     CCP1CONbits.DC1B = 0b11;
   369   000628  0E30               	movlw	48
   370   00062A  12BD               	iorwf	189,f,c	;volatile
   371   00062C                     
   372                           ;Advance.c: 58:     _delay((unsigned long)((1000)*(125000/4000.0)));
   373   00062C  0E29               	movlw	41
   374   00062E  6E03               	movwf	??_main^0,c
   375   000630  0E94               	movlw	148
   376   000632                     u67:
   377   000632  2EE8               	decfsz	wreg,f,c
   378   000634  D7FE               	bra	u67
   379   000636  2E03               	decfsz	??_main^0,f,c
   380   000638  D7FC               	bra	u67
   381   00063A  D000               	nop2	
   382   00063C                     
   383                           ;Advance.c: 60:     unsigned char last_state = 1;
   384   00063C  0E01               	movlw	1
   385   00063E  6E07               	movwf	main@last_state^0,c
   386   000640                     
   387                           ;Advance.c: 61:     unsigned char current;;Advance.c: 62:     unsigned char duty;;Advanc
      +                          e.c: 63:     int state = 0;
   388   000640  0E00               	movlw	0
   389   000642  6E06               	movwf	(main@state+1)^0,c
   390   000644  0E00               	movlw	0
   391   000646  6E05               	movwf	main@state^0,c
   392   000648                     l26:
   393                           
   394                           ;Advance.c: 67:         current = PORTBbits.RB0;
   395   000648  0E00               	movlw	0
   396   00064A  B081               	btfsc	129,0,c	;volatile
   397   00064C  0E01               	movlw	1
   398   00064E  6E08               	movwf	main@current^0,c
   399   000650                     
   400                           ;Advance.c: 69:         if (last_state == 1 && current == 0) {
   401   000650  0407               	decf	main@last_state^0,w,c
   402   000652  A4D8               	btfss	status,2,c
   403   000654  EF2E  F003         	goto	u11
   404   000658  EF30  F003         	goto	u10
   405   00065C                     u11:
   406   00065C  EF58  F003         	goto	l744
   407   000660                     u10:
   408   000660  5008               	movf	main@current^0,w,c
   409   000662  A4D8               	btfss	status,2,c
   410   000664  EF36  F003         	goto	u21
   411   000668  EF38  F003         	goto	u20
   412   00066C                     u21:
   413   00066C  EF58  F003         	goto	l744
   414   000670                     u20:
   415   000670                     
   416                           ;Advance.c: 70:             _delay((unsigned long)((20)*(125000/4000.0)));
   417   000670  0ED0               	movlw	208
   418   000672                     u77:
   419   000672  2EE8               	decfsz	wreg,f,c
   420   000674  D7FE               	bra	u77
   421   000676  0000               	nop	
   422   000678                     
   423                           ;Advance.c: 71:             if (PORTBbits.RB0 == 0) {
   424   000678  B081               	btfsc	129,0,c	;volatile
   425   00067A  EF41  F003         	goto	u31
   426   00067E  EF43  F003         	goto	u30
   427   000682                     u31:
   428   000682  EF58  F003         	goto	l744
   429   000686                     u30:
   430   000686                     
   431                           ;Advance.c: 72:                 state = (state + 1) % 4;
   432   000686  0E01               	movlw	1
   433   000688  2405               	addwf	main@state^0,w,c
   434   00068A  6E03               	movwf	??_main^0,c
   435   00068C  0E00               	movlw	0
   436   00068E  2006               	addwfc	(main@state+1)^0,w,c
   437   000690  6E04               	movwf	(??_main+1)^0,c
   438   000692  0E03               	movlw	3
   439   000694  1403               	andwf	??_main^0,w,c
   440   000696  6E05               	movwf	main@state^0,c
   441   000698  6A06               	clrf	(main@state+1)^0,c
   442   00069A                     l29:
   443   00069A  A081               	btfss	129,0,c	;volatile
   444   00069C  EF52  F003         	goto	u41
   445   0006A0  EF54  F003         	goto	u40
   446   0006A4                     u41:
   447   0006A4  EF4D  F003         	goto	l29
   448   0006A8                     u40:
   449   0006A8                     
   450                           ;Advance.c: 75:                 _delay((unsigned long)((20)*(125000/4000.0)));
   451   0006A8  0ED0               	movlw	208
   452   0006AA                     u87:
   453   0006AA  2EE8               	decfsz	wreg,f,c
   454   0006AC  D7FE               	bra	u87
   455   0006AE  0000               	nop	
   456   0006B0                     l744:
   457                           
   458                           ;Advance.c: 79:         last_state = current;
   459   0006B0  C008  F007         	movff	main@current,main@last_state
   460   0006B4                     
   461                           ;Advance.c: 81:         for(int i = 15 ; i <= 62 ; i++) {
   462   0006B4  0E00               	movlw	0
   463   0006B6  6E0A               	movwf	(main@i+1)^0,c
   464   0006B8  0E0F               	movlw	15
   465   0006BA  6E09               	movwf	main@i^0,c
   466   0006BC                     l752:
   467                           
   468                           ;Advance.c: 82:             setServoDuty(i);
   469   0006BC  5009               	movf	main@i^0,w,c
   470   0006BE  EC79  F003         	call	_setServoDuty
   471   0006C2                     
   472                           ;Advance.c: 83:             _delay((unsigned long)((40)*(125000/4000.0)));
   473   0006C2  0EFA               	movlw	250
   474   0006C4                     u97:
   475   0006C4  D000               	nop2	
   476   0006C6  2EE8               	decfsz	wreg,f,c
   477   0006C8  D7FD               	bra	u97
   478   0006CA                     
   479                           ;Advance.c: 84:         }
   480   0006CA  4A09               	infsnz	main@i^0,f,c
   481   0006CC  2A0A               	incf	(main@i+1)^0,f,c
   482   0006CE  BE0A               	btfsc	(main@i+1)^0,7,c
   483   0006D0  EF73  F003         	goto	u51
   484   0006D4  500A               	movf	(main@i+1)^0,w,c
   485   0006D6  E109               	bnz	u50
   486   0006D8  0E3F               	movlw	63
   487   0006DA  5C09               	subwf	main@i^0,w,c
   488   0006DC  A0D8               	btfss	status,0,c
   489   0006DE  EF73  F003         	goto	u51
   490   0006E2  EF75  F003         	goto	u50
   491   0006E6                     u51:
   492   0006E6  EF5E  F003         	goto	l752
   493   0006EA                     u50:
   494   0006EA  EF24  F003         	goto	l26
   495   0006EE  EFFE  F03F         	goto	start
   496   0006F2                     __end_of_main:
   497                           	callstack 0
   498                           
   499 ;; *************** function _setServoDuty *****************
   500 ;; Defined at:
   501 ;;		line 20 in file "Advance.c"
   502 ;; Parameters:    Size  Location     Type
   503 ;;  duty            1    wreg     unsigned char 
   504 ;; Auto vars:     Size  Location     Type
   505 ;;  duty            1    1[COMRAM] unsigned char 
   506 ;; Return value:  Size  Location     Type
   507 ;;                  1    wreg      void 
   508 ;; Registers used:
   509 ;;		wreg, status,2, status,0
   510 ;; Tracked objects:
   511 ;;		On entry : 0/0
   512 ;;		On exit  : 0/0
   513 ;;		Unchanged: 0/0
   514 ;; Data sizes:     COMRAM   BANK0   BANK1   BANK2   BANK3   BANK4   BANK5
   515 ;;      Params:         0       0       0       0       0       0       0
   516 ;;      Locals:         1       0       0       0       0       0       0
   517 ;;      Temps:          1       0       0       0       0       0       0
   518 ;;      Totals:         2       0       0       0       0       0       0
   519 ;;Total ram usage:        2 bytes
   520 ;; Hardware stack levels used: 1
   521 ;; This function calls:
   522 ;;		Nothing
   523 ;; This function is called by:
   524 ;;		_main
   525 ;; This function uses a non-reentrant model
   526 ;;
   527                           
   528                           	psect	text1
   529   0006F2                     __ptext1:
   530                           	callstack 0
   531   0006F2                     _setServoDuty:
   532                           	callstack 30
   533                           
   534                           ;incstack = 0
   535                           ;setServoDuty@duty stored from wreg
   536   0006F2  6E02               	movwf	setServoDuty@duty^0,c
   537   0006F4                     
   538                           ;Advance.c: 21:     CCPR1L = duty >> 2;
   539   0006F4  4002               	rrncf	setServoDuty@duty^0,w,c
   540   0006F6  42E8               	rrncf	wreg,f,c
   541   0006F8  0B3F               	andlw	63
   542   0006FA  6EBE               	movwf	190,c	;volatile
   543                           
   544                           ;Advance.c: 22:     CCP1CONbits.DC1B = duty & 0x03;
   545   0006FC  C002  F001         	movff	setServoDuty@duty,??_setServoDuty
   546   000700  0E03               	movlw	3
   547   000702  1601               	andwf	??_setServoDuty^0,f,c
   548   000704  3A01               	swapf	??_setServoDuty^0,f,c
   549   000706  50BD               	movf	189,w,c	;volatile
   550   000708  1801               	xorwf	??_setServoDuty^0,w,c
   551   00070A  0BCF               	andlw	-49
   552   00070C  1801               	xorwf	??_setServoDuty^0,w,c
   553   00070E  6EBD               	movwf	189,c	;volatile
   554   000710  0012               	return		;funcret
   555   000712                     __end_of_setServoDuty:
   556                           	callstack 0
   557                           
   558                           	psect	smallconst
   559   000600                     __psmallconst:
   560                           	callstack 0
   561   000600  00                 	db	0
   562   000601  00                 	db	0	; dummy byte at the end
   563   000600                     __smallconst    set	__psmallconst
   564   000600                     __mediumconst   set	__psmallconst
   565   000000                     __activetblptr  equ	0
   566                           
   567                           	psect	rparam
   568   000001                     ___rparam_used  equ	1
   569   000000                     ___param_bank   equ	0
   570   000000                     __Lparam        equ	__Lrparam
   571   000000                     __Hparam        equ	__Hrparam
   572                           
   573                           	psect	idloc
   574                           
   575                           ;Config register IDLOC0 @ 0x200000
   576                           ;	unspecified, using default values
   577   200000                     	org	2097152
   578   200000  FF                 	db	255
   579                           
   580                           ;Config register IDLOC1 @ 0x200001
   581                           ;	unspecified, using default values
   582   200001                     	org	2097153
   583   200001  FF                 	db	255
   584                           
   585                           ;Config register IDLOC2 @ 0x200002
   586                           ;	unspecified, using default values
   587   200002                     	org	2097154
   588   200002  FF                 	db	255
   589                           
   590                           ;Config register IDLOC3 @ 0x200003
   591                           ;	unspecified, using default values
   592   200003                     	org	2097155
   593   200003  FF                 	db	255
   594                           
   595                           ;Config register IDLOC4 @ 0x200004
   596                           ;	unspecified, using default values
   597   200004                     	org	2097156
   598   200004  FF                 	db	255
   599                           
   600                           ;Config register IDLOC5 @ 0x200005
   601                           ;	unspecified, using default values
   602   200005                     	org	2097157
   603   200005  FF                 	db	255
   604                           
   605                           ;Config register IDLOC6 @ 0x200006
   606                           ;	unspecified, using default values
   607   200006                     	org	2097158
   608   200006  FF                 	db	255
   609                           
   610                           ;Config register IDLOC7 @ 0x200007
   611                           ;	unspecified, using default values
   612   200007                     	org	2097159
   613   200007  FF                 	db	255
   614                           
   615                           	psect	config
   616                           
   617                           ; Padding undefined space
   618   300000                     	org	3145728
   619   300000  FF                 	db	255
   620                           
   621                           ;Config register CONFIG1H @ 0x300001
   622                           ;	Oscillator Selection bits
   623                           ;	OSC = INTIO67, Internal oscillator block, port function on RA6 and RA7
   624                           ;	Fail-Safe Clock Monitor Enable bit
   625                           ;	FCMEN = 0x0, unprogrammed default
   626                           ;	Internal/External Oscillator Switchover bit
   627                           ;	IESO = 0x0, unprogrammed default
   628   300001                     	org	3145729
   629   300001  08                 	db	8
   630                           
   631                           ;Config register CONFIG2L @ 0x300002
   632                           ;	Power-up Timer Enable bit
   633                           ;	PWRT = OFF, PWRT disabled
   634                           ;	Brown-out Reset Enable bits
   635                           ;	BOREN = ON, Brown-out Reset enabled and controlled by software (SBOREN is enabled)
   636                           ;	Brown Out Reset Voltage bits
   637                           ;	BORV = 0x3, unprogrammed default
   638   300002                     	org	3145730
   639   300002  1B                 	db	27
   640                           
   641                           ;Config register CONFIG2H @ 0x300003
   642                           ;	Watchdog Timer Enable bit
   643                           ;	WDT = OFF, WDT disabled (control is placed on the SWDTEN bit)
   644                           ;	Watchdog Timer Postscale Select bits
   645                           ;	WDTPS = 0xF, unprogrammed default
   646   300003                     	org	3145731
   647   300003  1E                 	db	30
   648                           
   649                           ; Padding undefined space
   650   300004                     	org	3145732
   651   300004  FF                 	db	255
   652                           
   653                           ;Config register CONFIG3H @ 0x300005
   654                           ;	CCP2 MUX bit
   655                           ;	CCP2MX = 0x1, unprogrammed default
   656                           ;	PORTB A/D Enable bit
   657                           ;	PBADEN = OFF, PORTB<4:0> pins are configured as digital I/O on Reset
   658                           ;	Low-Power Timer1 Oscillator Enable bit
   659                           ;	LPT1OSC = 0x0, unprogrammed default
   660                           ;	MCLR Pin Enable bit
   661                           ;	MCLRE = 0x1, unprogrammed default
   662   300005                     	org	3145733
   663   300005  81                 	db	129
   664                           
   665                           ;Config register CONFIG4L @ 0x300006
   666                           ;	Stack Full/Underflow Reset Enable bit
   667                           ;	STVREN = 0x1, unprogrammed default
   668                           ;	Single-Supply ICSP Enable bit
   669                           ;	LVP = OFF, Single-Supply ICSP disabled
   670                           ;	Extended Instruction Set Enable bit
   671                           ;	XINST = 0x0, unprogrammed default
   672                           ;	Background Debugger Enable bit
   673                           ;	DEBUG = 0x1, unprogrammed default
   674   300006                     	org	3145734
   675   300006  81                 	db	129
   676                           
   677                           ; Padding undefined space
   678   300007                     	org	3145735
   679   300007  FF                 	db	255
   680                           
   681                           ;Config register CONFIG5L @ 0x300008
   682                           ;	unspecified, using default values
   683                           ;	Code Protection bit
   684                           ;	CP0 = 0x1, unprogrammed default
   685                           ;	Code Protection bit
   686                           ;	CP1 = 0x1, unprogrammed default
   687                           ;	Code Protection bit
   688                           ;	CP2 = 0x1, unprogrammed default
   689                           ;	Code Protection bit
   690                           ;	CP3 = 0x1, unprogrammed default
   691   300008                     	org	3145736
   692   300008  0F                 	db	15
   693                           
   694                           ;Config register CONFIG5H @ 0x300009
   695                           ;	Boot Block Code Protection bit
   696                           ;	CPB = 0x1, unprogrammed default
   697                           ;	Data EEPROM Code Protection bit
   698                           ;	CPD = OFF, Data EEPROM not code-protected
   699   300009                     	org	3145737
   700   300009  C0                 	db	192
   701                           
   702                           ;Config register CONFIG6L @ 0x30000A
   703                           ;	unspecified, using default values
   704                           ;	Write Protection bit
   705                           ;	WRT0 = 0x1, unprogrammed default
   706                           ;	Write Protection bit
   707                           ;	WRT1 = 0x1, unprogrammed default
   708                           ;	Write Protection bit
   709                           ;	WRT2 = 0x1, unprogrammed default
   710                           ;	Write Protection bit
   711                           ;	WRT3 = 0x1, unprogrammed default
   712   30000A                     	org	3145738
   713   30000A  0F                 	db	15
   714                           
   715                           ;Config register CONFIG6H @ 0x30000B
   716                           ;	unspecified, using default values
   717                           ;	Configuration Register Write Protection bit
   718                           ;	WRTC = 0x1, unprogrammed default
   719                           ;	Boot Block Write Protection bit
   720                           ;	WRTB = 0x1, unprogrammed default
   721                           ;	Data EEPROM Write Protection bit
   722                           ;	WRTD = 0x1, unprogrammed default
   723   30000B                     	org	3145739
   724   30000B  E0                 	db	224
   725                           
   726                           ;Config register CONFIG7L @ 0x30000C
   727                           ;	unspecified, using default values
   728                           ;	Table Read Protection bit
   729                           ;	EBTR0 = 0x1, unprogrammed default
   730                           ;	Table Read Protection bit
   731                           ;	EBTR1 = 0x1, unprogrammed default
   732                           ;	Table Read Protection bit
   733                           ;	EBTR2 = 0x1, unprogrammed default
   734                           ;	Table Read Protection bit
   735                           ;	EBTR3 = 0x1, unprogrammed default
   736   30000C                     	org	3145740
   737   30000C  0F                 	db	15
   738                           
   739                           ;Config register CONFIG7H @ 0x30000D
   740                           ;	unspecified, using default values
   741                           ;	Boot Block Table Read Protection bit
   742                           ;	EBTRB = 0x1, unprogrammed default
   743   30000D                     	org	3145741
   744   30000D  40                 	db	64
   745                           tosu	equ	0xFFF
   746                           tosh	equ	0xFFE
   747                           tosl	equ	0xFFD
   748                           stkptr	equ	0xFFC
   749                           pclatu	equ	0xFFB
   750                           pclath	equ	0xFFA
   751                           pcl	equ	0xFF9
   752                           tblptru	equ	0xFF8
   753                           tblptrh	equ	0xFF7
   754                           tblptrl	equ	0xFF6
   755                           tablat	equ	0xFF5
   756                           prodh	equ	0xFF4
   757                           prodl	equ	0xFF3
   758                           indf0	equ	0xFEF
   759                           postinc0	equ	0xFEE
   760                           postdec0	equ	0xFED
   761                           preinc0	equ	0xFEC
   762                           plusw0	equ	0xFEB
   763                           fsr0h	equ	0xFEA
   764                           fsr0l	equ	0xFE9
   765                           wreg	equ	0xFE8
   766                           indf1	equ	0xFE7
   767                           postinc1	equ	0xFE6
   768                           postdec1	equ	0xFE5
   769                           preinc1	equ	0xFE4
   770                           plusw1	equ	0xFE3
   771                           fsr1h	equ	0xFE2
   772                           fsr1l	equ	0xFE1
   773                           bsr	equ	0xFE0
   774                           indf2	equ	0xFDF
   775                           postinc2	equ	0xFDE
   776                           postdec2	equ	0xFDD
   777                           preinc2	equ	0xFDC
   778                           plusw2	equ	0xFDB
   779                           fsr2h	equ	0xFDA
   780                           fsr2l	equ	0xFD9
   781                           status	equ	0xFD8

Data Sizes:
    Strings     0
    Constant    0
    Data        0
    BSS         0
    Persistent  0
    Stack       0

Auto Spaces:
    Space          Size  Autos    Used
    COMRAM          127     10      10
    BANK0           128      0       0
    BANK1           256      0       0
    BANK2           256      0       0
    BANK3           256      0       0
    BANK4           256      0       0
    BANK5           256      0       0

Pointer List with Targets:

    None.

Critical Paths under _main in COMRAM

    _main->_setServoDuty

Critical Paths under _main in BANK0

    None.

Critical Paths under _main in BANK1

    None.

Critical Paths under _main in BANK2

    None.

Critical Paths under _main in BANK3

    None.

Critical Paths under _main in BANK4

    None.

Critical Paths under _main in BANK5

    None.

Call Graph Tables:

 ---------------------------------------------------------------------------------
 (Depth) Function   	        Calls       Base Space   Used Autos Params    Refs
 ---------------------------------------------------------------------------------
 (0) _main                                                10    10      0     135
                                              2 COMRAM     8     8      0
                       _setServoDuty
 ---------------------------------------------------------------------------------
 (1) _setServoDuty                                         2     2      0      30
                                              0 COMRAM     2     2      0
 ---------------------------------------------------------------------------------
 Estimated maximum stack depth 1
 ---------------------------------------------------------------------------------

 Call Graph Graphs:

 _main (ROOT)
   _setServoDuty

Address spaces:
Name               Size   Autos  Total    Usage
BITCOMRAM          127      0       0      0.0%
BITBANK0           128      0       0      0.0%
BITBANK1           256      0       0      0.0%
BITBANK2           256      0       0      0.0%
BITBANK3           256      0       0      0.0%
BITBANK4           256      0       0      0.0%
BITBANK5           256      0       0      0.0%
BITBIGSFRh          66      0       0      0.0%
BITBIGSFRlh         59      0       0      0.0%
BITBIGSFRll          1      0       0      0.0%
COMRAM             127     10      10      7.9%
BANK0              128      0       0      0.0%
BANK1              256      0       0      0.0%
BANK2              256      0       0      0.0%
BANK3              256      0       0      0.0%
BANK4              256      0       0      0.0%
BANK5              256      0       0      0.0%
BIGRAM            1535      0       0      0.0%
STACK                0      0       0      0.0%
DATA                 0      0      10      0.0%


Microchip Technology PIC18 Macro Assembler V3.00 build 20241204225717 
Symbol Table                                                                                   Sun Nov 09 14:28:45 2025

                     l21 0710                       l26 0648                       l29 069A  
                     u10 0660                       u11 065C                       u20 0670  
                     u21 066C                       u30 0686                       u31 0682  
                     u40 06A8                       u41 06A4                       u50 06EA  
                     u51 06E6                       u67 0632                       u77 0672  
                     u87 06AA                       u97 06C4                      l712 06F4  
                    l720 061E                      l730 0650                      l722 062C  
                    l714 0602                      l740 069A                      l732 0660  
                    l724 063C                      l716 0604                      l742 06A8  
                    l734 0670                      l726 0640                      l718 061C  
                    l752 06BC                      l736 0678                      l744 06B0  
                    l728 0648                      l754 06C2                      l746 06B4  
                    l738 0686                      l756 06CA                      l758 06CE  
                    _PR2 0FCB                      wreg 0FE8                     _LATC 0F8B  
            main@current 0008                     _main 0602                     start 7FFC  
           ___param_bank 0000                    ?_main 0001                    _TRISC 0F94  
                  main@i 0009                    status 0FD8          __initialization 0712  
           __end_of_main 06F2                   ??_main 0003            __activetblptr 0000  
                 _CCPR1L 0FBE                   isa$std 0001             __mediumconst 0600  
             __accesstop 0080  __end_of__initialization 0712            ___rparam_used 0001  
         __pcstackCOMRAM 0001            ?_setServoDuty 0001         setServoDuty@duty 0002  
         main@last_state 0007                  __Hparam 0000                  __Lparam 0000  
           __psmallconst 0600           ??_setServoDuty 0001                  __pcinit 0712  
                __ramtop 0600                  __ptext0 0602                  __ptext1 06F2  
              _T2CONbits 0FCA     end_of_initialization 0712                _PORTBbits 0F81  
            _CCP1CONbits 0FBD      start_initialization 0712     __end_of_setServoDuty 0712  
            __smallconst 0600                main@state 0005                 __Hrparam 0000  
               __Lrparam 0000             _setServoDuty 06F2                 isa$xinst 0000  
             _OSCCONbits 0FD3  
