

Microchip MPLAB XC8 Assembler V3.00 build 20241204225717 
                                                                                               Sun Nov 09 21:22:30 2025

Microchip MPLAB XC8 C Compiler v3.00 (Free license) build 20241204225717 Og1 
     1                           	processor	18F4520
     2                           	fnconf	rparam,??,?,0
     3                           	pagewidth 120
     4                           	opt	flic
     5                           	psect	idataCOMRAM,global,class=CODE,space=0,delta=1,noexec
     6                           	psect	cinit,global,reloc=2,class=CODE,space=0,delta=1
     7                           	psect	bssCOMRAM,global,class=COMRAM,space=1,delta=1,lowdata,noexec
     8                           	psect	dataCOMRAM,global,class=COMRAM,space=1,delta=1,lowdata,noexec
     9                           	psect	cstackCOMRAM,global,class=COMRAM,space=1,delta=1,lowdata,noexec
    10                           	psect	text0,global,reloc=2,class=CODE,space=0,delta=1
    11                           	psect	text1,global,reloc=2,class=CODE,space=0,delta=1
    12                           	psect	text2,global,reloc=2,class=CODE,space=0,delta=1
    13                           	psect	intcode,global,reloc=2,class=CODE,space=0,delta=1
    14                           	psect	intcode_body,global,reloc=2,class=CODE,space=0,delta=1
    15                           	psect	text4,global,reloc=2,class=CODE,space=0,delta=1
    16                           	psect	text5,global,reloc=2,class=CODE,space=0,delta=1
    17                           	psect	text6,global,reloc=2,class=CODE,space=0,delta=1,group=1
    18                           	psect	smallconst,global,reloc=2,class=SMALLCONST,space=0,delta=1,noexec
    19                           	psect	intsave_regs,global,class=BIGRAM,space=1,delta=1,noexec
    20                           	psect	rparam,global,class=COMRAM,space=1,delta=1,noexec
    21                           	psect	temp,global,ovrld,common,class=COMRAM,space=1,delta=1,lowdata
    22                           	psect	idloc,global,abs,ovrld,class=IDLOC,space=5,delta=1,noexec
    23                           	psect	config,global,abs,ovrld,class=CONFIG,space=4,delta=1,noexec
    24   000000                     
    25                           ; Generated 05/12/2024 GMT
    26                           ; 
    27                           ; Copyright © 2024, Microchip Technology Inc. and its subsidiaries ("Microchip")
    28                           ; All rights reserved.
    29                           ; 
    30                           ; This software is developed by Microchip Technology Inc. and its subsidiaries ("Microch
      +                          ip").
    31                           ; 
    32                           ; Redistribution and use in source and binary forms, with or without modification, are
    33                           ; permitted provided that the following conditions are met:
    34                           ; 
    35                           ;     1. Redistributions of source code must retain the above copyright notice, this lis
      +                          t of
    36                           ;        conditions and the following disclaimer.
    37                           ; 
    38                           ;     2. Redistributions in binary form must reproduce the above copyright notice, this 
      +                          list
    39                           ;        of conditions and the following disclaimer in the documentation and/or other
    40                           ;        materials provided with the distribution. Publication is not required when
    41                           ;        this file is used in an embedded application.
    42                           ; 
    43                           ;     3. Microchip's name may not be used to endorse or promote products derived from th
      +                          is
    44                           ;        software without specific prior written permission.
    45                           ; 
    46                           ; THIS SOFTWARE IS PROVIDED BY MICROCHIP "AS IS" AND ANY EXPRESS OR IMPLIED WARRANTIES,
    47                           ; INCLUDING, BUT NOT LIMITED TO, THE IMPLIED WARRANTIES OF MERCHANTABILITY AND FITNESS F
      +                          OR
    48                           ; PURPOSE ARE DISCLAIMED.  IN NO EVENT SHALL MICROCHIP BE LIABLE FOR ANY DIRECT, INDIREC
      +                          T,
    49                           ; INCIDENTAL, SPECIAL, EXEMPLARY, OR CONSEQUENTIAL DAMAGES (INCLUDING BUT NOT LIMITED TO
    50                           ; PROCUREMENT OF SUBSTITUTE GOODS OR SERVICES; LOSS OF USE, DATA OR PROFITS; OR BUSINESS
    51                           ; INTERRUPTION) HOWSOEVER CAUSED AND ON ANY THEORY OF LIABILITY, WHETHER IN CONTRACT, ST
      +                          RICT
    52                           ; LIABILITY, OR TORT (INCLUDING NEGLIGENCE OR OTHERWISE) ARISING IN ANY WAY OUT OF THE U
      +                          SE OF
    53                           ; THIS SOFTWARE, EVEN IF ADVISED OF THE POSSIBILITY OF SUCH DAMAGE.
    54                           ; 
    55                           ; 
    56                           ; Code-generator required, PIC18F4520 Definitions
    57                           ; 
    58                           ; SFR Addresses
    59   000FE0                     bsr             equ	4064
    60   000FE9                     fsr0            equ	4073
    61   000FEA                     fsr0h           equ	4074
    62   000FE9                     fsr0l           equ	4073
    63   000FE1                     fsr1            equ	4065
    64   000FE2                     fsr1h           equ	4066
    65   000FE1                     fsr1l           equ	4065
    66   000FD9                     fsr2            equ	4057
    67   000FDA                     fsr2h           equ	4058
    68   000FD9                     fsr2l           equ	4057
    69   000FEF                     indf0           equ	4079
    70   000FE7                     indf1           equ	4071
    71   000FDF                     indf2           equ	4063
    72   000FF2                     intcon          equ	4082
    73   000000                     nvmcon          equ	0
    74   000FF9                     pcl             equ	4089
    75   000FFA                     pclath          equ	4090
    76   000FFB                     pclatu          equ	4091
    77   000FEB                     plusw0          equ	4075
    78   000FE3                     plusw1          equ	4067
    79   000FDB                     plusw2          equ	4059
    80   000FED                     postdec0        equ	4077
    81   000FE5                     postdec1        equ	4069
    82   000FDD                     postdec2        equ	4061
    83   000FEE                     postinc0        equ	4078
    84   000FE6                     postinc1        equ	4070
    85   000FDE                     postinc2        equ	4062
    86   000FEC                     preinc0         equ	4076
    87   000FE4                     preinc1         equ	4068
    88   000FDC                     preinc2         equ	4060
    89   000FF3                     prod            equ	4083
    90   000FF4                     prodh           equ	4084
    91   000FF3                     prodl           equ	4083
    92   000FD8                     status          equ	4056
    93   000FF5                     tablat          equ	4085
    94   000FF6                     tblptr          equ	4086
    95   000FF7                     tblptrh         equ	4087
    96   000FF6                     tblptrl         equ	4086
    97   000FF8                     tblptru         equ	4088
    98   000FFD                     tosl            equ	4093
    99   000FE8                     wreg            equ	4072
   100   000F80                     PORTA           equ	3968	;# 
   101   000F81                     PORTB           equ	3969	;# 
   102   000F82                     PORTC           equ	3970	;# 
   103   000F83                     PORTD           equ	3971	;# 
   104   000F84                     PORTE           equ	3972	;# 
   105   000F89                     LATA            equ	3977	;# 
   106   000F8A                     LATB            equ	3978	;# 
   107   000F8B                     LATC            equ	3979	;# 
   108   000F8C                     LATD            equ	3980	;# 
   109   000F8D                     LATE            equ	3981	;# 
   110   000F92                     TRISA           equ	3986	;# 
   111   000F92                     DDRA            equ	3986	;# 
   112   000F93                     TRISB           equ	3987	;# 
   113   000F93                     DDRB            equ	3987	;# 
   114   000F94                     TRISC           equ	3988	;# 
   115   000F94                     DDRC            equ	3988	;# 
   116   000F95                     TRISD           equ	3989	;# 
   117   000F95                     DDRD            equ	3989	;# 
   118   000F96                     TRISE           equ	3990	;# 
   119   000F96                     DDRE            equ	3990	;# 
   120   000F9B                     OSCTUNE         equ	3995	;# 
   121   000F9D                     PIE1            equ	3997	;# 
   122   000F9E                     PIR1            equ	3998	;# 
   123   000F9F                     IPR1            equ	3999	;# 
   124   000FA0                     PIE2            equ	4000	;# 
   125   000FA1                     PIR2            equ	4001	;# 
   126   000FA2                     IPR2            equ	4002	;# 
   127   000FA6                     EECON1          equ	4006	;# 
   128   000FA7                     EECON2          equ	4007	;# 
   129   000FA8                     EEDATA          equ	4008	;# 
   130   000FA9                     EEADR           equ	4009	;# 
   131   000FAB                     RCSTA           equ	4011	;# 
   132   000FAB                     RCSTA1          equ	4011	;# 
   133   000FAC                     TXSTA           equ	4012	;# 
   134   000FAC                     TXSTA1          equ	4012	;# 
   135   000FAD                     TXREG           equ	4013	;# 
   136   000FAD                     TXREG1          equ	4013	;# 
   137   000FAE                     RCREG           equ	4014	;# 
   138   000FAE                     RCREG1          equ	4014	;# 
   139   000FAF                     SPBRG           equ	4015	;# 
   140   000FAF                     SPBRG1          equ	4015	;# 
   141   000FB0                     SPBRGH          equ	4016	;# 
   142   000FB1                     T3CON           equ	4017	;# 
   143   000FB2                     TMR3            equ	4018	;# 
   144   000FB2                     TMR3L           equ	4018	;# 
   145   000FB3                     TMR3H           equ	4019	;# 
   146   000FB4                     CMCON           equ	4020	;# 
   147   000FB5                     CVRCON          equ	4021	;# 
   148   000FB6                     ECCP1AS         equ	4022	;# 
   149   000FB6                     ECCPAS          equ	4022	;# 
   150   000FB7                     PWM1CON         equ	4023	;# 
   151   000FB7                     ECCP1DEL        equ	4023	;# 
   152   000FB8                     BAUDCON         equ	4024	;# 
   153   000FB8                     BAUDCTL         equ	4024	;# 
   154   000FBA                     CCP2CON         equ	4026	;# 
   155   000FBB                     CCPR2           equ	4027	;# 
   156   000FBB                     CCPR2L          equ	4027	;# 
   157   000FBC                     CCPR2H          equ	4028	;# 
   158   000FBD                     CCP1CON         equ	4029	;# 
   159   000FBE                     CCPR1           equ	4030	;# 
   160   000FBE                     CCPR1L          equ	4030	;# 
   161   000FBF                     CCPR1H          equ	4031	;# 
   162   000FC0                     ADCON2          equ	4032	;# 
   163   000FC1                     ADCON1          equ	4033	;# 
   164   000FC2                     ADCON0          equ	4034	;# 
   165   000FC3                     ADRES           equ	4035	;# 
   166   000FC3                     ADRESL          equ	4035	;# 
   167   000FC4                     ADRESH          equ	4036	;# 
   168   000FC5                     SSPCON2         equ	4037	;# 
   169   000FC6                     SSPCON1         equ	4038	;# 
   170   000FC7                     SSPSTAT         equ	4039	;# 
   171   000FC8                     SSPADD          equ	4040	;# 
   172   000FC9                     SSPBUF          equ	4041	;# 
   173   000FCA                     T2CON           equ	4042	;# 
   174   000FCB                     PR2             equ	4043	;# 
   175   000FCB                     MEMCON          equ	4043	;# 
   176   000FCC                     TMR2            equ	4044	;# 
   177   000FCD                     T1CON           equ	4045	;# 
   178   000FCE                     TMR1            equ	4046	;# 
   179   000FCE                     TMR1L           equ	4046	;# 
   180   000FCF                     TMR1H           equ	4047	;# 
   181   000FD0                     RCON            equ	4048	;# 
   182   000FD1                     WDTCON          equ	4049	;# 
   183   000FD2                     HLVDCON         equ	4050	;# 
   184   000FD2                     LVDCON          equ	4050	;# 
   185   000FD3                     OSCCON          equ	4051	;# 
   186   000FD5                     T0CON           equ	4053	;# 
   187   000FD6                     TMR0            equ	4054	;# 
   188   000FD6                     TMR0L           equ	4054	;# 
   189   000FD7                     TMR0H           equ	4055	;# 
   190   000FD8                     STATUS          equ	4056	;# 
   191   000FD9                     FSR2            equ	4057	;# 
   192   000FD9                     FSR2L           equ	4057	;# 
   193   000FDA                     FSR2H           equ	4058	;# 
   194   000FDB                     PLUSW2          equ	4059	;# 
   195   000FDC                     PREINC2         equ	4060	;# 
   196   000FDD                     POSTDEC2        equ	4061	;# 
   197   000FDE                     POSTINC2        equ	4062	;# 
   198   000FDF                     INDF2           equ	4063	;# 
   199   000FE0                     BSR             equ	4064	;# 
   200   000FE1                     FSR1            equ	4065	;# 
   201   000FE1                     FSR1L           equ	4065	;# 
   202   000FE2                     FSR1H           equ	4066	;# 
   203   000FE3                     PLUSW1          equ	4067	;# 
   204   000FE4                     PREINC1         equ	4068	;# 
   205   000FE5                     POSTDEC1        equ	4069	;# 
   206   000FE6                     POSTINC1        equ	4070	;# 
   207   000FE7                     INDF1           equ	4071	;# 
   208   000FE8                     WREG            equ	4072	;# 
   209   000FE9                     FSR0            equ	4073	;# 
   210   000FE9                     FSR0L           equ	4073	;# 
   211   000FEA                     FSR0H           equ	4074	;# 
   212   000FEB                     PLUSW0          equ	4075	;# 
   213   000FEC                     PREINC0         equ	4076	;# 
   214   000FED                     POSTDEC0        equ	4077	;# 
   215   000FEE                     POSTINC0        equ	4078	;# 
   216   000FEF                     INDF0           equ	4079	;# 
   217   000FF0                     INTCON3         equ	4080	;# 
   218   000FF1                     INTCON2         equ	4081	;# 
   219   000FF2                     INTCON          equ	4082	;# 
   220   000FF3                     PROD            equ	4083	;# 
   221   000FF3                     PRODL           equ	4083	;# 
   222   000FF4                     PRODH           equ	4084	;# 
   223   000FF5                     TABLAT          equ	4085	;# 
   224   000FF6                     TBLPTR          equ	4086	;# 
   225   000FF6                     TBLPTRL         equ	4086	;# 
   226   000FF7                     TBLPTRH         equ	4087	;# 
   227   000FF8                     TBLPTRU         equ	4088	;# 
   228   000FF9                     PCLAT           equ	4089	;# 
   229   000FF9                     PC              equ	4089	;# 
   230   000FF9                     PCL             equ	4089	;# 
   231   000FFA                     PCLATH          equ	4090	;# 
   232   000FFB                     PCLATU          equ	4091	;# 
   233   000FFC                     STKPTR          equ	4092	;# 
   234   000FFD                     TOS             equ	4093	;# 
   235   000FFD                     TOSL            equ	4093	;# 
   236   000FFE                     TOSH            equ	4094	;# 
   237   000FFF                     TOSU            equ	4095	;# 
   238                           
   239                           	psect	idataCOMRAM
   240   00091C                     __pidataCOMRAM:
   241                           	callstack 0
   242                           
   243                           ;initializer for _direction
   244   00091C  0001               	dw	1
   245                           
   246                           ;initializer for _location
   247   00091E  000F               	dw	15
   248                           
   249                           ;initializer for isr@last_state
   250   000920  01                 	db	1
   251                           
   252                           ;initializer for _running
   253   000921  01                 	db	1
   254   000F8B                     _LATC           set	3979
   255   000F94                     _TRISC          set	3988
   256   000F94                     _TRISCbits      set	3988
   257   000F81                     _PORTBbits      set	3969
   258   000FCB                     _PR2            set	4043
   259   000FD3                     _OSCCONbits     set	4051
   260   000FCA                     _T2CONbits      set	4042
   261   000FD0                     _RCONbits       set	4048
   262   000F9D                     _PIE1bits       set	3997
   263   000FCD                     _T1CONbits      set	4045
   264   000F9E                     _PIR1bits       set	3998
   265   000FBA                     _CCP2CONbits    set	4026
   266   000FBB                     _CCPR2L         set	4027
   267   000FBD                     _CCP1CONbits    set	4029
   268   000FBE                     _CCPR1L         set	4030
   269   000FCE                     _TMR1L          set	4046
   270   000FCF                     _TMR1H          set	4047
   271   000FF2                     _INTCONbits     set	4082
   272                           
   273                           ; #config settings
   274                           
   275                           	psect	cinit
   276   0008CC                     __pcinit:
   277                           	callstack 0
   278   0008CC                     start_initialization:
   279                           	callstack 0
   280   0008CC                     __initialization:
   281                           	callstack 0
   282                           
   283                           ; Initialize objects allocated to COMRAM (6 bytes)
   284                           ; load TBLPTR registers with __pidataCOMRAM
   285   0008CC  0E1C               	movlw	low __pidataCOMRAM
   286   0008CE  6EF6               	movwf	tblptrl,c
   287   0008D0  0E09               	movlw	high __pidataCOMRAM
   288   0008D2  6EF7               	movwf	tblptrh,c
   289   0008D4  0E00               	movlw	low (__pidataCOMRAM shr (0+16))
   290   0008D6  6EF8               	movwf	tblptru,c
   291   0008D8  EE00  F013         	lfsr	0,__pdataCOMRAM
   292   0008DC  EE10 F006          	lfsr	1,6
   293   0008E0                     copy_data0:
   294   0008E0  0009               	tblrd		*+
   295   0008E2  CFF5 FFEE          	movff	tablat,postinc0
   296   0008E6  50E5               	movf	postdec1,w,c
   297   0008E8  50E1               	movf	fsr1l,w,c
   298   0008EA  E1FA               	bnz	copy_data0
   299                           
   300                           ; Clear objects allocated to COMRAM (2 bytes)
   301   0008EC  6A1A               	clrf	(__pbssCOMRAM+1)& (0+255),c
   302   0008EE  6A19               	clrf	__pbssCOMRAM& (0+255),c
   303   0008F0                     end_of_initialization:
   304                           	callstack 0
   305   0008F0                     __end_of__initialization:
   306                           	callstack 0
   307   0008F0  901B               	bcf	int$flags,0,c	;clear compiler interrupt flag (level 1)
   308   0008F2  921B               	bcf	int$flags,1,c	;clear compiler interrupt flag (level 2)
   309   0008F4  0100               	movlb	0
   310   0008F6  EF38  F004         	goto	_main	;jump to C main() function
   311                           
   312                           	psect	bssCOMRAM
   313   000019                     __pbssCOMRAM:
   314                           	callstack 0
   315   000019                     _tick:
   316                           	callstack 0
   317   000019                     	ds	2
   318                           
   319                           	psect	dataCOMRAM
   320   000013                     __pdataCOMRAM:
   321                           	callstack 0
   322   000013                     _direction:
   323                           	callstack 0
   324   000013                     	ds	2
   325   000015                     _location:
   326                           	callstack 0
   327   000015                     	ds	2
   328   000017                     isr@last_state:
   329                           	callstack 0
   330   000017                     	ds	1
   331   000018                     _running:
   332                           	callstack 0
   333   000018                     	ds	1
   334                           
   335                           	psect	cstackCOMRAM
   336   000001                     __pcstackCOMRAM:
   337                           	callstack 0
   338   000001                     ?___awdiv:
   339                           	callstack 0
   340   000001                     ___awdiv@dividend:
   341                           	callstack 0
   342   000001                     
   343                           ; 1 bytes @ 0x0
   344   000001                     	ds	2
   345   000003                     ___awdiv@divisor:
   346                           	callstack 0
   347                           
   348                           ; 2 bytes @ 0x2
   349   000003                     	ds	2
   350   000005                     ___awdiv@counter:
   351                           	callstack 0
   352   000005                     
   353                           ; 1 bytes @ 0x4
   354   000005                     	ds	1
   355   000006                     ___awdiv@sign:
   356                           	callstack 0
   357                           
   358                           ; 1 bytes @ 0x5
   359   000006                     	ds	1
   360   000007                     ___awdiv@quotient:
   361                           	callstack 0
   362                           
   363                           ; 2 bytes @ 0x6
   364   000007                     	ds	2
   365   000009                     ??_setServoDuty:
   366                           
   367                           ; 1 bytes @ 0x8
   368   000009                     	ds	4
   369   00000D                     setServoDuty@duty:
   370                           	callstack 0
   371                           
   372                           ; 1 bytes @ 0xC
   373   00000D                     	ds	1
   374   00000E                     setServoDuty@led_duty:
   375                           	callstack 0
   376                           
   377                           ; 1 bytes @ 0xD
   378   00000E                     	ds	1
   379   00000F                     ??_isr:
   380                           
   381                           ; 1 bytes @ 0xE
   382   00000F                     	ds	2
   383   000011                     isr@current:
   384                           	callstack 0
   385                           
   386                           ; 1 bytes @ 0x10
   387   000011                     	ds	1
   388   000012                     ??_main:
   389                           
   390                           ; 1 bytes @ 0x11
   391   000012                     	ds	1
   392                           
   393 ;;
   394 ;;Main: autosize = 0, tempsize = 1, incstack = 0, save=0
   395 ;;
   396 ;; *************** function _main *****************
   397 ;; Defined at:
   398 ;;		line 87 in file "Hard.c"
   399 ;; Parameters:    Size  Location     Type
   400 ;;		None
   401 ;; Auto vars:     Size  Location     Type
   402 ;;		None
   403 ;; Return value:  Size  Location     Type
   404 ;;                  1    wreg      void 
   405 ;; Registers used:
   406 ;;		wreg, status,2, cstack
   407 ;; Tracked objects:
   408 ;;		On entry : 0/0
   409 ;;		On exit  : 0/0
   410 ;;		Unchanged: 0/0
   411 ;; Data sizes:     COMRAM   BANK0   BANK1   BANK2   BANK3   BANK4   BANK5
   412 ;;      Params:         0       0       0       0       0       0       0
   413 ;;      Locals:         0       0       0       0       0       0       0
   414 ;;      Temps:          1       0       0       0       0       0       0
   415 ;;      Totals:         1       0       0       0       0       0       0
   416 ;;Total ram usage:        1 bytes
   417 ;; Hardware stack levels required when called: 5
   418 ;; This function calls:
   419 ;;		_init_timer1
   420 ;; This function is called by:
   421 ;;		Startup code after reset
   422 ;; This function uses a non-reentrant model
   423 ;;
   424                           
   425                           	psect	text0
   426   000870                     __ptext0:
   427                           	callstack 0
   428   000870                     _main:
   429                           	callstack 26
   430   000870                     
   431                           ;Hard.c: 89:     RCONbits.IPEN = 0;
   432   000870  9ED0               	bcf	208,7,c	;volatile
   433                           
   434                           ;Hard.c: 90:     INTCONbits.PEIE = 1;
   435   000872  8CF2               	bsf	242,6,c	;volatile
   436                           
   437                           ;Hard.c: 91:     INTCONbits.GIE = 1;
   438   000874  8EF2               	bsf	242,7,c	;volatile
   439   000876                     
   440                           ;Hard.c: 93:     init_timer1();
   441   000876  EC7D  F004         	call	_init_timer1	;wreg free
   442   00087A                     
   443                           ;Hard.c: 96:     T2CONbits.TMR2ON = 0b1;
   444   00087A  84CA               	bsf	202,2,c	;volatile
   445   00087C                     
   446                           ;Hard.c: 97:     T2CONbits.T2CKPS = 0b01;
   447   00087C  50CA               	movf	202,w,c	;volatile
   448   00087E  0BFC               	andlw	-4
   449   000880  0901               	iorlw	1
   450   000882  6ECA               	movwf	202,c	;volatile
   451   000884                     
   452                           ;Hard.c: 100:     OSCCONbits.IRCF = 0b001;
   453   000884  50D3               	movf	211,w,c	;volatile
   454   000886  0B8F               	andlw	-113
   455   000888  0910               	iorlw	16
   456   00088A  6ED3               	movwf	211,c	;volatile
   457   00088C                     
   458                           ;Hard.c: 103:     CCP1CONbits.CCP1M = 0b1100;
   459   00088C  50BD               	movf	189,w,c	;volatile
   460   00088E  0BF0               	andlw	-16
   461   000890  090C               	iorlw	12
   462   000892  6EBD               	movwf	189,c	;volatile
   463   000894                     
   464                           ;Hard.c: 105:     CCP2CONbits.CCP2M = 0b1100;
   465   000894  50BA               	movf	186,w,c	;volatile
   466   000896  0BF0               	andlw	-16
   467   000898  090C               	iorlw	12
   468   00089A  6EBA               	movwf	186,c	;volatile
   469   00089C                     
   470                           ;Hard.c: 106:     TRISCbits.TRISC1 = 0;
   471   00089C  9294               	bcf	148,1,c	;volatile
   472   00089E                     
   473                           ;Hard.c: 109:     TRISC = 0;
   474   00089E  6A94               	clrf	148,c	;volatile
   475   0008A0                     
   476                           ;Hard.c: 110:     LATC = 0;
   477   0008A0  6A8B               	clrf	139,c	;volatile
   478   0008A2                     
   479                           ;Hard.c: 119:     PR2 = 0x9B;
   480   0008A2  0E9B               	movlw	155
   481   0008A4  6ECB               	movwf	203,c	;volatile
   482   0008A6                     
   483                           ;Hard.c: 128:     CCPR1L = 0x03;
   484   0008A6  0E03               	movlw	3
   485   0008A8  6EBE               	movwf	190,c	;volatile
   486   0008AA                     
   487                           ;Hard.c: 129:     CCP1CONbits.DC1B = 0b11;
   488   0008AA  0E30               	movlw	48
   489   0008AC  12BD               	iorwf	189,f,c	;volatile
   490   0008AE                     
   491                           ;Hard.c: 131:     CCPR2L = 0x00;
   492   0008AE  6ABB               	clrf	187,c	;volatile
   493   0008B0                     
   494                           ;Hard.c: 132:     CCP2CONbits.DC2B0 = 0b0;
   495   0008B0  98BA               	bcf	186,4,c	;volatile
   496   0008B2                     
   497                           ;Hard.c: 133:     CCP2CONbits.DC2B1 = 0b0;
   498   0008B2  9ABA               	bcf	186,5,c	;volatile
   499   0008B4                     
   500                           ;Hard.c: 134:     _delay((unsigned long)((1000)*(125000/4000.0)));
   501   0008B4  0E29               	movlw	41
   502   0008B6  6E12               	movwf	??_main^0,c
   503   0008B8  0E94               	movlw	148
   504   0008BA                     u337:
   505   0008BA  2EE8               	decfsz	wreg,f,c
   506   0008BC  D7FE               	bra	u337
   507   0008BE  2E12               	decfsz	??_main^0,f,c
   508   0008C0  D7FC               	bra	u337
   509   0008C2  D000               	nop2	
   510   0008C4                     l75:
   511   0008C4  EF62  F004         	goto	l75
   512   0008C8  EF07  F000         	goto	start
   513   0008CC                     __end_of_main:
   514                           	callstack 0
   515                           
   516 ;; *************** function _init_timer1 *****************
   517 ;; Defined at:
   518 ;;		line 77 in file "Hard.c"
   519 ;; Parameters:    Size  Location     Type
   520 ;;		None
   521 ;; Auto vars:     Size  Location     Type
   522 ;;		None
   523 ;; Return value:  Size  Location     Type
   524 ;;                  1    wreg      void 
   525 ;; Registers used:
   526 ;;		wreg, status,2, cstack
   527 ;; Tracked objects:
   528 ;;		On entry : 0/0
   529 ;;		On exit  : 0/0
   530 ;;		Unchanged: 0/0
   531 ;; Data sizes:     COMRAM   BANK0   BANK1   BANK2   BANK3   BANK4   BANK5
   532 ;;      Params:         0       0       0       0       0       0       0
   533 ;;      Locals:         0       0       0       0       0       0       0
   534 ;;      Temps:          0       0       0       0       0       0       0
   535 ;;      Totals:         0       0       0       0       0       0       0
   536 ;;Total ram usage:        0 bytes
   537 ;; Hardware stack levels used: 1
   538 ;; Hardware stack levels required when called: 4
   539 ;; This function calls:
   540 ;;		_TMR1_reload_10ms
   541 ;; This function is called by:
   542 ;;		_main
   543 ;; This function uses a non-reentrant model
   544 ;;
   545                           
   546                           	psect	text1
   547   0008FA                     __ptext1:
   548                           	callstack 0
   549   0008FA                     _init_timer1:
   550                           	callstack 26
   551   0008FA                     
   552                           ;Hard.c: 79:     T1CONbits.TMR1CS = 0;
   553   0008FA  92CD               	bcf	205,1,c	;volatile
   554   0008FC                     
   555                           ;Hard.c: 80:     T1CONbits.T1CKPS = 0b11;
   556   0008FC  0E30               	movlw	48
   557   0008FE  12CD               	iorwf	205,f,c	;volatile
   558   000900                     
   559                           ;Hard.c: 81:     TMR1_reload_10ms();
   560   000900  EC86  F004         	call	_TMR1_reload_10ms	;wreg free
   561   000904                     
   562                           ;Hard.c: 82:     PIR1bits.TMR1IF = 0;
   563   000904  909E               	bcf	158,0,c	;volatile
   564   000906                     
   565                           ;Hard.c: 83:     PIE1bits.TMR1IE = 1;
   566   000906  809D               	bsf	157,0,c	;volatile
   567   000908                     
   568                           ;Hard.c: 84:     T1CONbits.TMR1ON = 1;
   569   000908  80CD               	bsf	205,0,c	;volatile
   570   00090A  0012               	return		;funcret
   571   00090C                     __end_of_init_timer1:
   572                           	callstack 0
   573                           
   574 ;; *************** function _TMR1_reload_10ms *****************
   575 ;; Defined at:
   576 ;;		line 25 in file "Hard.c"
   577 ;; Parameters:    Size  Location     Type
   578 ;;		None
   579 ;; Auto vars:     Size  Location     Type
   580 ;;		None
   581 ;; Return value:  Size  Location     Type
   582 ;;                  1    wreg      void 
   583 ;; Registers used:
   584 ;;		wreg, status,2
   585 ;; Tracked objects:
   586 ;;		On entry : 0/0
   587 ;;		On exit  : 0/0
   588 ;;		Unchanged: 0/0
   589 ;; Data sizes:     COMRAM   BANK0   BANK1   BANK2   BANK3   BANK4   BANK5
   590 ;;      Params:         0       0       0       0       0       0       0
   591 ;;      Locals:         0       0       0       0       0       0       0
   592 ;;      Temps:          0       0       0       0       0       0       0
   593 ;;      Totals:         0       0       0       0       0       0       0
   594 ;;Total ram usage:        0 bytes
   595 ;; Hardware stack levels used: 1
   596 ;; Hardware stack levels required when called: 3
   597 ;; This function calls:
   598 ;;		Nothing
   599 ;; This function is called by:
   600 ;;		_init_timer1
   601 ;; This function uses a non-reentrant model
   602 ;;
   603                           
   604                           	psect	text2
   605   00090C                     __ptext2:
   606                           	callstack 0
   607   00090C                     _TMR1_reload_10ms:
   608                           	callstack 26
   609   00090C                     
   610                           ;Hard.c: 26:     TMR1H = 0xFF;
   611   00090C  68CF               	setf	207,c	;volatile
   612   00090E                     
   613                           ;Hard.c: 27:     TMR1L = 0xE5;
   614   00090E  0EE5               	movlw	229
   615   000910  6ECE               	movwf	206,c	;volatile
   616   000912  0012               	return		;funcret
   617   000914                     __end_of_TMR1_reload_10ms:
   618                           	callstack 0
   619                           
   620 ;; *************** function _isr *****************
   621 ;; Defined at:
   622 ;;		line 42 in file "Hard.c"
   623 ;; Parameters:    Size  Location     Type
   624 ;;		None
   625 ;; Auto vars:     Size  Location     Type
   626 ;;  current         1   16[COMRAM] unsigned char 
   627 ;; Return value:  Size  Location     Type
   628 ;;                  1    wreg      void 
   629 ;; Registers used:
   630 ;;		wreg, status,2, status,0, prodl, prodh, cstack
   631 ;; Tracked objects:
   632 ;;		On entry : 0/0
   633 ;;		On exit  : 0/0
   634 ;;		Unchanged: 0/0
   635 ;; Data sizes:     COMRAM   BANK0   BANK1   BANK2   BANK3   BANK4   BANK5
   636 ;;      Params:         0       0       0       0       0       0       0
   637 ;;      Locals:         1       0       0       0       0       0       0
   638 ;;      Temps:          2       0       0       0       0       0       0
   639 ;;      Totals:         3       0       0       0       0       0       0
   640 ;;Total ram usage:        3 bytes
   641 ;; Hardware stack levels used: 1
   642 ;; Hardware stack levels required when called: 2
   643 ;; This function calls:
   644 ;;		_setServoDuty
   645 ;;		i2_TMR1_reload_10ms
   646 ;; This function is called by:
   647 ;;		Interrupt level 2
   648 ;; This function uses a non-reentrant model
   649 ;;
   650                           
   651                           	psect	intcode
   652   000008                     __pintcode:
   653                           	callstack 0
   654   000008                     _isr:
   655                           	callstack 26
   656                           
   657                           ;incstack = 0
   658   000008  821B               	bsf	int$flags,1,c	;set compiler interrupt flag (level 2)
   659   00000A  ED01  F003         	call	int_func,f	;refresh shadow registers
   660                           
   661                           	psect	intcode_body
   662   000602                     __pintcode_body:
   663                           	callstack 26
   664   000602                     int_func:
   665                           	callstack 26
   666   000602  0006               	pop		; remove dummy address from shadow register refresh
   667   000604  CFF3 F00F          	movff	prodl,??_isr
   668   000608  CFF4 F010          	movff	prodh,??_isr+1
   669   00060C                     
   670                           ;Hard.c: 43:     if (PIR1bits.TMR1IF) {
   671   00060C  A09E               	btfss	158,0,c	;volatile
   672   00060E  EF0B  F003         	goto	i2u23_41
   673   000612  EF0D  F003         	goto	i2u23_40
   674   000616                     i2u23_41:
   675   000616  EF8B  F003         	goto	i2l67
   676   00061A                     i2u23_40:
   677   00061A                     
   678                           ;Hard.c: 44:         PIR1bits.TMR1IF = 0;
   679   00061A  909E               	bcf	158,0,c	;volatile
   680   00061C                     
   681                           ;Hard.c: 45:         TMR1_reload_10ms();
   682   00061C  EC8A  F004         	call	i2_TMR1_reload_10ms	;wreg free
   683   000620                     
   684                           ;Hard.c: 47:         static unsigned char last_state = 1;;Hard.c: 48:         unsigned c
      +                          har current = PORTBbits.RB0;
   685   000620  0E00               	movlw	0
   686   000622  B081               	btfsc	129,0,c	;volatile
   687   000624  0E01               	movlw	1
   688   000626  6E11               	movwf	isr@current^0,c
   689   000628                     
   690                           ;Hard.c: 50:         if (last_state == 0 && current == 1) {
   691   000628  5017               	movf	isr@last_state^0,w,c
   692   00062A  A4D8               	btfss	status,2,c
   693   00062C  EF1A  F003         	goto	i2u24_41
   694   000630  EF1C  F003         	goto	i2u24_40
   695   000634                     i2u24_41:
   696   000634  EF3A  F003         	goto	i2l970
   697   000638                     i2u24_40:
   698   000638  0411               	decf	isr@current^0,w,c
   699   00063A  A4D8               	btfss	status,2,c
   700   00063C  EF22  F003         	goto	i2u25_41
   701   000640  EF24  F003         	goto	i2u25_40
   702   000644                     i2u25_41:
   703   000644  EF3A  F003         	goto	i2l970
   704   000648                     i2u25_40:
   705   000648                     
   706                           ;Hard.c: 51:             _delay((unsigned long)((20)*(125000/4000.0)));
   707   000648  0ED0               	movlw	208
   708   00064A                     i2u34_47:
   709   00064A  2EE8               	decfsz	wreg,f,c
   710   00064C  D7FE               	bra	i2u34_47
   711   00064E  0000               	nop	
   712   000650                     
   713                           ;Hard.c: 52:             if (PORTBbits.RB0 == 1) {
   714   000650  A081               	btfss	129,0,c	;volatile
   715   000652  EF2D  F003         	goto	i2u26_41
   716   000656  EF2F  F003         	goto	i2u26_40
   717   00065A                     i2u26_41:
   718   00065A  EF3A  F003         	goto	i2l970
   719   00065E                     i2u26_40:
   720   00065E                     
   721                           ;Hard.c: 53:                 running = !running;
   722   00065E  5018               	movf	_running^0,w,c
   723   000660  B4D8               	btfsc	status,2,c
   724   000662  EF35  F003         	goto	i2u27_41
   725   000666  EF38  F003         	goto	i2u27_40
   726   00066A                     i2u27_41:
   727   00066A  0E01               	movlw	1
   728   00066C  EF39  F003         	goto	i2u28_40
   729   000670                     i2u27_40:
   730   000670  0E00               	movlw	0
   731   000672                     i2u28_40:
   732   000672  6E18               	movwf	_running^0,c
   733   000674                     i2l970:
   734                           
   735                           ;Hard.c: 57:         last_state = current;
   736   000674  C011  F017         	movff	isr@current,isr@last_state
   737   000678                     
   738                           ;Hard.c: 59:         if (++tick >= 4) {
   739   000678  4A19               	infsnz	_tick^0,f,c
   740   00067A  2A1A               	incf	(_tick+1)^0,f,c
   741   00067C  BE1A               	btfsc	(_tick+1)^0,7,c
   742   00067E  EF4A  F003         	goto	i2u29_41
   743   000682  501A               	movf	(_tick+1)^0,w,c
   744   000684  E109               	bnz	i2u29_40
   745   000686  0E04               	movlw	4
   746   000688  5C19               	subwf	_tick^0,w,c
   747   00068A  A0D8               	btfss	status,0,c
   748   00068C  EF4A  F003         	goto	i2u29_41
   749   000690  EF4C  F003         	goto	i2u29_40
   750   000694                     i2u29_41:
   751   000694  EF8B  F003         	goto	i2l67
   752   000698                     i2u29_40:
   753   000698                     
   754                           ;Hard.c: 60:             tick = 0;
   755   000698  0E00               	movlw	0
   756   00069A  6E1A               	movwf	(_tick+1)^0,c
   757   00069C  0E00               	movlw	0
   758   00069E  6E19               	movwf	_tick^0,c
   759                           
   760                           ;Hard.c: 62:             if (!running) {
   761   0006A0  5018               	movf	_running^0,w,c
   762   0006A2  A4D8               	btfss	status,2,c
   763   0006A4  EF56  F003         	goto	i2u30_41
   764   0006A8  EF58  F003         	goto	i2u30_40
   765   0006AC                     i2u30_41:
   766   0006AC  EF8B  F003         	goto	i2l67
   767   0006B0                     i2u30_40:
   768   0006B0                     
   769                           ;Hard.c: 63:                 location += direction;
   770   0006B0  5013               	movf	_direction^0,w,c
   771   0006B2  2615               	addwf	_location^0,f,c
   772   0006B4  5014               	movf	(_direction+1)^0,w,c
   773   0006B6  2216               	addwfc	(_location+1)^0,f,c
   774                           
   775                           ;Hard.c: 64:                 if (location >= 78) {
   776   0006B8  BE16               	btfsc	(_location+1)^0,7,c
   777   0006BA  EF68  F003         	goto	i2u31_41
   778   0006BE  5016               	movf	(_location+1)^0,w,c
   779   0006C0  E109               	bnz	i2u31_40
   780   0006C2  0E4E               	movlw	78
   781   0006C4  5C15               	subwf	_location^0,w,c
   782   0006C6  A0D8               	btfss	status,0,c
   783   0006C8  EF68  F003         	goto	i2u31_41
   784   0006CC  EF6A  F003         	goto	i2u31_40
   785   0006D0                     i2u31_41:
   786   0006D0  EF72  F003         	goto	i2l982
   787   0006D4                     i2u31_40:
   788   0006D4                     
   789                           ;Hard.c: 65:                     location = 78;
   790   0006D4  0E00               	movlw	0
   791   0006D6  6E16               	movwf	(_location+1)^0,c
   792   0006D8  0E4E               	movlw	78
   793   0006DA  6E15               	movwf	_location^0,c
   794   0006DC                     
   795                           ;Hard.c: 66:                     direction = -1;
   796   0006DC  6813               	setf	_direction^0,c
   797   0006DE  6814               	setf	(_direction+1)^0,c
   798                           
   799                           ;Hard.c: 67:                 } else if (location <= 15) {
   800   0006E0  EF88  F003         	goto	i2l986
   801   0006E4                     i2l982:
   802   0006E4  BE16               	btfsc	(_location+1)^0,7,c
   803   0006E6  EF80  F003         	goto	i2u32_40
   804   0006EA  5016               	movf	(_location+1)^0,w,c
   805   0006EC  E107               	bnz	i2u32_41
   806   0006EE  0E10               	movlw	16
   807   0006F0  5C15               	subwf	_location^0,w,c
   808   0006F2  B0D8               	btfsc	status,0,c
   809   0006F4  EF7E  F003         	goto	i2u32_41
   810   0006F8  EF80  F003         	goto	i2u32_40
   811   0006FC                     i2u32_41:
   812   0006FC  EF88  F003         	goto	i2l986
   813   000700                     i2u32_40:
   814   000700                     
   815                           ;Hard.c: 68:                     location = 15;
   816   000700  0E00               	movlw	0
   817   000702  6E16               	movwf	(_location+1)^0,c
   818   000704  0E0F               	movlw	15
   819   000706  6E15               	movwf	_location^0,c
   820                           
   821                           ;Hard.c: 69:                     direction = 1;
   822   000708  0E00               	movlw	0
   823   00070A  6E14               	movwf	(_direction+1)^0,c
   824   00070C  0E01               	movlw	1
   825   00070E  6E13               	movwf	_direction^0,c
   826   000710                     i2l986:
   827                           
   828                           ;Hard.c: 71:                 setServoDuty(location);
   829   000710  5015               	movf	_location^0,w,c
   830   000712  ECF2  F003         	call	_setServoDuty
   831   000716                     i2l67:
   832   000716  C010  FFF4         	movff	??_isr+1,prodh
   833   00071A  C00F  FFF3         	movff	??_isr,prodl
   834   00071E  921B               	bcf	int$flags,1,c	;clear compiler interrupt flag (level 2)
   835   000720  0011               	retfie		f
   836   000722                     __end_of_isr:
   837                           	callstack 0
   838                           
   839 ;; *************** function i2_TMR1_reload_10ms *****************
   840 ;; Defined at:
   841 ;;		line 25 in file "Hard.c"
   842 ;; Parameters:    Size  Location     Type
   843 ;;		None
   844 ;; Auto vars:     Size  Location     Type
   845 ;;		None
   846 ;; Return value:  Size  Location     Type
   847 ;;                  1    wreg      void 
   848 ;; Registers used:
   849 ;;		wreg, status,2
   850 ;; Tracked objects:
   851 ;;		On entry : 0/0
   852 ;;		On exit  : 0/0
   853 ;;		Unchanged: 0/0
   854 ;; Data sizes:     COMRAM   BANK0   BANK1   BANK2   BANK3   BANK4   BANK5
   855 ;;      Params:         0       0       0       0       0       0       0
   856 ;;      Locals:         0       0       0       0       0       0       0
   857 ;;      Temps:          0       0       0       0       0       0       0
   858 ;;      Totals:         0       0       0       0       0       0       0
   859 ;;Total ram usage:        0 bytes
   860 ;; Hardware stack levels used: 1
   861 ;; This function calls:
   862 ;;		Nothing
   863 ;; This function is called by:
   864 ;;		_isr
   865 ;; This function uses a non-reentrant model
   866 ;;
   867                           
   868                           	psect	text4
   869   000914                     __ptext4:
   870                           	callstack 0
   871   000914                     i2_TMR1_reload_10ms:
   872                           	callstack 27
   873   000914                     
   874                           ;Hard.c: 26:     TMR1H = 0xFF;
   875   000914  68CF               	setf	207,c	;volatile
   876   000916                     
   877                           ;Hard.c: 27:     TMR1L = 0xE5;
   878   000916  0EE5               	movlw	229
   879   000918  6ECE               	movwf	206,c	;volatile
   880   00091A  0012               	return		;funcret
   881   00091C                     __end_ofi2_TMR1_reload_10ms:
   882                           	callstack 0
   883                           
   884 ;; *************** function _setServoDuty *****************
   885 ;; Defined at:
   886 ;;		line 30 in file "Hard.c"
   887 ;; Parameters:    Size  Location     Type
   888 ;;  duty            1    wreg     unsigned char 
   889 ;; Auto vars:     Size  Location     Type
   890 ;;  duty            1   12[COMRAM] unsigned char 
   891 ;;  led_duty        1   13[COMRAM] unsigned char 
   892 ;; Return value:  Size  Location     Type
   893 ;;                  1    wreg      void 
   894 ;; Registers used:
   895 ;;		wreg, status,2, status,0, prodl, prodh, cstack
   896 ;; Tracked objects:
   897 ;;		On entry : 0/0
   898 ;;		On exit  : 0/0
   899 ;;		Unchanged: 0/0
   900 ;; Data sizes:     COMRAM   BANK0   BANK1   BANK2   BANK3   BANK4   BANK5
   901 ;;      Params:         0       0       0       0       0       0       0
   902 ;;      Locals:         2       0       0       0       0       0       0
   903 ;;      Temps:          4       0       0       0       0       0       0
   904 ;;      Totals:         6       0       0       0       0       0       0
   905 ;;Total ram usage:        6 bytes
   906 ;; Hardware stack levels used: 1
   907 ;; Hardware stack levels required when called: 1
   908 ;; This function calls:
   909 ;;		___awdiv
   910 ;; This function is called by:
   911 ;;		_isr
   912 ;; This function uses a non-reentrant model
   913 ;;
   914                           
   915                           	psect	text5
   916   0007E4                     __ptext5:
   917                           	callstack 0
   918   0007E4                     _setServoDuty:
   919                           	callstack 26
   920                           
   921                           ;incstack = 0
   922                           ;setServoDuty@duty stored from wreg
   923   0007E4  6E0D               	movwf	setServoDuty@duty^0,c
   924   0007E6                     
   925                           ;Hard.c: 32:     CCPR1L = duty >> 2;
   926   0007E6  400D               	rrncf	setServoDuty@duty^0,w,c
   927   0007E8  42E8               	rrncf	wreg,f,c
   928   0007EA  0B3F               	andlw	63
   929   0007EC  6EBE               	movwf	190,c	;volatile
   930                           
   931                           ;Hard.c: 33:     CCP1CONbits.DC1B = duty & 0x03;
   932   0007EE  C00D  F009         	movff	setServoDuty@duty,??_setServoDuty
   933   0007F2  0E03               	movlw	3
   934   0007F4  1609               	andwf	??_setServoDuty^0,f,c
   935   0007F6  3A09               	swapf	??_setServoDuty^0,f,c
   936   0007F8  50BD               	movf	189,w,c	;volatile
   937   0007FA  1809               	xorwf	??_setServoDuty^0,w,c
   938   0007FC  0BCF               	andlw	-49
   939   0007FE  1809               	xorwf	??_setServoDuty^0,w,c
   940   000800  6EBD               	movwf	189,c	;volatile
   941   000802                     
   942                           ;Hard.c: 36:     unsigned char led_duty = (unsigned char)(((int)duty - 15) * 255 / (78 -
      +                           15));
   943   000802  0EF1               	movlw	241
   944   000804  240D               	addwf	setServoDuty@duty^0,w,c
   945   000806  6E09               	movwf	??_setServoDuty^0,c
   946   000808  6A0A               	clrf	(??_setServoDuty+1)^0,c
   947   00080A  0EFF               	movlw	255
   948   00080C  220A               	addwfc	(??_setServoDuty+1)^0,f,c
   949   00080E  0EFF               	movlw	255
   950   000810  0209               	mulwf	??_setServoDuty^0,c
   951   000812  CFF3 F00B          	movff	prodl,??_setServoDuty+2
   952   000816  CFF4 F00C          	movff	prodh,??_setServoDuty+3
   953   00081A  020A               	mulwf	(??_setServoDuty+1)^0,c
   954   00081C  50F3               	movf	prodl,w,c
   955   00081E  260C               	addwf	(??_setServoDuty+3)^0,f,c
   956   000820  C00B  F001         	movff	??_setServoDuty+2,___awdiv@dividend
   957   000824  C00C  F002         	movff	??_setServoDuty+3,___awdiv@dividend+1
   958   000828  0E00               	movlw	0
   959   00082A  6E04               	movwf	(___awdiv@divisor+1)^0,c
   960   00082C  0E3F               	movlw	63
   961   00082E  6E03               	movwf	___awdiv@divisor^0,c
   962   000830  EC91  F003         	call	___awdiv	;wreg free
   963   000834  5001               	movf	?___awdiv^0,w,c
   964   000836  6E0E               	movwf	setServoDuty@led_duty^0,c
   965   000838                     
   966                           ;Hard.c: 37:     CCPR2L = led_duty >> 2;
   967   000838  400E               	rrncf	setServoDuty@led_duty^0,w,c
   968   00083A  42E8               	rrncf	wreg,f,c
   969   00083C  0B3F               	andlw	63
   970   00083E  6EBB               	movwf	187,c	;volatile
   971   000840                     
   972                           ;Hard.c: 38:     CCP2CONbits.DC2B0 = (led_duty & 0x01);
   973   000840  C00E  F009         	movff	setServoDuty@led_duty,??_setServoDuty
   974   000844  0E01               	movlw	1
   975   000846  1609               	andwf	??_setServoDuty^0,f,c
   976   000848  3A09               	swapf	??_setServoDuty^0,f,c
   977   00084A  50BA               	movf	186,w,c	;volatile
   978   00084C  1809               	xorwf	??_setServoDuty^0,w,c
   979   00084E  0BEF               	andlw	-17
   980   000850  1809               	xorwf	??_setServoDuty^0,w,c
   981   000852  6EBA               	movwf	186,c	;volatile
   982   000854                     
   983                           ;Hard.c: 39:     CCP2CONbits.DC2B1 = ((led_duty >> 1) & 0x01);
   984   000854  C00E  F009         	movff	setServoDuty@led_duty,??_setServoDuty
   985   000858  90D8               	bcf	status,0,c
   986   00085A  3209               	rrcf	??_setServoDuty^0,f,c
   987   00085C  0E01               	movlw	1
   988   00085E  1609               	andwf	??_setServoDuty^0,f,c
   989   000860  3A09               	swapf	??_setServoDuty^0,f,c
   990   000862  4609               	rlncf	??_setServoDuty^0,f,c
   991   000864  50BA               	movf	186,w,c	;volatile
   992   000866  1809               	xorwf	??_setServoDuty^0,w,c
   993   000868  0BDF               	andlw	-33
   994   00086A  1809               	xorwf	??_setServoDuty^0,w,c
   995   00086C  6EBA               	movwf	186,c	;volatile
   996   00086E  0012               	return		;funcret
   997   000870                     __end_of_setServoDuty:
   998                           	callstack 0
   999                           
  1000 ;; *************** function ___awdiv *****************
  1001 ;; Defined at:
  1002 ;;		line 7 in file "C:\Program Files\Microchip\xc8\v3.00\pic\sources\c99\common\awdiv.c"
  1003 ;; Parameters:    Size  Location     Type
  1004 ;;  dividend        2    0[COMRAM] int 
  1005 ;;  divisor         2    2[COMRAM] int 
  1006 ;; Auto vars:     Size  Location     Type
  1007 ;;  quotient        2    6[COMRAM] int 
  1008 ;;  sign            1    5[COMRAM] unsigned char 
  1009 ;;  counter         1    4[COMRAM] unsigned char 
  1010 ;; Return value:  Size  Location     Type
  1011 ;;                  2    0[COMRAM] int 
  1012 ;; Registers used:
  1013 ;;		wreg, status,2, status,0
  1014 ;; Tracked objects:
  1015 ;;		On entry : 0/0
  1016 ;;		On exit  : 0/0
  1017 ;;		Unchanged: 0/0
  1018 ;; Data sizes:     COMRAM   BANK0   BANK1   BANK2   BANK3   BANK4   BANK5
  1019 ;;      Params:         4       0       0       0       0       0       0
  1020 ;;      Locals:         4       0       0       0       0       0       0
  1021 ;;      Temps:          0       0       0       0       0       0       0
  1022 ;;      Totals:         8       0       0       0       0       0       0
  1023 ;;Total ram usage:        8 bytes
  1024 ;; Hardware stack levels used: 1
  1025 ;; This function calls:
  1026 ;;		Nothing
  1027 ;; This function is called by:
  1028 ;;		_setServoDuty
  1029 ;; This function uses a non-reentrant model
  1030 ;;
  1031                           
  1032                           	psect	text6
  1033   000722                     __ptext6:
  1034                           	callstack 0
  1035   000722                     ___awdiv:
  1036                           	callstack 26
  1037   000722  6A06               	clrf	___awdiv@sign^0,c
  1038   000724  BE04               	btfsc	(___awdiv@divisor+1)^0,7,c
  1039   000726  EF99  F003         	goto	i2u17_40
  1040   00072A  EF97  F003         	goto	i2u17_41
  1041   00072E                     i2u17_41:
  1042   00072E  EF9F  F003         	goto	i2l906
  1043   000732                     i2u17_40:
  1044   000732  6C03               	negf	___awdiv@divisor^0,c
  1045   000734  1E04               	comf	(___awdiv@divisor+1)^0,f,c
  1046   000736  B0D8               	btfsc	status,0,c
  1047   000738  2A04               	incf	(___awdiv@divisor+1)^0,f,c
  1048   00073A  0E01               	movlw	1
  1049   00073C  6E06               	movwf	___awdiv@sign^0,c
  1050   00073E                     i2l906:
  1051   00073E  BE02               	btfsc	(___awdiv@dividend+1)^0,7,c
  1052   000740  EFA6  F003         	goto	i2u18_40
  1053   000744  EFA4  F003         	goto	i2u18_41
  1054   000748                     i2u18_41:
  1055   000748  EFAC  F003         	goto	i2l912
  1056   00074C                     i2u18_40:
  1057   00074C  6C01               	negf	___awdiv@dividend^0,c
  1058   00074E  1E02               	comf	(___awdiv@dividend+1)^0,f,c
  1059   000750  B0D8               	btfsc	status,0,c
  1060   000752  2A02               	incf	(___awdiv@dividend+1)^0,f,c
  1061   000754  0E01               	movlw	1
  1062   000756  1A06               	xorwf	___awdiv@sign^0,f,c
  1063   000758                     i2l912:
  1064   000758  0E00               	movlw	0
  1065   00075A  6E08               	movwf	(___awdiv@quotient+1)^0,c
  1066   00075C  0E00               	movlw	0
  1067   00075E  6E07               	movwf	___awdiv@quotient^0,c
  1068   000760  5003               	movf	___awdiv@divisor^0,w,c
  1069   000762  1004               	iorwf	(___awdiv@divisor+1)^0,w,c
  1070   000764  B4D8               	btfsc	status,2,c
  1071   000766  EFB7  F003         	goto	i2u19_41
  1072   00076A  EFB9  F003         	goto	i2u19_40
  1073   00076E                     i2u19_41:
  1074   00076E  EFE1  F003         	goto	i2l934
  1075   000772                     i2u19_40:
  1076   000772  0E01               	movlw	1
  1077   000774  6E05               	movwf	___awdiv@counter^0,c
  1078   000776  EFC1  F003         	goto	i2l920
  1079   00077A                     i2l918:
  1080   00077A  90D8               	bcf	status,0,c
  1081   00077C  3603               	rlcf	___awdiv@divisor^0,f,c
  1082   00077E  3604               	rlcf	(___awdiv@divisor+1)^0,f,c
  1083   000780  2A05               	incf	___awdiv@counter^0,f,c
  1084   000782                     i2l920:
  1085   000782  AE04               	btfss	(___awdiv@divisor+1)^0,7,c
  1086   000784  EFC6  F003         	goto	i2u20_41
  1087   000788  EFC8  F003         	goto	i2u20_40
  1088   00078C                     i2u20_41:
  1089   00078C  EFBD  F003         	goto	i2l918
  1090   000790                     i2u20_40:
  1091   000790                     i2l922:
  1092   000790  90D8               	bcf	status,0,c
  1093   000792  3607               	rlcf	___awdiv@quotient^0,f,c
  1094   000794  3608               	rlcf	(___awdiv@quotient+1)^0,f,c
  1095   000796  5003               	movf	___awdiv@divisor^0,w,c
  1096   000798  5C01               	subwf	___awdiv@dividend^0,w,c
  1097   00079A  5004               	movf	(___awdiv@divisor+1)^0,w,c
  1098   00079C  5802               	subwfb	(___awdiv@dividend+1)^0,w,c
  1099   00079E  A0D8               	btfss	status,0,c
  1100   0007A0  EFD4  F003         	goto	i2u21_41
  1101   0007A4  EFD6  F003         	goto	i2u21_40
  1102   0007A8                     i2u21_41:
  1103   0007A8  EFDB  F003         	goto	i2l930
  1104   0007AC                     i2u21_40:
  1105   0007AC  5003               	movf	___awdiv@divisor^0,w,c
  1106   0007AE  5E01               	subwf	___awdiv@dividend^0,f,c
  1107   0007B0  5004               	movf	(___awdiv@divisor+1)^0,w,c
  1108   0007B2  5A02               	subwfb	(___awdiv@dividend+1)^0,f,c
  1109   0007B4  8007               	bsf	___awdiv@quotient^0,0,c
  1110   0007B6                     i2l930:
  1111   0007B6  90D8               	bcf	status,0,c
  1112   0007B8  3204               	rrcf	(___awdiv@divisor+1)^0,f,c
  1113   0007BA  3203               	rrcf	___awdiv@divisor^0,f,c
  1114   0007BC  2E05               	decfsz	___awdiv@counter^0,f,c
  1115   0007BE  EFC8  F003         	goto	i2l922
  1116   0007C2                     i2l934:
  1117   0007C2  5006               	movf	___awdiv@sign^0,w,c
  1118   0007C4  B4D8               	btfsc	status,2,c
  1119   0007C6  EFE7  F003         	goto	i2u22_41
  1120   0007CA  EFE9  F003         	goto	i2u22_40
  1121   0007CE                     i2u22_41:
  1122   0007CE  EFED  F003         	goto	i2l938
  1123   0007D2                     i2u22_40:
  1124   0007D2  6C07               	negf	___awdiv@quotient^0,c
  1125   0007D4  1E08               	comf	(___awdiv@quotient+1)^0,f,c
  1126   0007D6  B0D8               	btfsc	status,0,c
  1127   0007D8  2A08               	incf	(___awdiv@quotient+1)^0,f,c
  1128   0007DA                     i2l938:
  1129   0007DA  C007  F001         	movff	___awdiv@quotient,?___awdiv
  1130   0007DE  C008  F002         	movff	___awdiv@quotient+1,?___awdiv+1
  1131   0007E2  0012               	return		;funcret
  1132   0007E4                     __end_of___awdiv:
  1133                           	callstack 0
  1134                           
  1135                           	psect	smallconst
  1136   000600                     __psmallconst:
  1137                           	callstack 0
  1138   000600  00                 	db	0
  1139   000601  00                 	db	0	; dummy byte at the end
  1140   000600                     __smallconst    set	__psmallconst
  1141   000600                     __mediumconst   set	__psmallconst
  1142   000000                     __activetblptr  equ	0
  1143                           
  1144                           	psect	rparam
  1145   000001                     ___rparam_used  equ	1
  1146   000000                     ___param_bank   equ	0
  1147   000000                     __Lparam        equ	__Lrparam
  1148   000000                     __Hparam        equ	__Hrparam
  1149                           
  1150                           	psect	temp
  1151   00001B                     btemp:
  1152                           	callstack 0
  1153   00001B                     	ds	1
  1154   00001B                     int$flags       set	btemp
  1155   00001C                     wtemp8          set	btemp+1
  1156   00001C                     ttemp5          set	btemp+1
  1157   00001F                     ttemp6          set	btemp+4
  1158   000023                     ttemp7          set	btemp+8
  1159                           
  1160                           	psect	idloc
  1161                           
  1162                           ;Config register IDLOC0 @ 0x200000
  1163                           ;	unspecified, using default values
  1164   200000                     	org	2097152
  1165   200000  FF                 	db	255
  1166                           
  1167                           ;Config register IDLOC1 @ 0x200001
  1168                           ;	unspecified, using default values
  1169   200001                     	org	2097153
  1170   200001  FF                 	db	255
  1171                           
  1172                           ;Config register IDLOC2 @ 0x200002
  1173                           ;	unspecified, using default values
  1174   200002                     	org	2097154
  1175   200002  FF                 	db	255
  1176                           
  1177                           ;Config register IDLOC3 @ 0x200003
  1178                           ;	unspecified, using default values
  1179   200003                     	org	2097155
  1180   200003  FF                 	db	255
  1181                           
  1182                           ;Config register IDLOC4 @ 0x200004
  1183                           ;	unspecified, using default values
  1184   200004                     	org	2097156
  1185   200004  FF                 	db	255
  1186                           
  1187                           ;Config register IDLOC5 @ 0x200005
  1188                           ;	unspecified, using default values
  1189   200005                     	org	2097157
  1190   200005  FF                 	db	255
  1191                           
  1192                           ;Config register IDLOC6 @ 0x200006
  1193                           ;	unspecified, using default values
  1194   200006                     	org	2097158
  1195   200006  FF                 	db	255
  1196                           
  1197                           ;Config register IDLOC7 @ 0x200007
  1198                           ;	unspecified, using default values
  1199   200007                     	org	2097159
  1200   200007  FF                 	db	255
  1201                           
  1202                           	psect	config
  1203                           
  1204                           ; Padding undefined space
  1205   300000                     	org	3145728
  1206   300000  FF                 	db	255
  1207                           
  1208                           ;Config register CONFIG1H @ 0x300001
  1209                           ;	Oscillator Selection bits
  1210                           ;	OSC = INTIO67, Internal oscillator block, port function on RA6 and RA7
  1211                           ;	Fail-Safe Clock Monitor Enable bit
  1212                           ;	FCMEN = 0x0, unprogrammed default
  1213                           ;	Internal/External Oscillator Switchover bit
  1214                           ;	IESO = 0x0, unprogrammed default
  1215   300001                     	org	3145729
  1216   300001  08                 	db	8
  1217                           
  1218                           ;Config register CONFIG2L @ 0x300002
  1219                           ;	Power-up Timer Enable bit
  1220                           ;	PWRT = OFF, PWRT disabled
  1221                           ;	Brown-out Reset Enable bits
  1222                           ;	BOREN = ON, Brown-out Reset enabled and controlled by software (SBOREN is enabled)
  1223                           ;	Brown Out Reset Voltage bits
  1224                           ;	BORV = 0x3, unprogrammed default
  1225   300002                     	org	3145730
  1226   300002  1B                 	db	27
  1227                           
  1228                           ;Config register CONFIG2H @ 0x300003
  1229                           ;	Watchdog Timer Enable bit
  1230                           ;	WDT = OFF, WDT disabled (control is placed on the SWDTEN bit)
  1231                           ;	Watchdog Timer Postscale Select bits
  1232                           ;	WDTPS = 0xF, unprogrammed default
  1233   300003                     	org	3145731
  1234   300003  1E                 	db	30
  1235                           
  1236                           ; Padding undefined space
  1237   300004                     	org	3145732
  1238   300004  FF                 	db	255
  1239                           
  1240                           ;Config register CONFIG3H @ 0x300005
  1241                           ;	CCP2 MUX bit
  1242                           ;	CCP2MX = 0x1, unprogrammed default
  1243                           ;	PORTB A/D Enable bit
  1244                           ;	PBADEN = OFF, PORTB<4:0> pins are configured as digital I/O on Reset
  1245                           ;	Low-Power Timer1 Oscillator Enable bit
  1246                           ;	LPT1OSC = 0x0, unprogrammed default
  1247                           ;	MCLR Pin Enable bit
  1248                           ;	MCLRE = 0x1, unprogrammed default
  1249   300005                     	org	3145733
  1250   300005  81                 	db	129
  1251                           
  1252                           ;Config register CONFIG4L @ 0x300006
  1253                           ;	Stack Full/Underflow Reset Enable bit
  1254                           ;	STVREN = 0x1, unprogrammed default
  1255                           ;	Single-Supply ICSP Enable bit
  1256                           ;	LVP = OFF, Single-Supply ICSP disabled
  1257                           ;	Extended Instruction Set Enable bit
  1258                           ;	XINST = 0x0, unprogrammed default
  1259                           ;	Background Debugger Enable bit
  1260                           ;	DEBUG = 0x1, unprogrammed default
  1261   300006                     	org	3145734
  1262   300006  81                 	db	129
  1263                           
  1264                           ; Padding undefined space
  1265   300007                     	org	3145735
  1266   300007  FF                 	db	255
  1267                           
  1268                           ;Config register CONFIG5L @ 0x300008
  1269                           ;	unspecified, using default values
  1270                           ;	Code Protection bit
  1271                           ;	CP0 = 0x1, unprogrammed default
  1272                           ;	Code Protection bit
  1273                           ;	CP1 = 0x1, unprogrammed default
  1274                           ;	Code Protection bit
  1275                           ;	CP2 = 0x1, unprogrammed default
  1276                           ;	Code Protection bit
  1277                           ;	CP3 = 0x1, unprogrammed default
  1278   300008                     	org	3145736
  1279   300008  0F                 	db	15
  1280                           
  1281                           ;Config register CONFIG5H @ 0x300009
  1282                           ;	Boot Block Code Protection bit
  1283                           ;	CPB = 0x1, unprogrammed default
  1284                           ;	Data EEPROM Code Protection bit
  1285                           ;	CPD = OFF, Data EEPROM not code-protected
  1286   300009                     	org	3145737
  1287   300009  C0                 	db	192
  1288                           
  1289                           ;Config register CONFIG6L @ 0x30000A
  1290                           ;	unspecified, using default values
  1291                           ;	Write Protection bit
  1292                           ;	WRT0 = 0x1, unprogrammed default
  1293                           ;	Write Protection bit
  1294                           ;	WRT1 = 0x1, unprogrammed default
  1295                           ;	Write Protection bit
  1296                           ;	WRT2 = 0x1, unprogrammed default
  1297                           ;	Write Protection bit
  1298                           ;	WRT3 = 0x1, unprogrammed default
  1299   30000A                     	org	3145738
  1300   30000A  0F                 	db	15
  1301                           
  1302                           ;Config register CONFIG6H @ 0x30000B
  1303                           ;	unspecified, using default values
  1304                           ;	Configuration Register Write Protection bit
  1305                           ;	WRTC = 0x1, unprogrammed default
  1306                           ;	Boot Block Write Protection bit
  1307                           ;	WRTB = 0x1, unprogrammed default
  1308                           ;	Data EEPROM Write Protection bit
  1309                           ;	WRTD = 0x1, unprogrammed default
  1310   30000B                     	org	3145739
  1311   30000B  E0                 	db	224
  1312                           
  1313                           ;Config register CONFIG7L @ 0x30000C
  1314                           ;	unspecified, using default values
  1315                           ;	Table Read Protection bit
  1316                           ;	EBTR0 = 0x1, unprogrammed default
  1317                           ;	Table Read Protection bit
  1318                           ;	EBTR1 = 0x1, unprogrammed default
  1319                           ;	Table Read Protection bit
  1320                           ;	EBTR2 = 0x1, unprogrammed default
  1321                           ;	Table Read Protection bit
  1322                           ;	EBTR3 = 0x1, unprogrammed default
  1323   30000C                     	org	3145740
  1324   30000C  0F                 	db	15
  1325                           
  1326                           ;Config register CONFIG7H @ 0x30000D
  1327                           ;	unspecified, using default values
  1328                           ;	Boot Block Table Read Protection bit
  1329                           ;	EBTRB = 0x1, unprogrammed default
  1330   30000D                     	org	3145741
  1331   30000D  40                 	db	64
  1332                           tosu	equ	0xFFF
  1333                           tosh	equ	0xFFE
  1334                           tosl	equ	0xFFD
  1335                           stkptr	equ	0xFFC
  1336                           pclatu	equ	0xFFB
  1337                           pclath	equ	0xFFA
  1338                           pcl	equ	0xFF9
  1339                           tblptru	equ	0xFF8
  1340                           tblptrh	equ	0xFF7
  1341                           tblptrl	equ	0xFF6
  1342                           tablat	equ	0xFF5
  1343                           prodh	equ	0xFF4
  1344                           prodl	equ	0xFF3
  1345                           indf0	equ	0xFEF
  1346                           postinc0	equ	0xFEE
  1347                           postdec0	equ	0xFED
  1348                           preinc0	equ	0xFEC
  1349                           plusw0	equ	0xFEB
  1350                           fsr0h	equ	0xFEA
  1351                           fsr0l	equ	0xFE9
  1352                           wreg	equ	0xFE8
  1353                           indf1	equ	0xFE7
  1354                           postinc1	equ	0xFE6
  1355                           postdec1	equ	0xFE5
  1356                           preinc1	equ	0xFE4
  1357                           plusw1	equ	0xFE3
  1358                           fsr1h	equ	0xFE2
  1359                           fsr1l	equ	0xFE1
  1360                           bsr	equ	0xFE0
  1361                           indf2	equ	0xFDF
  1362                           postinc2	equ	0xFDE
  1363                           postdec2	equ	0xFDD
  1364                           preinc2	equ	0xFDC
  1365                           plusw2	equ	0xFDB
  1366                           fsr2h	equ	0xFDA
  1367                           fsr2l	equ	0xFD9
  1368                           status	equ	0xFD8

Data Sizes:
    Strings     0
    Constant    0
    Data        6
    BSS         2
    Persistent  0
    Stack       0

Auto Spaces:
    Space          Size  Autos    Used
    COMRAM          126     18      26
    BANK0           128      0       0
    BANK1           256      0       0
    BANK2           256      0       0
    BANK3           256      0       0
    BANK4           256      0       0
    BANK5           244      0       0

Pointer List with Targets:

    None.

Critical Paths under _main in COMRAM

    None.

Critical Paths under _isr in COMRAM

    _isr->_setServoDuty
    _setServoDuty->___awdiv

Critical Paths under _main in BANK0

    None.

Critical Paths under _isr in BANK0

    None.

Critical Paths under _main in BANK1

    None.

Critical Paths under _isr in BANK1

    None.

Critical Paths under _main in BANK2

    None.

Critical Paths under _isr in BANK2

    None.

Critical Paths under _main in BANK3

    None.

Critical Paths under _isr in BANK3

    None.

Critical Paths under _main in BANK4

    None.

Critical Paths under _isr in BANK4

    None.

Critical Paths under _main in BANK5

    None.

Critical Paths under _isr in BANK5

    None.

Call Graph Tables:

 ---------------------------------------------------------------------------------
 (Depth) Function   	        Calls       Base Space   Used Autos Params    Refs
 ---------------------------------------------------------------------------------
 (0) _main                                                 1     1      0       0
                                             17 COMRAM     1     1      0
                        _init_timer1
 ---------------------------------------------------------------------------------
 (1) _init_timer1                                          0     0      0       0
                   _TMR1_reload_10ms
 ---------------------------------------------------------------------------------
 (2) _TMR1_reload_10ms                                     0     0      0       0
 ---------------------------------------------------------------------------------
 Estimated maximum stack depth 2
 ---------------------------------------------------------------------------------
 (Depth) Function   	        Calls       Base Space   Used Autos Params    Refs
 ---------------------------------------------------------------------------------
 (3) _isr                                                  3     3      0     501
                                             14 COMRAM     3     3      0
                       _setServoDuty
                 i2_TMR1_reload_10ms
 ---------------------------------------------------------------------------------
 (4) i2_TMR1_reload_10ms                                   0     0      0       0
 ---------------------------------------------------------------------------------
 (4) _setServoDuty                                         6     6      0     456
                                              8 COMRAM     6     6      0
                            ___awdiv
 ---------------------------------------------------------------------------------
 (5) ___awdiv                                              8     4      4     302
                                              0 COMRAM     8     4      4
 ---------------------------------------------------------------------------------
 Estimated maximum stack depth 5
 ---------------------------------------------------------------------------------

 Call Graph Graphs:

 _main (ROOT)
   _init_timer1
     _TMR1_reload_10ms

 _isr (ROOT)
   _setServoDuty
     ___awdiv
   i2_TMR1_reload_10ms

Address spaces:
Name               Size   Autos  Total    Usage
BIGRAM            1523      0       0      0.0%
BITBANK4           256      0       0      0.0%
BANK4              256      0       0      0.0%
BITBANK3           256      0       0      0.0%
BANK3              256      0       0      0.0%
BITBANK2           256      0       0      0.0%
BANK2              256      0       0      0.0%
BITBANK1           256      0       0      0.0%
BANK1              256      0       0      0.0%
BITBANK5           244      0       0      0.0%
BANK5              244      0       0      0.0%
BITBANK0           128      0       0      0.0%
BANK0              128      0       0      0.0%
BITCOMRAM          126      0       0      0.0%
COMRAM             126     18      26     20.6%
BITBIGSFR_1lh       30      0       0      0.0%
BITBIGSFRh          26      0       0      0.0%
BITBIGSFR_1h        22      0       0      0.0%
BITBIGSFR_5h        10      0       0      0.0%
BITBIGSFR_2          6      0       0      0.0%
BITBIGSFR_4          3      0       0      0.0%
BITBIGSFR_3          3      0       0      0.0%
BITBIGSFR_5l         2      0       0      0.0%
BITBIGSFRl           1      0       0      0.0%
STACK                0      0       0      0.0%
DATA                 0      0      26      0.0%


Microchip Technology PIC18 Macro Assembler V3.00 build 20241204225717 
Symbol Table                                                                                   Sun Nov 09 21:22:30 2025

                        l70 090A                          l49 0912                          l75 08C4  
                        l76 08C4                ___awdiv@sign 0006                         l820 0906  
                       l812 08FA                         l822 0908                         l814 08FC  
                       l816 0900                         l754 090C                         l818 0904  
                       l756 090E                         l870 087C                         l880 089E  
                       l872 0884                         l864 0870                         l890 08AE  
                       l882 08A0                         l874 088C                         l866 0876  
                       l892 08B0                         l884 08A2                         l876 0894  
                       l868 087A                         l894 08B2                         l886 08A6  
                       l878 089C                         l896 08B4                         l888 08AA  
                       _PR2 0FCB                         u337 08BA                         _isr 0008  
                       wreg 0FE8                        ?_isr 0001                        _LATC 0F8B  
                      i2l52 086E                        i2l49 091A                        i2l67 0716  
                      _main 0870                        _tick 0019                        fsr1l 0FE1  
                      btemp 001B                        prodh 0FF4                        prodl 0FF3  
                      start 000E                ___param_bank 0000                       ??_isr 000F  
                     ?_main 0001             __end_of___awdiv 07E4             ___awdiv@divisor 0003  
                     i2l312 07E2                       i2l900 0724                       i2l910 0754  
                     i2l902 0732                       i2l920 0782                       i2l912 0758  
                     i2l904 073A                       i2l824 0914                       i2l930 07B6  
                     i2l922 0790                       i2l914 0760                       i2l906 073E  
                     i2l826 0916                       i2l932 07BC                       i2l924 0796  
                     i2l916 0772                       i2l908 074C                       i2l926 07AC  
                     i2l918 077A                       i2l934 07C2                       i2l950 0854  
                     i2l942 07E6                       i2l936 07D2                       i2l928 07B4  
                     i2l944 0802                       i2l960 0628                       i2l952 060C  
                     i2l938 07DA                       i2l946 0838                       i2l962 0638  
                     i2l970 0674                       i2l954 061A                       i2l948 0840  
                     i2l980 06DC                       i2l972 0678                       i2l964 0648  
                     i2l956 061C             ___awdiv@counter 0005                       i2l982 06E4  
                     i2l974 0698                       i2l966 0650                       i2l958 0620  
                     i2l984 0700                       i2l976 06B0                       i2l968 065E  
                     i2l898 0722                       i2l986 0710                       i2l978 06D4  
         ?_TMR1_reload_10ms 0001                       _TMR1H 0FCF                       _TMR1L 0FCE  
                     _TRISC 0F94                ?_init_timer1 0001          ??_TMR1_reload_10ms 0012  
                     tablat 0FF5                       ttemp5 001C                       ttemp6 001F  
                     ttemp7 0023                       status 0FD8                       wtemp8 001C  
           __initialization 08CC                __end_of_main 08CC                      ??_main 0012  
             __activetblptr 0000                      _CCPR1L 0FBE                      _CCPR2L 0FBB  
          ___awdiv@dividend 0001                   ??___awdiv 0005            ___awdiv@quotient 0007  
                    isa$std 0001                __pdataCOMRAM 0013                __mediumconst 0600  
                    tblptrh 0FF7                      tblptrl 0FF6                      tblptru 0FF8  
                __accesstop 0080     __end_of__initialization 08F0               ___rparam_used 0001  
            __pcstackCOMRAM 0001               ?_setServoDuty 0001            setServoDuty@duty 000D  
                   i2u20_40 0790                     i2u20_41 078C                     i2u21_40 07AC  
                   i2u21_41 07A8                     i2u22_40 07D2                     i2u30_40 06B0  
                   i2u22_41 07CE                     i2u30_41 06AC                     i2u31_40 06D4  
                   i2u23_40 061A                     i2u31_41 06D0                     i2u23_41 0616  
                   i2u32_40 0700                     i2u24_40 0638                     i2u32_41 06FC  
                   i2u24_41 0634                     i2u17_40 0732                     i2u25_40 0648  
                   i2u17_41 072E                     i2u25_41 0644                     i2u18_40 074C  
                   i2u26_40 065E                     i2u18_41 0748                     i2u26_41 065A  
                   i2u34_47 064A                     i2u19_40 0772                     i2u27_40 0670  
                   i2u19_41 076E                     i2u27_41 066A                     i2u28_40 0672  
                   i2u29_40 0698                     i2u29_41 0694                     __Hparam 0000  
                   __Lparam 0000                     ___awdiv 0722                __psmallconst 0600  
            ??_setServoDuty 0009                     __pcinit 08CC                     __ramtop 0600  
                   __ptext0 0870                     __ptext1 08FA                     __ptext2 090C  
                   __ptext4 0914                     __ptext5 07E4                     __ptext6 0722  
                 _T1CONbits 0FCD                   _T2CONbits 0FCA                     _running 0018  
            __pintcode_body 0602        end_of_initialization 08F0                     int_func 0602  
                   postdec1 0FE5                     postinc0 0FEE                   _PORTBbits 0F81  
                 _TRISCbits 0F94                 _CCP1CONbits 0FBD                 _CCP2CONbits 0FBA  
             __pidataCOMRAM 091C         start_initialization 08CC                 __end_of_isr 0722  
      __end_of_setServoDuty 0870            _TMR1_reload_10ms 090C                  isr@current 0011  
             ??_init_timer1 0012                 __pbssCOMRAM 0019  __end_ofi2_TMR1_reload_10ms 091C  
                 __pintcode 0008                    ?___awdiv 0001                   _direction 0013  
               __smallconst 0600        setServoDuty@led_duty 000E         __end_of_init_timer1 090C  
                  _PIE1bits 0F9D                    _PIR1bits 0F9E                    _RCONbits 0FD0  
             isr@last_state 0017                   copy_data0 08E0                    __Hrparam 0000  
                  __Lrparam 0000                _setServoDuty 07E4    __end_of_TMR1_reload_10ms 0914  
               _init_timer1 08FA                    _location 0015                    isa$xinst 0000  
                  int$flags 001B                  _INTCONbits 0FF2                    intlevel2 0000  
                _OSCCONbits 0FD3          i2_TMR1_reload_10ms 0914         ?i2_TMR1_reload_10ms 0001  
      ??i2_TMR1_reload_10ms 0001  
