MPLINK 5.09, LINKER
Linker Map File - Created Sun Sep 28 15:51:05 2025

                                 Section Info
                  Section       Type    Address   Location Size(Bytes)
                ---------  ---------  ---------  ---------  ---------
                   .org_0       code   0x000000    program   0x000066
                   .cinit    romdata   0x000066    program   0x000002
.config_300001_BUILD/DEFAULT/DEBUG/HARD.O    romdata   0x300001    program   0x000001
.config_300003_BUILD/DEFAULT/DEBUG/HARD.O    romdata   0x300003    program   0x000001



                              Program Memory Usage 
                               Start         End      
                           ---------   ---------      
                            0x000000    0x000067      
                            0x300001    0x300001      
                            0x300003    0x300003      
            106 out of 33048 program addresses used, program memory utilization is 0%



                              Symbols - Sorted by Name
                     Name    Address   Location    Storage File                     
                ---------  ---------  ---------  --------- ---------                
                    CLEAR   0x000056    program     static C:\Users\yanpi\MPLABXProjects\Lab03.X\Hard.asm
                   FINISH   0x000062    program     static C:\Users\yanpi\MPLABXProjects\Lab03.X\Hard.asm
            FINISH_ROTATE   0x000032    program     static C:\Users\yanpi\MPLABXProjects\Lab03.X\Hard.asm
                     LOOP   0x000012    program     static C:\Users\yanpi\MPLABXProjects\Lab03.X\Hard.asm
                 NOT_ZERO   0x00001c    program     static C:\Users\yanpi\MPLABXProjects\Lab03.X\Hard.asm
                   ROTATE   0x000024    program     static C:\Users\yanpi\MPLABXProjects\Lab03.X\Hard.asm
                     ZERO   0x000046    program     static C:\Users\yanpi\MPLABXProjects\Lab03.X\Hard.asm



                              Symbols - Sorted by Address
                     Name    Address   Location    Storage File                     
                ---------  ---------  ---------  --------- ---------                
                     LOOP   0x000012    program     static C:\Users\yanpi\MPLABXProjects\Lab03.X\Hard.asm
                 NOT_ZERO   0x00001c    program     static C:\Users\yanpi\MPLABXProjects\Lab03.X\Hard.asm
                   ROTATE   0x000024    program     static C:\Users\yanpi\MPLABXProjects\Lab03.X\Hard.asm
            FINISH_ROTATE   0x000032    program     static C:\Users\yanpi\MPLABXProjects\Lab03.X\Hard.asm
                     ZERO   0x000046    program     static C:\Users\yanpi\MPLABXProjects\Lab03.X\Hard.asm
                    CLEAR   0x000056    program     static C:\Users\yanpi\MPLABXProjects\Lab03.X\Hard.asm
                   FINISH   0x000062    program     static C:\Users\yanpi\MPLABXProjects\Lab03.X\Hard.asm


