Warning[205] C:\USERS\YANPI\MPLABXPROJECTS\LAB02.X\HARD.ASM 1 : Found directive in column 1. (List)
Warning[207] C:\USERS\YANPI\MPLABXPROJECTS\LAB02.X\HARD.ASM 39 : Found label after column 1. (COUNTING)
Warning[207] C:\USERS\YANPI\MPLABXPROJECTS\LAB02.X\HARD.ASM 48 : Found label after column 1. (FINSIH_COUNTING)
Warning[207] C:\USERS\YANPI\MPLABXPROJECTS\LAB02.X\HARD.ASM 62 : Found label after column 1. (CHECK_VALID)
Warning[207] C:\USERS\YANPI\MPLABXPROJECTS\LAB02.X\HARD.ASM 73 : Found label after column 1. (CHECK_SWAP)
Warning[207] C:\USERS\YANPI\MPLABXPROJECTS\LAB02.X\HARD.ASM 81 : Found label after column 1. (NOT_DIAGONAL)
Warning[207] C:\USERS\YANPI\MPLABXPROJECTS\LAB02.X\HARD.ASM 92 : Found label after column 1. (DIAGONAL)
Warning[207] C:\USERS\YANPI\MPLABXPROJECTS\LAB02.X\HARD.ASM 97 : Found label after column 1. (NOT_PAL)
Warning[207] C:\USERS\YANPI\MPLABXPROJECTS\LAB02.X\HARD.ASM 102 : Found label after column 1. (STORE_FF)
Warning[207] C:\USERS\YANPI\MPLABXPROJECTS\LAB02.X\HARD.ASM 109 : Found label after column 1. (CHECK_0x400)
Warning[207] C:\USERS\YANPI\MPLABXPROJECTS\LAB02.X\HARD.ASM 116 : Found label after column 1. (EVEN_NOT_ZERO)
Warning[207] C:\USERS\YANPI\MPLABXPROJECTS\LAB02.X\HARD.ASM 124 : Found label after column 1. (FILL_ZERO)
Warning[207] C:\USERS\YANPI\MPLABXPROJECTS\LAB02.X\HARD.ASM 132 : Found label after column 1. (INIT)
Warning[207] C:\USERS\YANPI\MPLABXPROJECTS\LAB02.X\HARD.ASM 136 : Found label after column 1. (PAL)
Warning[207] C:\USERS\YANPI\MPLABXPROJECTS\LAB02.X\HARD.ASM 147 : Found label after column 1. (FIND_FIRST_NONZERO)
Warning[207] C:\USERS\YANPI\MPLABXPROJECTS\LAB02.X\HARD.ASM 154 : Found label after column 1. (FIND_SMALLEST_INIT)
Warning[207] C:\USERS\YANPI\MPLABXPROJECTS\LAB02.X\HARD.ASM 156 : Found label after column 1. (FIND_SMALLEST)
Warning[207] C:\USERS\YANPI\MPLABXPROJECTS\LAB02.X\HARD.ASM 167 : Found label after column 1. (NOT_ZERO)
Warning[207] C:\USERS\YANPI\MPLABXPROJECTS\LAB02.X\HARD.ASM 174 : Found label after column 1. (FINISH_FIND_SMALLEST)
Warning[207] C:\USERS\YANPI\MPLABXPROJECTS\LAB02.X\HARD.ASM 185 : Found label after column 1. (FIND_SMALLEST_ADDR)
Warning[207] C:\USERS\YANPI\MPLABXPROJECTS\LAB02.X\HARD.ASM 191 : Found label after column 1. (FINDED_SMALLEST_ADDR)
Warning[207] C:\USERS\YANPI\MPLABXPROJECTS\LAB02.X\HARD.ASM 200 : Found label after column 1. (RE_FIND_SMALLEST_ADDR)
Warning[207] C:\USERS\YANPI\MPLABXPROJECTS\LAB02.X\HARD.ASM 206 : Found label after column 1. (RE_FINDED_SMALLEST_ADDR)
Warning[207] C:\USERS\YANPI\MPLABXPROJECTS\LAB02.X\HARD.ASM 214 : Found label after column 1. (FINISH)
