MPASM 5.84                          HARD.ASM   9-24-2025  18:45:45         PAGE  1


LOC  OBJECT CODE     LINE SOURCE TEXT
  VALUE

Warning[205]: Found directive in column 1. (List)
                      00001 List p=18f4520
                      00002     #INCLUDE <p18f4520.inc>
                      00001         LIST
                      00002 
                      00003 ;==========================================================================
                      00004 ; Build date : Mar 17 2019
                      00005 ;  MPASM PIC18F4520 processor include
                      00006 ; 
                      00007 ;  (c) Copyright 1999-2019 Microchip Technology, All rights reserved
                      00008 ;==========================================================================
                      00009 
                      01489         LIST
                      00003     CONFIG OSC = INTIO67
                      00004     CONFIG WDT = OFF
                      00005     org 0x00
                      00006     
000000 0EA9           00007     MOVLW 0xA9
000002 6FF0           00008     MOVWF 0x0F0
                      00009     
000004 0ECD           00010     MOVLW 0xCD
000006 6FF1           00011     MOVWF 0x0F1
                      00012     
000008 0EED           00013     MOVLW 0xED
00000A 6FF2           00014     MOVWF 0x0F2
                      00015 
00000C 0EF0           00016     MOVLW 0xF0
00000E 6FF3           00017     MOVWF 0x0F3
                      00018     
000010 0EF1           00019     MOVLW 0xF1
000012 6FF4           00020     MOVWF 0x0F4
                      00021     
000014 0EED           00022     MOVLW 0xED
000016 6FF5           00023     MOVWF 0x0F5
                      00024     
000018 0ECB           00025     MOVLW 0xCB
00001A 6FF6           00026     MOVWF 0x0F6
                      00027     
00001C 0EA9           00028     MOVLW 0xA9
00001E 6FF7           00029     MOVWF 0x0F7
                      00030     
000020 EE00 F0F0      00031     LFSR 0 , 0x0F0
000024 0E09           00032     MOVLW 0x009
000026 6E01           00033     MOVWF 0x001 ; counter
                      00034     
000028 0E04           00035     MOVLW 0x004
00002A 6E0F           00036     MOVWF 0x00F
                      00037     
                      00038     ; use the input as index of the table
Warning[207]: Found label after column 1. (COUNTING)
00002C                00039     COUNTING:
00002C 4E01           00040     DCFSNZ 0x001;
00002E EF?? F???      00041     GOTO FINSIH_COUNTING
MPASM 5.84                          HARD.ASM   9-24-2025  18:45:45         PAGE  2


LOC  OBJECT CODE     LINE SOURCE TEXT
  VALUE

000032 EE14 F000      00042     LFSR 1 , 0x0400
000036 50EE           00043     MOVF POSTINC0 ,W          
000038 26E1           00044     ADDWF FSR1L
00003A 2AE7           00045     INCF INDF1
00003C EF?? F???      00046     GOTO COUNTING
                      00047     
Warning[207]: Found label after column 1. (FINSIH_COUNTING)
000040                00048     FINSIH_COUNTING: 
                      00049     ; check the table 
000040 0EFF           00050     MOVLW 0x0FF
000042 6E01           00051     MOVWF 0x001
000044 EE14 F000      00052     LFSR 1 , 0x0400
                      00053     
                      00054     ; check idx = FF
000048 26E1           00055     ADDWF FSR1L
00004A B0E7           00056     BTFSC INDF1 , 0 ; skip if lsb == 0
00004C EF?? F???      00057     GOTO CHECK_VALID
000050 0E01           00058     MOVLW 0x001
000052 60E7           00059     CPFSLT INDF1 ; INDF1 < 1 skip
000054 EF?? F???      00060     GOTO DIAGONAL
                      00061     
Warning[207]: Found label after column 1. (CHECK_VALID)
000058                00062     CHECK_VALID:
000058 EE14 F000      00063     LFSR 1 , 0x0400
00005C 4E01           00064     DCFSNZ 0x001
00005E EF?? F???      00065     GOTO CHECK_0x400
000062 5001           00066     MOVF 0x001 , W
000064 26E1           00067     ADDWF FSR1L
000066 0E01           00068     MOVLW 0x001
000068 60E7           00069     CPFSLT INDF1 ; if lsb < 1 skip
00006A EF?? F???      00070     GOTO CHECK_SWAP
00006E EF?? F???      00071     GOTO CHECK_VALID
                      00072     
Warning[207]: Found label after column 1. (CHECK_SWAP)
000072                00073     CHECK_SWAP:
000072 5001           00074     MOVF 0x001 , W
000074 6E30           00075     MOVWF 0x030 
000076 3A30           00076     SWAPF 0x030
000078 6230           00077     CPFSEQ 0x030 ; if input = reverse_input
00007A EF?? F???      00078     GOTO NOT_DIAGONAL
00007E EF?? F???      00079     GOTO DIAGONAL
                      00080     
Warning[207]: Found label after column 1. (NOT_DIAGONAL)
000082                00081     NOT_DIAGONAL:
000082 50E7           00082     MOVF INDF1, W
000084 6E40           00083     MOVWF 0x040 
000086 EE14 F000      00084     LFSR 1 , 0x0400
00008A 5030           00085     MOVF 0x030 , W
00008C 26E1           00086     ADDWF FSR1L
00008E 50E7           00087     MOVF INDF1 , W
000090 6240           00088     CPFSEQ 0x040
000092 EF?? F???      00089     GOTO NOT_PAL
000096 EF?? F???      00090     GOTO CHECK_VALID
MPASM 5.84                          HARD.ASM   9-24-2025  18:45:45         PAGE  3


LOC  OBJECT CODE     LINE SOURCE TEXT
  VALUE

                      00091     
Warning[207]: Found label after column 1. (DIAGONAL)
00009A                00092     DIAGONAL: ; number must be even
00009A B0E7           00093     BTFSC INDF1 , 0 ; skip if lsb = 0
00009C EF?? F???      00094     GOTO NOT_PAL
0000A0 EF?? F???      00095     GOTO CHECK_VALID
                      00096     
Warning[207]: Found label after column 1. (NOT_PAL)
0000A4                00097     NOT_PAL:
0000A4 0E09           00098     MOVLW 0x009
0000A6 6E01           00099     MOVWF 0x001
0000A8 EE13 F020      00100     LFSR 1 , 0x320
                      00101     
Warning[207]: Found label after column 1. (STORE_FF)
0000AC                00102     STORE_FF:
0000AC 4E01           00103     DCFSNZ 0x001
0000AE EF?? F???      00104     GOTO FINISH
0000B2 0EFF           00105     MOVLW 0xFF
0000B4 6EE6           00106     MOVWF POSTINC1
0000B6 EF?? F???      00107     GOTO STORE_FF
                      00108     
Warning[207]: Found label after column 1. (CHECK_0x400)
0000BA                00109     CHECK_0x400:
0000BA EE14 F000      00110     LFSR 1 , 0x0400
0000BE 0E00           00111     MOVLW 0x000
0000C0 62E7           00112     CPFSEQ INDF1
0000C2 EF?? F???      00113     GOTO EVEN_NOT_ZERO
0000C6 EF?? F???      00114     GOTO INIT
                      00115     
Warning[207]: Found label after column 1. (EVEN_NOT_ZERO)
0000CA                00116     EVEN_NOT_ZERO:
0000CA 50E7           00117     MOVF INDF1 , W
0000CC 6E03           00118     MOVWF 0x003
0000CE 4203           00119     RRNCF 0x003
0000D0 5003           00120     MOVF 0x003 , W
0000D2 5E0F           00121     SUBWF 0x00F
0000D4 EE13 F027      00122     LFSR 1 , 0x327
0000D8 EE23 F020      00123     LFSR 2 ,0x320
Warning[207]: Found label after column 1. (FILL_ZERO)
0000DC                00124     FILL_ZERO:
0000DC 0E00           00125     MOVLW 0x000
0000DE 6EDE           00126     MOVWF POSTINC2
0000E0 6EE5           00127     MOVWF POSTDEC1
0000E2 4E03           00128     DCFSNZ 0x003
0000E4 EF?? F???      00129     GOTO PAL
0000E8 EF?? F???      00130     GOTO FILL_ZERO
                      00131     
Warning[207]: Found label after column 1. (INIT)
0000EC                00132     INIT:
0000EC EE13 F027      00133     LFSR 1 , 0x327
0000F0 EE23 F020      00134     LFSR 2 ,0x320
                      00135     
Warning[207]: Found label after column 1. (PAL)
MPASM 5.84                          HARD.ASM   9-24-2025  18:45:45         PAGE  4


LOC  OBJECT CODE     LINE SOURCE TEXT
  VALUE

0000F4                00136     PAL:
0000F4 0E09           00137     MOVLW 0x009
0000F6 6E01           00138     MOVWF 0x001
0000F8 EE00 F0F0      00139     LFSR 0 , 0x0F0
0000FC 50EF           00140     MOVF INDF0 , W
0000FE 6200           00141     CPFSEQ 0x000
000100 EF?? F???      00142     GOTO FIND_SMALLEST
000104 EF?? F???      00143     GOTO FIND_FIRST_NONZERO
                      00144     
                      00145     ;find the smallest element store into 0x320 and swap nibblee store into 0x327
                      00146     ; while W == 0 contiune to find the fist nonzero element
Warning[207]: Found label after column 1. (FIND_FIRST_NONZERO)
000108                00147     FIND_FIRST_NONZERO:
000108 2AE9           00148     INCF FSR0L
00010A 50EF           00149     MOVF INDF0 , W
00010C 6200           00150     CPFSEQ 0x000 ; w == 0
00010E EF?? F???      00151     GOTO FIND_SMALLEST_INIT
000112 EF?? F???      00152     GOTO FIND_FIRST_NONZERO
                      00153     
Warning[207]: Found label after column 1. (FIND_SMALLEST_INIT)
000116                00154     FIND_SMALLEST_INIT:
000116 EE00 F0F0      00155     LFSR 0 , 0x0F0
Warning[207]: Found label after column 1. (FIND_SMALLEST)
00011A                00156     FIND_SMALLEST:
00011A 4E01           00157     DCFSNZ 0x001
00011C EF?? F???      00158     GOTO FINISH_FIND_SMALLEST
000120 6E03           00159     MOVWF 0x003 ; w = 0x003
000122 0E00           00160     MOVLW 0x000
000124 62EF           00161     CPFSEQ INDF0 ; if indf0 == 0 ; element is zero skip
000126 EF?? F???      00162     GOTO NOT_ZERO
00012A 2AE9           00163     INCF FSR0L
00012C 5003           00164     MOVF 0x003 , W
00012E EF?? F???      00165     GOTO FIND_SMALLEST
                      00166     
Warning[207]: Found label after column 1. (NOT_ZERO)
000132                00167     NOT_ZERO:
000132 5003           00168     MOVF 0x003 ,W 
000134 64EF           00169     CPFSGT INDF0 ; skip if postinc0 > w
000136 50EF           00170     MOVF INDF0 , W
000138 2AE9           00171     INCF FSR0L
00013A EF?? F???      00172     GOTO FIND_SMALLEST
                      00173     
Warning[207]: Found label after column 1. (FINISH_FIND_SMALLEST)
00013E                00174     FINISH_FIND_SMALLEST:
00013E EE00 F0F0      00175     LFSR 0 , 0x0F0
000142 6EE7           00176     MOVWF INDF1
000144 3AE7           00177     SWAPF INDF1
000146 6EDF           00178     MOVWF INDF2
                      00179     
                      00180     ; set used element as 0
000148 50EF           00181     MOVF INDF0 , W
00014A 62DF           00182     CPFSEQ  INDF2
00014C EF?? F???      00183     GOTO FIND_SMALLEST_ADDR
MPASM 5.84                          HARD.ASM   9-24-2025  18:45:45         PAGE  5


LOC  OBJECT CODE     LINE SOURCE TEXT
  VALUE

000150 EF?? F???      00184     GOTO FINDED_SMALLEST_ADDR
Warning[207]: Found label after column 1. (FIND_SMALLEST_ADDR)
000154                00185     FIND_SMALLEST_ADDR:
000154 2AE9           00186     INCF FSR0L
000156 50EF           00187     MOVF INDF0 , W
000158 62DF           00188     CPFSEQ  INDF2 ; find smallest location skip
00015A EF?? F???      00189     GOTO FIND_SMALLEST_ADDR
                      00190     
Warning[207]: Found label after column 1. (FINDED_SMALLEST_ADDR)
00015E                00191     FINDED_SMALLEST_ADDR:
00015E 6AEF           00192     CLRF INDF0
000160 2AD9           00193     INCF FSR2L
                      00194     
000162 EE00 F0F0      00195     LFSR 0 , 0x0F0
000166 50EF           00196     MOVF INDF0 , W
000168 62E7           00197     CPFSEQ  INDF1
00016A EF?? F???      00198     GOTO RE_FIND_SMALLEST_ADDR
00016E EF?? F???      00199     GOTO RE_FINDED_SMALLEST_ADDR
Warning[207]: Found label after column 1. (RE_FIND_SMALLEST_ADDR)
000172                00200     RE_FIND_SMALLEST_ADDR:
000172 2AE9           00201     INCF FSR0L
000174 50EF           00202     MOVF INDF0 , W
000176 62E7           00203     CPFSEQ  INDF1 ; find smallest location skip
000178 EF?? F???      00204     GOTO RE_FIND_SMALLEST_ADDR
                      00205     
Warning[207]: Found label after column 1. (RE_FINDED_SMALLEST_ADDR)
00017C                00206     RE_FINDED_SMALLEST_ADDR:
00017C 6AEF           00207     CLRF INDF0
00017E 06E1           00208     DECF FSR1L
                      00209     
000180 4E0F           00210     DCFSNZ 0x00F
000182 EF?? F???      00211     GOTO FINISH
000186 EF?? F???      00212     GOTO PAL
                      00213     
Warning[207]: Found label after column 1. (FINISH)
00018A                00214     FINISH:
00018A EF?? F???      00215     GOTO FINISH
                      00216     
                      00217     
                      00218     end
MPASM 5.84                          HARD.ASM   9-24-2025  18:45:45         PAGE  6


SYMBOL TABLE
  LABEL                             VALUE 

A                                 00000000
ABDEN                             00000000
ABDOVF                            00000007
ACCESS                            00000000
ACKDT                             00000005
ACKEN                             00000004
ACKSTAT                           00000006
ACQT0                             00000003
ACQT1                             00000004
ACQT2                             00000005
ADCON0                            00000FC2
ADCON1                            00000FC1
ADCON2                            00000FC0
ADCS0                             00000000
ADCS1                             00000001
ADCS2                             00000002
ADDEN                             00000003
ADEN                              00000003
ADFM                              00000007
ADIE                              00000006
ADIF                              00000006
ADIP                              00000006
ADMSK1                            00000001
ADMSK2                            00000002
ADMSK3                            00000003
ADMSK4                            00000004
ADMSK5                            00000005
ADON                              00000000
ADRES                             00000FC3
ADRESH                            00000FC4
ADRESL                            00000FC3
AN0                               00000000
AN1                               00000001
AN10                              00000001
AN11                              00000004
AN12                              00000000
AN2                               00000002
AN3                               00000003
AN4                               00000005
AN5                               00000000
AN6                               00000001
AN7                               00000002
AN8                               00000002
AN9                               00000003
BANKED                            00000001
BAUDCON                           00000FB8
BAUDCTL                           00000FB8
BCLIE                             00000003
BCLIF                             00000003
BCLIP                             00000003
BF                                00000000
BGST                              00000005
BOR                               00000000
MPASM 5.84                          HARD.ASM   9-24-2025  18:45:45         PAGE  7


SYMBOL TABLE
  LABEL                             VALUE 

BRG16                             00000003
BRGH                              00000002
BSR                               00000FE0
C                                 00000000
C1INV                             00000004
C1OUT_CMCON                       00000006
C1OUT_PORTA                       00000004
C2INV                             00000005
C2OUT_CMCON                       00000007
C2OUT_PORTA                       00000005
CCP1                              00000002
CCP1CON                           00000FBD
CCP1IE                            00000002
CCP1IF                            00000002
CCP1IP                            00000002
CCP1M0                            00000000
CCP1M1                            00000001
CCP1M2                            00000002
CCP1M3                            00000003
CCP1X                             00000005
CCP1Y                             00000004
CCP2CON                           00000FBA
CCP2IE                            00000000
CCP2IF                            00000000
CCP2IP                            00000000
CCP2M0                            00000000
CCP2M1                            00000001
CCP2M2                            00000002
CCP2M3                            00000003
CCP2X                             00000005
CCP2Y                             00000004
CCP2_PORTB                        00000003
CCP2_PORTC                        00000001
CCPR1                             00000FBE
CCPR1H                            00000FBF
CCPR1L                            00000FBE
CCPR2                             00000FBB
CCPR2H                            00000FBC
CCPR2L                            00000FBB
CFGS                              00000006
CHECK_0x400                       000000BA
CHECK_SWAP                        00000072
CHECK_VALID                       00000058
CHS0                              00000002
CHS1                              00000003
CHS2                              00000004
CHS3                              00000005
CIS                               00000003
CK                                00000006
CKE                               00000006
CKP                               00000004
CLKI                              00000007
CLKO                              00000006
MPASM 5.84                          HARD.ASM   9-24-2025  18:45:45         PAGE  8


SYMBOL TABLE
  LABEL                             VALUE 

CM0                               00000000
CM1                               00000001
CM2                               00000002
CMCON                             00000FB4
CMIE                              00000006
CMIF                              00000006
CMIP                              00000006
COUNTING                          0000002C
CREN                              00000004
CS                                00000002
CSRC                              00000007
CVR0                              00000000
CVR1                              00000001
CVR2                              00000002
CVR3                              00000003
CVRCON                            00000FB5
CVREF                             00000002
CVREN                             00000007
CVROE                             00000006
CVRR                              00000005
CVRSS                             00000004
D                                 00000005
DC                                00000001
DC1B0                             00000004
DC1B1                             00000005
DC2B0                             00000004
DC2B1                             00000005
DDRA                              TRISA
DDRB                              TRISB
DDRC                              TRISC
DDRD                              TRISD
DDRE                              TRISE
DIAGONAL                          0000009A
DONE                              00000001
D_A                               00000005
D_NOT_A                           00000005
ECCP1AS                           00000FB6
ECCP1DEL                          00000FB7
ECCPAS                            00000FB6
ECCPAS0                           00000004
ECCPAS1                           00000005
ECCPAS2                           00000006
ECCPASE                           00000007
EEADR                             00000FA9
EECON1                            00000FA6
EECON2                            00000FA7
EEDATA                            00000FA8
EEIE                              00000004
EEIF                              00000004
EEIP                              00000004
EEPGD                             00000007
EVEN_NOT_ZERO                     000000CA
FAST                              00000001
MPASM 5.84                          HARD.ASM   9-24-2025  18:45:45         PAGE  9


SYMBOL TABLE
  LABEL                             VALUE 

FERR                              00000002
FILL_ZERO                         000000DC
FINDED_SMALLEST_ADDR              0000015E
FIND_FIRST_NONZERO                00000108
FIND_SMALLEST                     0000011A
FIND_SMALLEST_ADDR                00000154
FIND_SMALLEST_INIT                00000116
FINISH                            0000018A
FINISH_FIND_SMALLEST              0000013E
FINSIH_COUNTING                   00000040
FLT0                              00000000
FLTS                              00000002
FREE                              00000004
FSR0                              00000000
FSR0H                             00000FEA
FSR0L                             00000FE9
FSR1                              00000001
FSR1H                             00000FE2
FSR1L                             00000FE1
FSR2                              00000002
FSR2H                             00000FDA
FSR2L                             00000FD9
GCEN                              00000007
GIE                               00000007
GIEH                              00000007
GIEL                              00000006
GIE_GIEH                          00000007
GO                                00000001
GO_DONE                           00000001
GO_NOT_DONE                       00000001
HLVDCON                           00000FD2
HLVDEN                            00000004
HLVDIE                            00000002
HLVDIF                            00000002
HLVDIN                            00000005
HLVDIP                            00000002
HLVDL0                            00000000
HLVDL1                            00000001
HLVDL2                            00000002
HLVDL3                            00000003
IBF                               00000007
IBOV                              00000005
IDLEN                             00000007
INDF0                             00000FEF
INDF1                             00000FE7
INDF2                             00000FDF
INIT                              000000EC
INT0                              00000000
INT0E                             00000004
INT0F                             00000001
INT0IE                            00000004
INT0IF                            00000001
INT1                              00000001
MPASM 5.84                          HARD.ASM   9-24-2025  18:45:45         PAGE 10


SYMBOL TABLE
  LABEL                             VALUE 

INT1E                             00000003
INT1F                             00000000
INT1IE                            00000003
INT1IF                            00000000
INT1IP                            00000006
INT1P                             00000006
INT2                              00000002
INT2E                             00000004
INT2F                             00000001
INT2IE                            00000004
INT2IF                            00000001
INT2IP                            00000007
INT2P                             00000007
INTCON                            00000FF2
INTCON2                           00000FF1
INTCON3                           00000FF0
INTEDG0                           00000006
INTEDG1                           00000005
INTEDG2                           00000004
INTSRC                            00000007
IOFS                              00000002
IPEN                              00000007
IPR1                              00000F9F
IPR2                              00000FA2
IRCF0                             00000004
IRCF1                             00000005
IRCF2                             00000006
IRVST                             00000005
IVRST                             00000005
KBI0                              00000004
KBI1                              00000005
KBI2                              00000006
KBI3                              00000007
LATA                              00000F89
LATA0                             00000000
LATA1                             00000001
LATA2                             00000002
LATA3                             00000003
LATA4                             00000004
LATA5                             00000005
LATA6                             00000006
LATA7                             00000007
LATB                              00000F8A
LATB0                             00000000
LATB1                             00000001
LATB2                             00000002
LATB3                             00000003
LATB4                             00000004
LATB5                             00000005
LATB6                             00000006
LATB7                             00000007
LATC                              00000F8B
LATC0                             00000000
MPASM 5.84                          HARD.ASM   9-24-2025  18:45:45         PAGE 11


SYMBOL TABLE
  LABEL                             VALUE 

LATC1                             00000001
LATC2                             00000002
LATC3                             00000003
LATC4                             00000004
LATC5                             00000005
LATC6                             00000006
LATC7                             00000007
LATD                              00000F8C
LATD0                             00000000
LATD1                             00000001
LATD2                             00000002
LATD3                             00000003
LATD4                             00000004
LATD5                             00000005
LATD6                             00000006
LATD7                             00000007
LATE                              00000F8D
LATE0                             00000000
LATE1                             00000001
LATE2                             00000002
LVDCON                            00000FD2
LVDEN                             00000004
LVDIE                             00000002
LVDIF                             00000002
LVDIN                             00000005
LVDIP                             00000002
LVDL0                             00000000
LVDL1                             00000001
LVDL2                             00000002
LVDL3                             00000003
LVV0                              00000000
LVV1                              00000001
LVV2                              00000002
LVV3                              00000003
MCLR                              00000003
N                                 00000004
NOT_A                             00000005
NOT_ADDRESS                       00000005
NOT_BOR                           00000000
NOT_CS                            00000002
NOT_DIAGONAL                      00000082
NOT_DONE                          00000001
NOT_MCLR                          00000003
NOT_PAL                           000000A4
NOT_PD                            00000002
NOT_POR                           00000001
NOT_RBPU                          00000007
NOT_RD                            00000000
NOT_RI                            00000004
NOT_SS                            00000005
NOT_T1SYNC                        00000002
NOT_T3SYNC                        00000002
NOT_TO                            00000003
MPASM 5.84                          HARD.ASM   9-24-2025  18:45:45         PAGE 12


SYMBOL TABLE
  LABEL                             VALUE 

NOT_W                             00000002
NOT_WR                            00000001
NOT_WRITE                         00000002
NOT_ZERO                          00000132
OBF                               00000006
OERR                              00000001
OSC1                              00000007
OSC2                              00000006
OSCCON                            00000FD3
OSCFIE                            00000007
OSCFIF                            00000007
OSCFIP                            00000007
OSCTUNE                           00000F9B
OSTS                              00000003
OV                                00000003
P                                 00000004
P1A                               00000002
P1B                               00000005
P1C                               00000006
P1D                               00000007
P1M0                              00000006
P1M1                              00000007
PAL                               000000F4
PC                                00000FF9
PCFG0                             00000000
PCFG1                             00000001
PCFG2                             00000002
PCFG3                             00000003
PCL                               00000FF9
PCLATH                            00000FFA
PCLATU                            00000FFB
PD                                00000002
PDC0                              00000000
PDC1                              00000001
PDC2                              00000002
PDC3                              00000003
PDC4                              00000004
PDC5                              00000005
PDC6                              00000006
PEIE                              00000006
PEIE_GIEL                         00000006
PEN                               00000002
PGC                               00000006
PGD                               00000007
PGM                               00000005
PIE1                              00000F9D
PIE2                              00000FA0
PIR1                              00000F9E
PIR2                              00000FA1
PLLEN                             00000006
PLUSW0                            00000FEB
PLUSW1                            00000FE3
PLUSW2                            00000FDB
MPASM 5.84                          HARD.ASM   9-24-2025  18:45:45         PAGE 13


SYMBOL TABLE
  LABEL                             VALUE 

POR                               00000001
PORTA                             00000F80
PORTB                             00000F81
PORTC                             00000F82
PORTD                             00000F83
PORTE                             00000F84
POSTDEC0                          00000FED
POSTDEC1                          00000FE5
POSTDEC2                          00000FDD
POSTINC0                          00000FEE
POSTINC1                          00000FE6
POSTINC2                          00000FDE
PR2                               00000FCB
PREINC0                           00000FEC
PREINC1                           00000FE4
PREINC2                           00000FDC
PROD                              00000FF3
PRODH                             00000FF4
PRODL                             00000FF3
PRSEN                             00000007
PSA                               00000003
PSP0                              00000000
PSP1                              00000001
PSP2                              00000002
PSP3                              00000003
PSP4                              00000004
PSP5                              00000005
PSP6                              00000006
PSP7                              00000007
PSPIE                             00000007
PSPIF                             00000007
PSPIP                             00000007
PSPMODE                           00000004
PSSAC0                            00000002
PSSAC1                            00000003
PSSBD0                            00000000
PSSBD1                            00000001
PWM1CON                           00000FB7
R                                 00000002
RA0                               00000000
RA1                               00000001
RA2                               00000002
RA3                               00000003
RA4                               00000004
RA5                               00000005
RA6                               00000006
RA7                               00000007
RB0                               00000000
RB1                               00000001
RB2                               00000002
RB3                               00000003
RB4                               00000004
RB5                               00000005
MPASM 5.84                          HARD.ASM   9-24-2025  18:45:45         PAGE 14


SYMBOL TABLE
  LABEL                             VALUE 

RB6                               00000006
RB7                               00000007
RBIE                              00000003
RBIF                              00000000
RBIP                              00000000
RBPU                              00000007
RC0                               00000000
RC1                               00000001
RC2                               00000002
RC3                               00000003
RC4                               00000004
RC5                               00000005
RC6                               00000006
RC7                               00000007
RCEN                              00000003
RCIDL                             00000006
RCIE                              00000005
RCIF                              00000005
RCIP                              00000005
RCMT                              00000006
RCON                              00000FD0
RCREG                             00000FAE
RCSTA                             00000FAB
RD                                00000000
RD0                               00000000
RD1                               00000001
RD16                              00000007
RD2                               00000002
RD3                               00000003
RD4                               00000004
RD5                               00000005
RD6                               00000006
RD7                               00000007
RE0                               00000000
RE1                               00000001
RE2                               00000002
RE3                               00000003
RE_FINDED_SMALLEST_ADDR           0000017C
RE_FIND_SMALLEST_ADDR             00000172
RI                                00000004
RSEN                              00000001
RX                                00000007
RX9                               00000006
RX9D                              00000000
RXDTP                             00000005
R_NOT_W                           00000002
R_W                               00000002
S                                 00000003
SBOREN                            00000006
SCK                               00000003
SCKP                              00000004
SCL                               00000003
SCS0                              00000000
MPASM 5.84                          HARD.ASM   9-24-2025  18:45:45         PAGE 15


SYMBOL TABLE
  LABEL                             VALUE 

SCS1                              00000001
SDA                               00000004
SDI                               00000004
SDO                               00000005
SEN                               00000000
SENDB                             00000003
SMP                               00000007
SP0                               00000000
SP1                               00000001
SP2                               00000002
SP3                               00000003
SP4                               00000004
SPBRG                             00000FAF
SPBRGH                            00000FB0
SPEN                              00000007
SREN                              00000005
SS                                00000005
SSPADD                            00000FC8
SSPBUF                            00000FC9
SSPCON1                           00000FC6
SSPCON2                           00000FC5
SSPEN                             00000005
SSPIE                             00000003
SSPIF                             00000003
SSPIP                             00000003
SSPM0                             00000000
SSPM1                             00000001
SSPM2                             00000002
SSPM3                             00000003
SSPOV                             00000006
SSPSTAT                           00000FC7
STATUS                            00000FD8
STKFUL                            00000007
STKOVF                            00000007
STKPTR                            00000FFC
STKUNF                            00000006
STORE_FF                          000000AC
SWDTE                             00000000
SWDTEN                            00000000
SYNC                              00000004
T016BIT                           00000006
T08BIT                            00000006
T0CKI                             00000004
T0CON                             00000FD5
T0CS                              00000005
T0IE                              00000005
T0IF                              00000002
T0PS0                             00000000
T0PS1                             00000001
T0PS2                             00000002
T0PS3                             00000003
T0SE                              00000004
T13CKI                            00000000
MPASM 5.84                          HARD.ASM   9-24-2025  18:45:45         PAGE 16


SYMBOL TABLE
  LABEL                             VALUE 

T1CKI                             00000000
T1CKPS0                           00000004
T1CKPS1                           00000005
T1CON                             00000FCD
T1OSCEN                           00000003
T1OSI                             00000001
T1OSO                             00000000
T1RUN                             00000006
T1SYNC                            00000002
T2CKPS0                           00000000
T2CKPS1                           00000001
T2CON                             00000FCA
T2OUTPS0                          00000003
T2OUTPS1                          00000004
T2OUTPS2                          00000005
T2OUTPS3                          00000006
T3CCP1                            00000003
T3CCP2                            00000006
T3CKPS0                           00000004
T3CKPS1                           00000005
T3CON                             00000FB1
T3SYNC                            00000002
TABLAT                            00000FF5
TBLPTR                            00000FF6
TBLPTRH                           00000FF7
TBLPTRL                           00000FF6
TBLPTRU                           00000FF8
TMR0                              00000FD6
TMR0H                             00000FD7
TMR0IE                            00000005
TMR0IF                            00000002
TMR0IP                            00000002
TMR0L                             00000FD6
TMR0ON                            00000007
TMR1                              00000FCE
TMR1CS                            00000001
TMR1H                             00000FCF
TMR1IE                            00000000
TMR1IF                            00000000
TMR1IP                            00000000
TMR1L                             00000FCE
TMR1ON                            00000000
TMR2                              00000FCC
TMR2IE                            00000001
TMR2IF                            00000001
TMR2IP                            00000001
TMR2ON                            00000002
TMR3                              00000FB2
TMR3CS                            00000001
TMR3H                             00000FB3
TMR3IE                            00000001
TMR3IF                            00000001
TMR3IP                            00000001
MPASM 5.84                          HARD.ASM   9-24-2025  18:45:45         PAGE 17


SYMBOL TABLE
  LABEL                             VALUE 

TMR3L                             00000FB2
TMR3ON                            00000000
TO                                00000003
TOS                               00000FFD
TOSH                              00000FFE
TOSL                              00000FFD
TOSU                              00000FFF
TOUTPS0                           00000003
TOUTPS1                           00000004
TOUTPS2                           00000005
TOUTPS3                           00000006
TRISA                             00000F92
TRISA0                            00000000
TRISA1                            00000001
TRISA2                            00000002
TRISA3                            00000003
TRISA4                            00000004
TRISA5                            00000005
TRISA6                            00000006
TRISA7                            00000007
TRISB                             00000F93
TRISB0                            00000000
TRISB1                            00000001
TRISB2                            00000002
TRISB3                            00000003
TRISB4                            00000004
TRISB5                            00000005
TRISB6                            00000006
TRISB7                            00000007
TRISC                             00000F94
TRISC0                            00000000
TRISC1                            00000001
TRISC2                            00000002
TRISC3                            00000003
TRISC4                            00000004
TRISC5                            00000005
TRISC6                            00000006
TRISC7                            00000007
TRISD                             00000F95
TRISD0                            00000000
TRISD1                            00000001
TRISD2                            00000002
TRISD3                            00000003
TRISD4                            00000004
TRISD5                            00000005
TRISD6                            00000006
TRISD7                            00000007
TRISE                             00000F96
TRISE0                            00000000
TRISE1                            00000001
TRISE2                            00000002
TRMT                              00000001
TUN0                              00000000
MPASM 5.84                          HARD.ASM   9-24-2025  18:45:45         PAGE 18


SYMBOL TABLE
  LABEL                             VALUE 

TUN1                              00000001
TUN2                              00000002
TUN3                              00000003
TUN4                              00000004
TX                                00000006
TX9                               00000006
TX9D                              00000000
TXCKP                             00000004
TXEN                              00000005
TXIE                              00000004
TXIF                              00000004
TXIP                              00000004
TXREG                             00000FAD
TXSTA                             00000FAC
UA                                00000001
VCFG0                             00000004
VCFG1                             00000005
VDIRMAG                           00000007
VPP                               00000003
VREFN                             00000002
VREFP                             00000003
W                                 00000000
WCOL                              00000007
WDTCON                            00000FD1
WR                                00000001
WREG                              00000FE8
WREN                              00000002
WRERR                             00000003
WUE                               00000001
Z                                 00000002
_BOREN_NOSLP_2L                   000000FD
_BOREN_OFF_2L                     000000F9
_BOREN_ON_2L                      000000FB
_BOREN_SBORDIS_2L                 000000FF
_BORV_0_2L                        000000E7
_BORV_1_2L                        000000EF
_BORV_2_2L                        000000F7
_BORV_3_2L                        000000FF
_CCP2MX_PORTBE_3H                 000000FE
_CCP2MX_PORTC_3H                  000000FF
_CONFIG1H                         00300001
_CONFIG2H                         00300003
_CONFIG2L                         00300002
_CONFIG3H                         00300005
_CONFIG4L                         00300006
_CONFIG5H                         00300009
_CONFIG5L                         00300008
_CONFIG6H                         0030000B
_CONFIG6L                         0030000A
_CONFIG7H                         0030000D
_CONFIG7L                         0030000C
_CP0_OFF_5L                       000000FF
_CP0_ON_5L                        000000FE
MPASM 5.84                          HARD.ASM   9-24-2025  18:45:45         PAGE 19


SYMBOL TABLE
  LABEL                             VALUE 

_CP1_OFF_5L                       000000FF
_CP1_ON_5L                        000000FD
_CP2_OFF_5L                       000000FF
_CP2_ON_5L                        000000FB
_CP3_OFF_5L                       000000FF
_CP3_ON_5L                        000000F7
_CPB_OFF_5H                       000000FF
_CPB_ON_5H                        000000BF
_CPD_OFF_5H                       000000FF
_CPD_ON_5H                        0000007F
_DEBUG_OFF_4L                     000000FF
_DEBUG_ON_4L                      0000007F
_DEVID1                           003FFFFE
_DEVID2                           003FFFFF
_EBTR0_OFF_7L                     000000FF
_EBTR0_ON_7L                      000000FE
_EBTR1_OFF_7L                     000000FF
_EBTR1_ON_7L                      000000FD
_EBTR2_OFF_7L                     000000FF
_EBTR2_ON_7L                      000000FB
_EBTR3_OFF_7L                     000000FF
_EBTR3_ON_7L                      000000F7
_EBTRB_OFF_7H                     000000FF
_EBTRB_ON_7H                      000000BF
_FCMEN_OFF_1H                     000000BF
_FCMEN_ON_1H                      000000FF
_IDLOC0                           00200000
_IDLOC1                           00200001
_IDLOC2                           00200002
_IDLOC3                           00200003
_IDLOC4                           00200004
_IDLOC5                           00200005
_IDLOC6                           00200006
_IDLOC7                           00200007
_IESO_OFF_1H                      0000007F
_IESO_ON_1H                       000000FF
_LPT1OSC_OFF_3H                   000000FB
_LPT1OSC_ON_3H                    000000FF
_LVP_OFF_4L                       000000FB
_LVP_ON_4L                        000000FF
_MCLRE_OFF_3H                     0000007F
_MCLRE_ON_3H                      000000FF
_OSC_ECIO6_1H                     000000F5
_OSC_EC_1H                        000000F4
_OSC_HSPLL_1H                     000000F6
_OSC_HS_1H                        000000F2
_OSC_INTIO67_1H                   000000F8
_OSC_INTIO7_1H                    000000F9
_OSC_LP_1H                        000000F0
_OSC_RCIO6_1H                     000000F7
_OSC_RC_1H                        000000F3
_OSC_XT_1H                        000000F1
_PBADEN_OFF_3H                    000000FD
MPASM 5.84                          HARD.ASM   9-24-2025  18:45:45         PAGE 20


SYMBOL TABLE
  LABEL                             VALUE 

_PBADEN_ON_3H                     000000FF
_PWRT_OFF_2L                      000000FF
_PWRT_ON_2L                       000000FE
_STVREN_OFF_4L                    000000FE
_STVREN_ON_4L                     000000FF
_WDTPS_1024_2H                    000000F5
_WDTPS_128_2H                     000000EF
_WDTPS_16384_2H                   000000FD
_WDTPS_16_2H                      000000E9
_WDTPS_1_2H                       000000E1
_WDTPS_2048_2H                    000000F7
_WDTPS_256_2H                     000000F1
_WDTPS_2_2H                       000000E3
_WDTPS_32768_2H                   000000FF
_WDTPS_32_2H                      000000EB
_WDTPS_4096_2H                    000000F9
_WDTPS_4_2H                       000000E5
_WDTPS_512_2H                     000000F3
_WDTPS_64_2H                      000000ED
_WDTPS_8192_2H                    000000FB
_WDTPS_8_2H                       000000E7
_WDT_OFF_2H                       000000FE
_WDT_ON_2H                        000000FF
_WRT0_OFF_6L                      000000FF
_WRT0_ON_6L                       000000FE
_WRT1_OFF_6L                      000000FF
_WRT1_ON_6L                       000000FD
_WRT2_OFF_6L                      000000FF
_WRT2_ON_6L                       000000FB
_WRT3_OFF_6L                      000000FF
_WRT3_ON_6L                       000000F7
_WRTB_OFF_6H                      000000FF
_WRTB_ON_6H                       000000BF
_WRTC_OFF_6H                      000000FF
_WRTC_ON_6H                       000000DF
_WRTD_OFF_6H                      000000FF
_WRTD_ON_6H                       0000007F
_XINST_OFF_4L                     000000BF
_XINST_ON_4L                      000000FF
__18F4520                         00000001
__DEBUG                           
__MPLAB_DEBUGGER_SIMULATOR        1

Errors   :     0
Warnings :    24 reported,     0 suppressed
Messages :     0 reported,     0 suppressed

