Microchip MPLAB XC8 Compiler V3.00

Linker command line:

-W-3 \
  --edf=C:\Program Files\Microchip\xc8\v3.00\pic\dat\20241204225717_en.msgs \
  -cn -h+dist/default/debug\Lab10.X.debug.sym \
  --cmf=dist/default/debug\Lab10.X.debug.cmf -z -Q18F4520 \
  -oC:\Users\yanpi\AppData\Local\Temp\xcAs10tc.\driver_tmp_3.o \
  --defsym=__MPLAB_BUILD=1 --fixupoverflow=error \
  -Mdist/default/debug/Lab10.X.debug.map \
  --md=C:\Users\yanpi\AppData\Local\Temp\xcAs10tc.\driver_tmp_0.dat -E1 \
  -ver=XC8 Compiler -ACODE=00h-07DBFh -ACONST=00h-07DBFh \
  -ASMALLCONST=0600h-06FFhx119,07D00h-07DBFh -AMEDIUMCONST=0600h-07DBFh \
  -ACOMRAM=01h-07Fh -AABS1=00h-05F3h -ABIGRAM=01h-05F3h \
  -ARAM=080h-0FFh,0100h-01FFhx4,0500h-05F3h -ABANK0=080h-0FFh \
  -ABANK1=0100h-01FFh -ABANK2=0200h-02FFh -ABANK3=0300h-03FFh \
  -ABANK4=0400h-04FFh -ABANK5=0500h-05F3h \
  -ASFR=0F80h-0F9Bh,0F9Dh-0FD3h,0FD5h-0FDAh,0FE0h-0FE2h,0FE8h-0FEAh,0FF0h-0FFCh \
  -ABIGSFR=0F80h-0F9Bh,0F9Dh-0FD3h,0FD5h-0FDAh,0FE0h-0FE2h,0FE8h-0FEAh,0FF0h-0FFCh \
  -ACONFIG=0300000h-030000Dh -AIDLOC=0200000h-0200007h \
  -AEEDATA=0F00000h-0F000FFh -peeprom_data=EEDATA \
  -preset_vec=00h,intcode=8h,intcodelo=18h,sivt_lo,sivt_hi=CODE \
  -ppowerup=CODE,init -pramtop=0600h -psmallconst=SMALLCONST \
  -pmediumconst=MEDIUMCONST -pconst=CONST -AFARRAM=00h-00h \
  -prdata=COMRAM,nvrram=COMRAM,nvbit=COMRAM,rbss=COMRAM,rbit=COMRAM \
  -pfarbss=FARRAM,fardata=FARRAM,nvFARRAM=FARRAM \
  -pintsave_regs=BIGRAM,bigbss=BIGRAM,bigdata=BIGRAM -pbss=RAM \
  -pidata=CODE,irdata=CODE,ibigdata=CODE,ifardata=CODE -prparam=COMRAM \
  C:\Users\yanpi\AppData\Local\Temp\xcAs10tc.\driver_tmp_14.o \
  dist/default/debug\Lab10.X.debug.o 

Object code version is 3.11

Machine type is 18F4520



                Name                               Link     Load   Length Selector   Space Scale
C:\Users\yanpi\AppData\Local\Temp\xcAs10tc.\driver_tmp_14.o
                idloc                            200000   200000        8        0       5
                config                           300000   300000        E        0       4
                init                                 80       80        4        C       0
                reset_vec                             0        0        4        0       0
dist/default/debug\Lab10.X.debug.o
                intcodelo                            18       18       68        C       0
                intcode                               8        8        6        4       0
                idloc                            200000   200000        8        0       5
                config                           300000   300000        E        0       4
                temp                                 6A       6A        1        1       1
                smallconst                          600      600        6      300       0
                text29                              F6A      F6A       3C      303       0
                text28                             1148     1148       16      303       0
                text27                              A6E      A6E       EA      303       0
                intcode_body                        F2E      F2E       3C      303       0
                text25                             116E     116E       10      303       0
                text23                             1018     1018       36      303       0
                text22                              964      964      10A      303       0
                text21                              E50      E50       9C      303       0
                text20                              606      606      1B6      303       0
                text19                             1132     1132       16      303       0
                text18                              FE0      FE0       38      303       0
                text17                             115E     115E       10      303       0
                text16                              C36      C36       C2      303       0
                text15                              CF8      CF8       AE      303       0
                text14                             1082     1082       34      303       0
                text13                             11A8     11A8        2      303       0
                text12                              DA6      DA6       AA      303       0
                text11                              7BC      7BC      1A8      303       0
                text10                              FA6      FA6       3A      303       0
                text9                              104E     104E       34      303       0
                text8                              10B6     10B6       2E      303       0
                text7                               B58      B58       DE      303       0
                text6                              111C     111C       16      303       0
                text5                              118A     118A        C      303       0
                text4                              119E     119E        8      303       0
                text3                              1196     1196        8      303       0
                text2                              10E4     10E4       22      303       0
                text1                              1106     1106       16      303       0
                text0                              117E     117E        C      303       0
                cstackCOMRAM                          1        1       48        1       1
                bssBANK0                             80       80       20       80       1
                dataCOMRAM                           68       68        2        1       1
                bssCOMRAM                            49       49       1F        1       1
                cinit                               EEC      EEC       42      303       0
                idataCOMRAM                        11A6     11A6        2      303       0

TOTAL           Name                               Link     Load   Length     Space
        CLASS   CODE           
                intcodelo                            18       18       68         0
                intcode                               8        8        6         0
                init                                 80       80        4         0
                reset_vec                             0        0        4         0
                text29                              F6A      F6A       3C         0
                text28                             1148     1148       16         0
                text27                              A6E      A6E       EA         0
                intcode_body                        F2E      F2E       3C         0
                text25                             116E     116E       10         0
                text23                             1018     1018       36         0
                text22                              964      964      10A         0
                text21                              E50      E50       9C         0
                text20                              606      606      1B6         0
                text19                             1132     1132       16         0
                text18                              FE0      FE0       38         0
                text17                             115E     115E       10         0
                text16                              C36      C36       C2         0
                text15                              CF8      CF8       AE         0
                text14                             1082     1082       34         0
                text13                             11A8     11A8        2         0
                text12                              DA6      DA6       AA         0
                text11                              7BC      7BC      1A8         0
                text10                              FA6      FA6       3A         0
                text9                              104E     104E       34         0
                text8                              10B6     10B6       2E         0
                text7                               B58      B58       DE         0
                text6                              111C     111C       16         0
                text5                              118A     118A        C         0
                text4                              119E     119E        8         0
                text3                              1196     1196        8         0
                text2                              10E4     10E4       22         0
                text1                              1106     1106       16         0
                text0                              117E     117E        C         0
                cinit                               EEC      EEC       42         0
                idataCOMRAM                        11A6     11A6        2         0

        CLASS   CONST          

        CLASS   SMALLCONST     
                smallconst                          600      600        6         0

        CLASS   MEDIUMCONST    

        CLASS   COMRAM         
                temp                                 6A       6A        1         1
                cstackCOMRAM                          1        1       48         1
                dataCOMRAM                           68       68        2         1
                bssCOMRAM                            49       49       1F         1

        CLASS   ABS1           

        CLASS   BIGRAM         

        CLASS   RAM            

        CLASS   BANK0          
                bssBANK0                             80       80       20         1

        CLASS   BANK1          

        CLASS   BANK2          

        CLASS   BANK3          

        CLASS   BANK4          

        CLASS   BANK5          

        CLASS   SFR            

        CLASS   BIGSFR         

        CLASS   CONFIG         
                config                           300000   300000        E         4

        CLASS   IDLOC          
                idloc                            200000   200000        8         5

        CLASS   EEDATA         

        CLASS   FARRAM         

        CLASS   HEAP           

        CLASS   STACK          



SEGMENTS        Name                           Load    Length   Top    Selector   Space  Class

                reset_vec                      000000  000004  000004         0       0  CODE    
                cstackCOMRAM                   000001  00006A  00006B         1       1  COMRAM  
                intcode                        000008  000006  00000E         4       0  CODE    
                intcodelo                      000018  00006C  000084         C       0  CODE    
                bssBANK0                       000080  000020  0000A0        80       1  BANK0   
                smallconst                     000600  000006  000606       300       0  SMALLCON
                text20                         000606  000BA4  0011AA       303       0  CODE    


UNUSED ADDRESS RANGES

        Name                Unused          Largest block    Delta
        BANK0            0000A0-0000FF               60
        BANK1            000100-0001FF              100
        BANK2            000200-0002FF              100
        BANK3            000300-0003FF              100
        BANK4            000400-0004FF              100
        BANK5            000500-0005F3               F4
        BIGRAM           00006B-00007F               15
                         0000A0-0005F3              554
        BIGSFR           000F80-000F9B               1C
                         000F9D-000FD3               37
                         000FD5-000FDA                6
                         000FE0-000FE2                3
                         000FE8-000FEA                3
                         000FF0-000FFC                D
        CODE             000004-000007                4
                         00000E-000017                A
                         000084-0005FF              57C
                         0011AA-007DBF             6C16
        COMRAM           00006B-00007F               15
        CONST            000004-000007                4
                         00000E-000017                A
                         000084-0005FF              57C
                         0011AA-007DBF             6C16
        EEDATA           F00000-F000FF              100
        MEDIUMCONST      0011AA-007DBF             6C16
        RAM              0000A0-0005F3              100
        SFR              000F80-000F9B               1C
                         000F9D-000FD3               37
                         000FD5-000FDA                6
                         000FE0-000FE2                3
                         000FE8-000FEA                3
                         000FF0-000FFC                D
        SMALLCONST       0011AA-007DBF              100

                                  Symbol Table

?_ADC_Read                     cstackCOMRAM 00000D
?_ADC_Read_Avg                 cstackCOMRAM 00001B
?_ADC_To_Output                cstackCOMRAM 00000D
?___aldiv                      cstackCOMRAM 00000D
?___awdiv                      cstackCOMRAM 00000D
?___awmod                      cstackCOMRAM 00000D
?_abs                          cstackCOMRAM 000013
?_sprintf                      cstackCOMRAM 000026
?_strlen                       cstackCOMRAM 00000D
?_vfprintf                     cstackCOMRAM 000022
ADC_Read@channel               cstackCOMRAM 00000D
ADC_Read@digital               cstackCOMRAM 000011
ADC_Read_Avg@ch                cstackCOMRAM 00001B
ADC_Read_Avg@i                 cstackCOMRAM 000025
ADC_Read_Avg@sum               cstackCOMRAM 000021
ADC_To_Output@value            cstackCOMRAM 00000D
ClearBuffer@i                  cstackCOMRAM 000001
Hard@buffer                    cstackCOMRAM 000037
Hard@i                         cstackCOMRAM 000045
Hard@last                      cstackCOMRAM 000041
Hard@last_len                  cstackCOMRAM 000043
Hard@value                     cstackCOMRAM 000047
MyusartRead@c                  cstackCOMRAM 000003
UART_Write@data                cstackCOMRAM 00000D
UART_Write_Text@i              cstackCOMRAM 00000F
UART_Write_Text@text           cstackCOMRAM 00000E
_ADCON0bits                    (abs)        000FC2
_ADCON1                        (abs)        000FC1
_ADCON2                        (abs)        000FC0
_ADCON2bits                    (abs)        000FC0
_ADC_Initialize                text6        00111C
_ADC_Read                      text23       001018
_ADC_Read_Avg                  text21       000E50
_ADC_To_Output                 text20       000606
_ADFM                          (abs)        007E07
_ADRESH                        (abs)        000FC4
_ADRESL                        (abs)        000FC3
_BAUDCONbits                   (abs)        000FB8
_CCP1CON                       (abs)        000FBD
_CCP1_Initialize               text5        00118A
_CREN                          (abs)        007D5C
_ClearBuffer                   text29       000F6A
_Hard                          text7        000B58
_INTCONbits                    (abs)        000FF2
_INTERRUPT_Initialize          text4        00119E
_IPR1bits                      (abs)        000F9F
_IRCF0                         (abs)        007E9C
_IRCF1                         (abs)        007E9D
_IRCF2                         (abs)        007E9E
_LATD                          (abs)        000F8C
_MyusartRead                   text27       000A6E
_OSCILLATOR_Initialize         text3        001196
_PIE1bits                      (abs)        000F9D
_PIR1bits                      (abs)        000F9E
_PORTBbits                     (abs)        000F81
_PR2                           (abs)        000FCB
_RCIF                          (abs)        007CF5
_RCONbits                      (abs)        000FD0
_RCREG                         (abs)        000FAE
_RCSTAbits                     (abs)        000FAB
_SPBRG                         (abs)        000FAF
_SYSTEM_Initialize             text1        001106
_T2CONbits                     (abs)        000FCA
_TRISA                         (abs)        000F92
_TRISBbits                     (abs)        000F93
_TRISCbits                     (abs)        000F94
_TRISD                         (abs)        000F95
_TXREG                         (abs)        000FAD
_TXSTAbits                     (abs)        000FAC
_Timer2_ISR                    intcodelo    000018
_UART_ISR                      intcode      000008
_UART_Initialize               text2        0010E4
_UART_Write                    text19       001132
_UART_Write_Text               text18       000FE0
__HRAM                         (abs)        000000
__H__absolute__                __absolute__ 000000
__Habs1                        abs1         000000
__Hbank0                       bank0        000000
__Hbank1                       bank1        000000
__Hbank2                       bank2        000000
__Hbank3                       bank3        000000
__Hbank4                       bank4        000000
__Hbank5                       bank5        000000
__Hbigbss                      bigbss       000000
__Hbigdata                     bigdata      000000
__Hbigram                      bigram       000000
__Hbigsfr                      bigsfr       000000
__Hbss                         bss          000000
__HbssBANK0                    bssBANK0     000000
__HbssCOMRAM                   bssCOMRAM    000000
__Hcinit                       cinit        000000
__Hclrtext                     clrtext      000000
__Hcomram                      comram       000000
__Hconfig                      config       30000E
__Hconst                       const        000000
__HcstackCOMRAM                cstackCOMRAM 000000
__Hdata                        data         000000
__HdataCOMRAM                  dataCOMRAM   000000
__Heeprom_data                 eeprom_data  000000
__Hfarbss                      farbss       000000
__Hfardata                     fardata      000000
__Hheap                        heap         000000
__Hibigdata                    ibigdata     000000
__Hidata                       idata        000000
__HidataCOMRAM                 idataCOMRAM  000000
__Hidloc                       idloc        200008
__Hifardata                    ifardata     000000
__Hinit                        init         000084
__Hintcode                     intcode      00000E
__Hintcode_body                intcode_body 000000
__Hintcodelo                   intcodelo    000080
__Hintentry                    intentry     000000
__Hintret                      intret       000000
__Hintsave_regs                intsave_regs 000000
__Hirdata                      irdata       000000
__Hmediumconst                 mediumconst  000000
__HnvFARRAM                    nvFARRAM     000000
__Hnvbit                       nvbit        000000
__Hnvrram                      nvrram       000000
__Hparam                       rparam       000000
__Hpowerup                     powerup      000000
__Hram                         ram          000000
__Hramtop                      ramtop       000600
__Hrbit                        rbit         000000
__Hrbss                        rbss         000000
__Hrdata                       rdata        000000
__Hreset_vec                   reset_vec    000004
__Hrparam                      rparam       000000
__Hsfr                         sfr          000000
__Hsivt_hi                     sivt_hi      000000
__Hsivt_lo                     sivt_lo      000080
__Hsmallconst                  smallconst   000606
__Hspace_0                     (abs)        0011AA
__Hspace_1                     (abs)        0000A0
__Hspace_2                     (abs)        000000
__Hspace_4                     (abs)        60000E
__Hstack                       stack        000000
__Hstruct                      struct       000000
__Htemp                        temp         00006B
__Htext                        text         000000
__Htext0                       text0        000000
__Htext1                       text1        000000
__Htext10                      text10       000000
__Htext11                      text11       000000
__Htext12                      text12       000000
__Htext13                      text13       000000
__Htext14                      text14       000000
__Htext15                      text15       000000
__Htext16                      text16       000000
__Htext17                      text17       000000
__Htext18                      text18       000000
__Htext19                      text19       000000
__Htext2                       text2        000000
__Htext20                      text20       000000
__Htext21                      text21       000000
__Htext22                      text22       000000
__Htext23                      text23       000000
__Htext25                      text25       000000
__Htext27                      text27       000000
__Htext28                      text28       000000
__Htext29                      text29       000000
__Htext3                       text3        000000
__Htext4                       text4        000000
__Htext5                       text5        000000
__Htext6                       text6        000000
__Htext7                       text7        000000
__Htext8                       text8        000000
__Htext9                       text9        000000
__LRAM                         (abs)        000001
__L__absolute__                __absolute__ 000000
__Labs1                        abs1         000000
__Lbank0                       bank0        000000
__Lbank1                       bank1        000000
__Lbank2                       bank2        000000
__Lbank3                       bank3        000000
__Lbank4                       bank4        000000
__Lbank5                       bank5        000000
__Lbigbss                      bigbss       000000
__Lbigdata                     bigdata      000000
__Lbigram                      bigram       000000
__Lbigsfr                      bigsfr       000000
__Lbss                         bss          000000
__LbssBANK0                    bssBANK0     000000
__LbssCOMRAM                   bssCOMRAM    000000
__Lcinit                       cinit        000000
__Lclrtext                     clrtext      000000
__Lcomram                      comram       000000
__Lconfig                      config       000000
__Lconst                       const        000000
__LcstackCOMRAM                cstackCOMRAM 000000
__Ldata                        data         000000
__LdataCOMRAM                  dataCOMRAM   000000
__Leeprom_data                 eeprom_data  000000
__Lfarbss                      farbss       000000
__Lfardata                     fardata      000000
__Lheap                        heap         000000
__Libigdata                    ibigdata     000000
__Lidata                       idata        000000
__LidataCOMRAM                 idataCOMRAM  000000
__Lidloc                       idloc        000000
__Lifardata                    ifardata     000000
__Linit                        init         000080
__Lintcode                     intcode      000008
__Lintcode_body                intcode_body 000000
__Lintcodelo                   intcodelo    000018
__Lintentry                    intentry     000000
__Lintret                      intret       000000
__Lintsave_regs                intsave_regs 000000
__Lirdata                      irdata       000000
__Lmediumconst                 mediumconst  000000
__LnvFARRAM                    nvFARRAM     000000
__Lnvbit                       nvbit        000000
__Lnvrram                      nvrram       000000
__Lparam                       rparam       000000
__Lpowerup                     powerup      000000
__Lram                         ram          000000
__Lramtop                      ramtop       000600
__Lrbit                        rbit         000000
__Lrbss                        rbss         000000
__Lrdata                       rdata        000000
__Lreset_vec                   reset_vec    000000
__Lrparam                      rparam       000000
__Lsfr                         sfr          000000
__Lsivt_hi                     sivt_hi      000000
__Lsivt_lo                     sivt_lo      000080
__Lsmallconst                  smallconst   000600
__Lspace_0                     (abs)        000000
__Lspace_1                     (abs)        000000
__Lspace_2                     (abs)        000000
__Lspace_4                     (abs)        000000
__Lstack                       stack        000000
__Lstruct                      struct       000000
__Ltemp                        temp         00006A
__Ltext                        text         000000
__Ltext0                       text0        000000
__Ltext1                       text1        000000
__Ltext10                      text10       000000
__Ltext11                      text11       000000
__Ltext12                      text12       000000
__Ltext13                      text13       000000
__Ltext14                      text14       000000
__Ltext15                      text15       000000
__Ltext16                      text16       000000
__Ltext17                      text17       000000
__Ltext18                      text18       000000
__Ltext19                      text19       000000
__Ltext2                       text2        000000
__Ltext20                      text20       000000
__Ltext21                      text21       000000
__Ltext22                      text22       000000
__Ltext23                      text23       000000
__Ltext25                      text25       000000
__Ltext27                      text27       000000
__Ltext28                      text28       000000
__Ltext29                      text29       000000
__Ltext3                       text3        000000
__Ltext4                       text4        000000
__Ltext5                       text5        000000
__Ltext6                       text6        000000
__Ltext7                       text7        000000
__Ltext8                       text8        000000
__Ltext9                       text9        000000
__S0                           (abs)        0011AA
__S1                           (abs)        0000A0
__S4                           (abs)        000000
__S5                           (abs)        000000
___aldiv                       text22       000964
___aldiv@counter               cstackCOMRAM 000015
___aldiv@dividend              cstackCOMRAM 00000D
___aldiv@divisor               cstackCOMRAM 000011
___aldiv@quotient              cstackCOMRAM 000017
___aldiv@sign                  cstackCOMRAM 000016
___awdiv                       text16       000C36
___awdiv@counter               cstackCOMRAM 000011
___awdiv@dividend              cstackCOMRAM 00000D
___awdiv@divisor               cstackCOMRAM 00000F
___awdiv@quotient              cstackCOMRAM 000013
___awdiv@sign                  cstackCOMRAM 000012
___awmod                       text15       000CF8
___awmod@counter               cstackCOMRAM 000011
___awmod@dividend              cstackCOMRAM 00000D
___awmod@divisor               cstackCOMRAM 00000F
___awmod@sign                  cstackCOMRAM 000012
___heap_hi                     (abs)        000000
___heap_lo                     (abs)        000000
___inthi_sp                    stack        000000
___inthi_stack_hi              stack        000000
___inthi_stack_lo              stack        000000
___intlo_sp                    stack        000000
___intlo_stack_hi              stack        000000
___intlo_stack_lo              stack        000000
___param_bank                  (abs)        000000
___rparam_used                 (abs)        000001
___sp                          stack        000000
___stack_hi                    stack        000000
___stack_lo                    stack        000000
__accesstop                    (abs)        000080
__activetblptr                 (abs)        000001
__end_of_ADC_Initialize        text6        001132
__end_of_ADC_Read              text23       00104E
__end_of_ADC_Read_Avg          text21       000EEC
__end_of_ADC_To_Output         text20       0007BC
__end_of_CCP1_Initialize       text5        001196
__end_of_ClearBuffer           text29       000FA6
__end_of_Hard                  text7        000C36
__end_of_INTERRUPT_Initialize  text4        0011A6
__end_of_MyusartRead           text27       000B58
__end_of_OSCILLATOR_Initialize text3        00119E
__end_of_SYSTEM_Initialize     text1        00111C
__end_of_Timer2_ISR            intcodelo    000080
__end_of_UART_ISR              intcode_body 000F6A
__end_of_UART_Initialize       text2        001106
__end_of_UART_Write            text19       001148
__end_of_UART_Write_Text       text18       001018
__end_of___aldiv               text22       000A6E
__end_of___awdiv               text16       000CF8
__end_of___awmod               text15       000DA6
__end_of__initialization       cinit        000F1C
__end_of_abs                   text14       0010B6
__end_of_fputc                 text12       000E50
__end_of_led                   text17       00116E
__end_of_main                  text0        00118A
__end_of_putch                 text13       0011AA
__end_of_sprintf               text9        001082
__end_of_strlen                text8        0010E4
__end_of_vfpfcnvrt             text11       000964
__end_of_vfprintf              text10       000FE0
__end_ofi1_led                 text25       00117E
__end_ofi2_UART_Write          text28       00115E
__initialization               cinit        000EEC
__mediumconst                  smallconst   000600
__pbssBANK0                    bssBANK0     000080
__pbssCOMRAM                   bssCOMRAM    000049
__pcinit                       cinit        000EEC
__pcstackCOMRAM                cstackCOMRAM 000001
__pdataCOMRAM                  dataCOMRAM   000068
__pidataCOMRAM                 idataCOMRAM  0011A6
__pintcode                     intcode      000008
__pintcode_body                intcode_body 000F2E
__pintcodelo                   intcodelo    000018
__psmallconst                  smallconst   000600
__ptext0                       text0        00117E
__ptext1                       text1        001106
__ptext10                      text10       000FA6
__ptext11                      text11       0007BC
__ptext12                      text12       000DA6
__ptext13                      text13       0011A8
__ptext14                      text14       001082
__ptext15                      text15       000CF8
__ptext16                      text16       000C36
__ptext17                      text17       00115E
__ptext18                      text18       000FE0
__ptext19                      text19       001132
__ptext2                       text2        0010E4
__ptext20                      text20       000606
__ptext21                      text21       000E50
__ptext22                      text22       000964
__ptext23                      text23       001018
__ptext25                      text25       00116E
__ptext27                      text27       000A6E
__ptext28                      text28       001148
__ptext29                      text29       000F6A
__ptext3                       text3        001196
__ptext4                       text4        00119E
__ptext5                       text5        00118A
__ptext6                       text6        00111C
__ptext7                       text7        000B58
__ptext8                       text8        0010B6
__ptext9                       text9        00104E
__ramtop                       ramtop       000600
__smallconst                   smallconst   000600
_abs                           text14       001082
_counter                       bssCOMRAM    00004F
_dbuf                          bssBANK0     000080
_flags                         bssCOMRAM    000053
_fputc                         text12       000DA6
_led                           text17       00115E
_lenStr                        bssCOMRAM    00004D
_main                          text0        00117E
_mystring                      bssCOMRAM    000054
_prec                          bssCOMRAM    00004B
_putch                         text13       0011A8
_sprintf                       text9        00104E
_strlen                        text8        0010B6
_subcounter                    bssCOMRAM    000051
_value                         dataCOMRAM   000068
_vfpfcnvrt                     text11       0007BC
_vfprintf                      text10       000FA6
_width                         bssCOMRAM    000049
abs@a                          cstackCOMRAM 000013
btemp                          temp         00006A
end_of_initialization          cinit        000F1C
fputc@c                        cstackCOMRAM 00000D
fputc@fp                       cstackCOMRAM 00000F
i1_led                         text25       00116E
i1led@num                      cstackCOMRAM 000006
i2UART_Write@data              cstackCOMRAM 000001
i2_UART_Write                  text28       001148
int$flags                      temp         00006A
int_func                       intcode_body 000F2E
intlevel0                      text         000000
intlevel1                      text         000000
intlevel2                      text         000000
intlevel3                      text         000000
isa$std                        (abs)        000001
isa$xinst                      (abs)        000000
led@num                        cstackCOMRAM 00000F
sprintf@ap                     cstackCOMRAM 00002A
sprintf@f                      cstackCOMRAM 00002B
sprintf@fmt                    cstackCOMRAM 000027
sprintf@s                      cstackCOMRAM 000026
stackhi                        (abs)        000000
stacklo                        (abs)        000000
start                          init         000080
start_initialization           cinit        000EEC
strlen@a                       cstackCOMRAM 00000F
strlen@s                       cstackCOMRAM 00000D
ttemp5                         temp         00006B
ttemp6                         temp         00006E
ttemp7                         temp         000072
vfpfcnvrt@ap                   cstackCOMRAM 000019
vfpfcnvrt@c                    cstackCOMRAM 000021
vfpfcnvrt@convarg              cstackCOMRAM 00001D
vfpfcnvrt@cp                   cstackCOMRAM 00001C
vfpfcnvrt@done                 cstackCOMRAM 00001B
vfpfcnvrt@fmt                  cstackCOMRAM 000018
vfpfcnvrt@fp                   cstackCOMRAM 000017
vfprintf@ap                    cstackCOMRAM 000024
vfprintf@cfmt                  cstackCOMRAM 000025
vfprintf@fmt                   cstackCOMRAM 000023
vfprintf@fp                    cstackCOMRAM 000022
wtemp8                         temp         00006B


MODULE INFORMATION

Module		Function		Class		Link	Load	Size
C:\Program Files\Microchip\xc8\v3.00\pic\sources\c99\common\abs.c
		_abs           		CODE           	1082	0000	52

C:\Program Files\Microchip\xc8\v3.00\pic\sources\c99\common\abs.c estimated size: 52

setting_hardaware/interrupt_manager.c
		_INTERRUPT_Initialize		CODE           	119E	0000	8

setting_hardaware/interrupt_manager.c estimated size: 8

C:\Program Files\Microchip\xc8\v3.00\pic\sources\c99\common\nf_fputc.c
		_fputc         		CODE           	0DA6	0000	170

C:\Program Files\Microchip\xc8\v3.00\pic\sources\c99\common\nf_fputc.c estimated size: 170

setting_hardaware/uart.c
		_UART_Write_Text		CODE           	0FE0	0000	56
		_UART_Initialize		CODE           	10E4	0000	34
		_UART_Write    		CODE           	1132	0000	22

setting_hardaware/uart.c estimated size: 112

C:\Program Files\Microchip\xc8\v3.00\pic\sources\c99\common\nf_sprintf.c
		_sprintf       		CODE           	104E	0000	52

C:\Program Files\Microchip\xc8\v3.00\pic\sources\c99\common\nf_sprintf.c estimated size: 52

setting_hardaware/ccp1.c
		_CCP1_Initialize		CODE           	118A	0000	12

setting_hardaware/ccp1.c estimated size: 12

setting_hardaware/adc.c
		_ADC_Initialize		CODE           	111C	0000	22
		_ADC_Read      		CODE           	1018	0000	54

setting_hardaware/adc.c estimated size: 76

C:\Program Files\Microchip\xc8\v3.00\pic\sources\c99\common\awmod.c
		___awmod       		CODE           	0CF8	0000	174

C:\Program Files\Microchip\xc8\v3.00\pic\sources\c99\common\awmod.c estimated size: 174

C:\Program Files\Microchip\xc8\v3.00\pic\sources\c99\common\putch.c
		_putch         		CODE           	11A8	0000	2

C:\Program Files\Microchip\xc8\v3.00\pic\sources\c99\common\putch.c estimated size: 2

shared
		i1_led         		CODE           	116E	0000	16
		i2_UART_Write  		CODE           	1148	0000	22
		__initialization		CODE           	0EEC	0000	48

shared estimated size: 86

C:\Program Files\Microchip\xc8\v3.00\pic\sources\c99\common\strlen.c
		_strlen        		CODE           	10B6	0000	46

C:\Program Files\Microchip\xc8\v3.00\pic\sources\c99\common\strlen.c estimated size: 46

setting_hardaware/setting.c
		_OSCILLATOR_Initialize		CODE           	1196	0000	8
		_SYSTEM_Initialize		CODE           	1106	0000	22

setting_hardaware/setting.c estimated size: 30

C:\Program Files\Microchip\xc8\v3.00\pic\sources\c99\common\awdiv.c
		___awdiv       		CODE           	0C36	0000	194

C:\Program Files\Microchip\xc8\v3.00\pic\sources\c99\common\awdiv.c estimated size: 194

main.c
		_MyusartRead   		CODE           	0A6E	0000	234
		_main          		CODE           	117E	0000	12
		_ADC_To_Output 		CODE           	0606	0000	438
		_Hard          		CODE           	0B58	0000	222
		_ClearBuffer   		CODE           	0F6A	0000	60
		_UART_ISR      		CODE           	0008	0000	66
		_led           		CODE           	115E	0000	16
		_Timer2_ISR    		CODE           	0018	0000	104
		_ADC_Read_Avg  		CODE           	0E50	0000	156

main.c estimated size: 1308

C:\Program Files\Microchip\xc8\v3.00\pic\sources\c99\common\aldiv.c
		___aldiv       		CODE           	0964	0000	266

C:\Program Files\Microchip\xc8\v3.00\pic\sources\c99\common\aldiv.c estimated size: 266

C:\Program Files\Microchip\xc8\v3.00\pic\sources\c99\common\doprnt.c
		_vfpfcnvrt     		CODE           	07BC	0000	424
		_vfprintf      		CODE           	0FA6	0000	58

C:\Program Files\Microchip\xc8\v3.00\pic\sources\c99\common\doprnt.c estimated size: 482

